###############################################################################
#
# IAR ELF Linker V3.11.1.207 for STM8                     27/Nov/2021  20:33:01
# Copyright 2010-2019 IAR Systems AB.
#
#    Output file  =  
#        D:\lora_asr6505_pingpong\ChipMatrix_ASR6505\Projects\ClassA\EWSTM8\Debug\Exe\project.out
#    Map file     =  
#        D:\lora_asr6505_pingpong\ChipMatrix_ASR6505\Projects\ClassA\EWSTM8\Debug\List\project.map
#    Command line =  
#        -f C:\Users\ADMINI~1\AppData\Local\Temp\EW3533.tmp
#        (D:\lora_asr6505_pingpong\ChipMatrix_ASR6505\Projects\ClassA\EWSTM8\Debug\Obj\aes.o
#        D:\lora_asr6505_pingpong\ChipMatrix_ASR6505\Projects\ClassA\EWSTM8\Debug\Obj\board.o
#        D:\lora_asr6505_pingpong\ChipMatrix_ASR6505\Projects\ClassA\EWSTM8\Debug\Obj\cmac.o
#        D:\lora_asr6505_pingpong\ChipMatrix_ASR6505\Projects\ClassA\EWSTM8\Debug\Obj\delay-board.o
#        D:\lora_asr6505_pingpong\ChipMatrix_ASR6505\Projects\ClassA\EWSTM8\Debug\Obj\delay.o
#        D:\lora_asr6505_pingpong\ChipMatrix_ASR6505\Projects\ClassA\EWSTM8\Debug\Obj\gpio-board.o
#        D:\lora_asr6505_pingpong\ChipMatrix_ASR6505\Projects\ClassA\EWSTM8\Debug\Obj\gpio.o
#        D:\lora_asr6505_pingpong\ChipMatrix_ASR6505\Projects\ClassA\EWSTM8\Debug\Obj\LoRaMac.o
#        D:\lora_asr6505_pingpong\ChipMatrix_ASR6505\Projects\ClassA\EWSTM8\Debug\Obj\LoRaMacCrypto.o
#        D:\lora_asr6505_pingpong\ChipMatrix_ASR6505\Projects\ClassA\EWSTM8\Debug\Obj\main.o
#        D:\lora_asr6505_pingpong\ChipMatrix_ASR6505\Projects\ClassA\EWSTM8\Debug\Obj\radio.o
#        D:\lora_asr6505_pingpong\ChipMatrix_ASR6505\Projects\ClassA\EWSTM8\Debug\Obj\Region.o
#        D:\lora_asr6505_pingpong\ChipMatrix_ASR6505\Projects\ClassA\EWSTM8\Debug\Obj\RegionCN470.o
#        D:\lora_asr6505_pingpong\ChipMatrix_ASR6505\Projects\ClassA\EWSTM8\Debug\Obj\RegionCommon.o
#        D:\lora_asr6505_pingpong\ChipMatrix_ASR6505\Projects\ClassA\EWSTM8\Debug\Obj\spi-board.o
#        D:\lora_asr6505_pingpong\ChipMatrix_ASR6505\Projects\ClassA\EWSTM8\Debug\Obj\stm8_interrupt_vector.o
#        D:\lora_asr6505_pingpong\ChipMatrix_ASR6505\Projects\ClassA\EWSTM8\Debug\Obj\stm8l15x_aes.o
#        D:\lora_asr6505_pingpong\ChipMatrix_ASR6505\Projects\ClassA\EWSTM8\Debug\Obj\stm8l15x_clk.o
#        D:\lora_asr6505_pingpong\ChipMatrix_ASR6505\Projects\ClassA\EWSTM8\Debug\Obj\stm8l15x_dma.o
#        D:\lora_asr6505_pingpong\ChipMatrix_ASR6505\Projects\ClassA\EWSTM8\Debug\Obj\stm8l15x_exti.o
#        D:\lora_asr6505_pingpong\ChipMatrix_ASR6505\Projects\ClassA\EWSTM8\Debug\Obj\stm8l15x_flash.o
#        D:\lora_asr6505_pingpong\ChipMatrix_ASR6505\Projects\ClassA\EWSTM8\Debug\Obj\stm8l15x_gpio.o
#        D:\lora_asr6505_pingpong\ChipMatrix_ASR6505\Projects\ClassA\EWSTM8\Debug\Obj\stm8l15x_i2c.o
#        D:\lora_asr6505_pingpong\ChipMatrix_ASR6505\Projects\ClassA\EWSTM8\Debug\Obj\stm8l15x_it.o
#        D:\lora_asr6505_pingpong\ChipMatrix_ASR6505\Projects\ClassA\EWSTM8\Debug\Obj\stm8l15x_iwdg.o
#        D:\lora_asr6505_pingpong\ChipMatrix_ASR6505\Projects\ClassA\EWSTM8\Debug\Obj\stm8l15x_pwr.o
#        D:\lora_asr6505_pingpong\ChipMatrix_ASR6505\Projects\ClassA\EWSTM8\Debug\Obj\stm8l15x_rtc.o
#        D:\lora_asr6505_pingpong\ChipMatrix_ASR6505\Projects\ClassA\EWSTM8\Debug\Obj\stm8l15x_spi.o
#        D:\lora_asr6505_pingpong\ChipMatrix_ASR6505\Projects\ClassA\EWSTM8\Debug\Obj\stm8l15x_syscfg.o
#        D:\lora_asr6505_pingpong\ChipMatrix_ASR6505\Projects\ClassA\EWSTM8\Debug\Obj\stm8l15x_tim1.o
#        D:\lora_asr6505_pingpong\ChipMatrix_ASR6505\Projects\ClassA\EWSTM8\Debug\Obj\stm8l15x_tim2.o
#        D:\lora_asr6505_pingpong\ChipMatrix_ASR6505\Projects\ClassA\EWSTM8\Debug\Obj\stm8l15x_tim3.o
#        D:\lora_asr6505_pingpong\ChipMatrix_ASR6505\Projects\ClassA\EWSTM8\Debug\Obj\stm8l15x_tim4.o
#        D:\lora_asr6505_pingpong\ChipMatrix_ASR6505\Projects\ClassA\EWSTM8\Debug\Obj\stm8l15x_tim5.o
#        D:\lora_asr6505_pingpong\ChipMatrix_ASR6505\Projects\ClassA\EWSTM8\Debug\Obj\stm8l15x_usart.o
#        D:\lora_asr6505_pingpong\ChipMatrix_ASR6505\Projects\ClassA\EWSTM8\Debug\Obj\stm8l15x_wwdg.o
#        D:\lora_asr6505_pingpong\ChipMatrix_ASR6505\Projects\ClassA\EWSTM8\Debug\Obj\sx1262-board.o
#        D:\lora_asr6505_pingpong\ChipMatrix_ASR6505\Projects\ClassA\EWSTM8\Debug\Obj\sx126x.o
#        D:\lora_asr6505_pingpong\ChipMatrix_ASR6505\Projects\ClassA\EWSTM8\Debug\Obj\timer.o
#        D:\lora_asr6505_pingpong\ChipMatrix_ASR6505\Projects\ClassA\EWSTM8\Debug\Obj\utilities.o
#        --redirect _Printf=_PrintfFull --redirect _Scanf=_ScanfFullNoMb
#        --no_out_extension -o
#        D:\lora_asr6505_pingpong\ChipMatrix_ASR6505\Projects\ClassA\EWSTM8\Debug\Exe\project.out
#        --map
#        D:\lora_asr6505_pingpong\ChipMatrix_ASR6505\Projects\ClassA\EWSTM8\Debug\List\project.map
#        --config D:\IAR_STM8\stm8\config\lnkstm8l152m8.icf --config_def
#        _CSTACK_SIZE=0x100 --config_def _HEAP_SIZE=0x100
#        D:\lora_asr6505_pingpong\ChipMatrix_ASR6505\Projects\ClassA\EWSTM8\..\..\..\Libraries\asrlib\IAR\asrlib.a
#        --entry __iar_program_start --debug_lib)
#
###############################################################################

*******************************************************************************
*** RUNTIME MODEL ATTRIBUTES
***

__SystemLibrary            = DLib
__code_model               = medium_or_large
__core                     = stm8
__data_model               = medium
__dlib_file_descriptor     = 0
__dlib_full_locale_support = 0
__rt_version               = 4


*******************************************************************************
*** PLACEMENT SUMMARY
***

"A0":  place at start of [0x000000-0x0000ff] { rw section .vregs };
"A1":  place at end of [0x000000-0x000fff] { block CSTACK };
"P2":  place in [from 0x000000 to 0x000fff] {
          block HEAP, rw section __DLIB_PERTHREAD, rw section .far.bss,
          rw section .far.data, rw section .far.noinit,
          rw section .far_func.textrw, rw section .huge.bss,
          rw section .huge.data, rw section .huge.noinit,
          rw section .huge_func.textrw, rw section .iar.dynexit,
          rw section .near.bss, rw section .near.data, rw section .near.noinit,
          rw section .near_func.textrw };
"A2":  place at start of [0x008000-0x00ffff] { block INTVEC };
"P3":  place in [from 0x008000 to 0x00ffff] {
          ro section __DLIB_PERTHREAD_init, ro section .far.data_init,
          ro section .far_func.textrw_init, ro section .huge.data_init,
          ro section .huge_func.textrw_init, ro section .iar.init_table,
          ro section .init_array, ro section .near.data_init,
          ro section .near.rodata, ro section .near_func.text,
          ro section .near_func.textrw_init, ro section .tiny.data_init,
          ro section .tiny.rodata_init };
"P4":  place in [from 0x008000 to 0x00ffff repeat 2] {
          ro section .far.rodata, ro section .far_func.text };
do not initialize {
   rw section .eeprom.noinit, rw section .far.noinit, rw section .huge.noinit,
   rw section .near.noinit, rw section .tiny.noinit, rw section .vregs };
initialize by copy {
   rw section .far.bss, rw section .far.data, rw section .far_func.textrw,
   rw section .huge.bss, rw section .huge.data, rw section .huge_func.textrw,
   rw section .iar.dynexit, rw section .near.bss, rw section .near.data,
   rw section .near_func.textrw, rw section .tiny.bss, rw section .tiny.data,
   ro section .tiny.rodata };

No sections matched the following patterns:

  ro section .far.data_init          in "P3"
  ro section .far.rodata             in "P4"
  ro section .far_func.textrw_init   in "P3"
  ro section .huge.data_init         in "P3"
  ro section .huge.rodata            in "P5"
  ro section .huge_func.text         in "P5"
  ro section .huge_func.textrw_init  in "P3"
  ro section .iar.init_table         in "P3"
  ro section .init_array             in "P3"
  ro section .near_func.textrw_init  in "P3"
  ro section .tiny.data_init         in "P3"
  ro section .tiny.rodata_init       in "P3"
  ro section __DLIB_PERTHREAD_init   in "P3"
  rw section .far.bss                in "P2"
  rw section .far.data               in "P2"
  rw section .far.noinit             in "P2"
  rw section .far_func.textrw        in "P2"
  rw section .huge.bss               in "P2"
  rw section .huge.data              in "P2"
  rw section .huge.noinit            in "P2"
  rw section .huge_func.textrw       in "P2"
  rw section .iar.dynexit            in "P2"
  rw section .near.noinit            in "P2"
  rw section .near_func.textrw       in "P2"
  rw section .tiny.bss               in "P1"
  rw section .tiny.data              in "P1"
  rw section .tiny.noinit            in "P1"
  rw section .tiny.rodata            in "P1"
  rw section __DLIB_PERTHREAD        in "P2"
  section .eeprom.data               in "P6-P8"
  section .eeprom.noinit             in "P6-P8"
  section .eeprom.rodata             in "P6-P8"


  Section            Kind      Address    Size  Object
  -------            ----      -------    ----  ------
"A0":                                     0x10
  .vregs             uninit   0x000000    0x10  vregs.o [5]
                            - 0x000010    0x10

"P2", part 1 of 2:                        0xab
  P2-1                        0x000010    0xab  <Init block>
    .near.data       inited   0x000010     0x2  board.o [1]
    .near.data       inited   0x000012     0x2  board.o [1]
    .near.data       inited   0x000014     0x1  LoRaMac.o [1]
    .near.data       inited   0x000015     0x1  LoRaMac.o [1]
    .near.data       inited   0x000016     0x1  LoRaMac.o [1]
    .near.data       inited   0x000017    0x10  LoRaMacCrypto.o [1]
    .near.data       inited   0x000027    0x10  LoRaMacCrypto.o [1]
    .near.data       inited   0x000037     0x8  main.o [1]
    .near.data       inited   0x00003f     0x8  main.o [1]
    .near.data       inited   0x000047    0x10  main.o [1]
    .near.data       inited   0x000057     0x1  main.o [1]
    .near.data       inited   0x000058     0x1  main.o [1]
    .near.data       inited   0x000059     0x1  main.o [1]
    .near.data       inited   0x00005a     0x4  main.o [1]
    .near.data       inited   0x00005e     0x1  main.o [1]
    .near.data       inited   0x00005f    0x48  radio.o [1]
    .near.data       inited   0x0000a7     0x1  radio.o [1]
    .near.data       inited   0x0000a8     0xf  RegionCN470.o [1]
    .near.data       inited   0x0000b7     0x4  utilities.o [1]
                            - 0x0000bb    0xab

"P2", part 2 of 2:                       0x922
  .near.bss          zero     0x0000bb   0x115  LoRaMacCrypto.o [1]
  .near.bss          zero     0x0001d0    0xff  LoRaMac.o [1]
  .near.bss          zero     0x0002cf    0xff  LoRaMac.o [1]
  .near.bss          zero     0x0003ce    0xff  radio.o [1]
  .near.bss          zero     0x0004cd    0xf1  LoRaMacCrypto.o [1]
  .near.bss          zero     0x0005be    0x80  LoRaMac.o [1]
  .near.bss          zero     0x00063e    0x80  LoRaMac.o [1]
  .near.bss          zero     0x0006be    0x80  radio.o [1]
  .near.bss          zero     0x00073e    0x30  gpio-board.o [1]
  .near.bss          zero     0x00076e    0x2c  LoRaMac.o [1]
  .near.bss          zero     0x00079a    0x2c  LoRaMac.o [1]
  .near.bss          zero     0x0007c6    0x15  LoRaMac.o [1]
  .near.bss          zero     0x0007db    0x14  LoRaMac.o [1]
  .near.bss          zero     0x0007ef    0x14  LoRaMac.o [1]
  .near.bss          zero     0x000803    0x13  LoRaMac.o [1]
  .near.bss          zero     0x000816    0x12  LoRaMac.o [1]
  .near.bss          zero     0x000828    0x10  LoRaMac.o [1]
  .near.bss          zero     0x000838    0x10  LoRaMac.o [1]
  .near.bss          zero     0x000848    0x10  LoRaMacCrypto.o [1]
  .near.bss          zero     0x000858    0x10  LoRaMacCrypto.o [1]
  .near.bss          zero     0x000868    0x10  main.o [1]
  .near.bss          zero     0x000878     0xf  radio.o [1]
  .near.bss          zero     0x000887     0xe  board.o [1]
  .near.bss          zero     0x000895     0xe  LoRaMac.o [1]
  .near.bss          zero     0x0008a3     0xe  LoRaMac.o [1]
  .near.bss          zero     0x0008b1     0xe  LoRaMac.o [1]
  .near.bss          zero     0x0008bf     0xe  LoRaMac.o [1]
  .near.bss          zero     0x0008cd     0xe  LoRaMac.o [1]
  .near.bss          zero     0x0008db     0xe  main.o [1]
  .near.bss          zero     0x0008e9     0xe  radio.o [1]
  .near.bss          zero     0x0008f7     0xe  radio.o [1]
  .near.bss          zero     0x000905     0xc  RegionCN470.o [1]
  .near.bss          zero     0x000911     0xc  RegionCN470.o [1]
  .near.bss          zero     0x00091d     0xc  rtc-board.o [3]
  .near.bss          zero     0x000929     0x9  sx1262-board.o [1]
  .near.bss          zero     0x000932     0x8  LoRaMac.o [1]
  .near.bss          zero     0x00093a     0x7  rtc-board.o [3]
  .near.bss          zero     0x000941     0x4  LoRaMac.o [1]
  .near.bss          zero     0x000945     0x4  LoRaMac.o [1]
  .near.bss          zero     0x000949     0x4  LoRaMac.o [1]
  .near.bss          zero     0x00094d     0x4  LoRaMac.o [1]
  .near.bss          zero     0x000951     0x4  LoRaMac.o [1]
  .near.bss          zero     0x000955     0x4  LoRaMac.o [1]
  .near.bss          zero     0x000959     0x4  LoRaMac.o [1]
  .near.bss          zero     0x00095d     0x4  LoRaMac.o [1]
  .near.bss          zero     0x000961     0x4  LoRaMac.o [1]
  .near.bss          zero     0x000965     0x4  LoRaMac.o [1]
  .near.bss          zero     0x000969     0x4  LoRaMac.o [1]
  .near.bss          zero     0x00096d     0x4  LoRaMac.o [1]
  .near.bss          zero     0x000971     0x4  radio.o [1]
  .near.bss          zero     0x000975     0x4  radio.o [1]
  .near.bss          zero     0x000979     0x4  sx126x.o [1]
  .near.bss          zero     0x00097d     0x4  rtc-board.o [3]
  .near.bss          zero     0x000981     0x4  rtc-board.o [3]
  .near.bss          zero     0x000985     0x4  rtc-board.o [3]
  .near.bss          zero     0x000989     0x4  rtc-board.o [3]
  .near.bss          zero     0x00098d     0x4  rtc-board.o [3]
  .near.bss          zero     0x000991     0x2  LoRaMac.o [1]
  .near.bss          zero     0x000993     0x2  LoRaMac.o [1]
  .near.bss          zero     0x000995     0x2  LoRaMac.o [1]
  .near.bss          zero     0x000997     0x2  LoRaMac.o [1]
  .near.bss          zero     0x000999     0x2  LoRaMac.o [1]
  .near.bss          zero     0x00099b     0x2  LoRaMac.o [1]
  .near.bss          zero     0x00099d     0x2  LoRaMac.o [1]
  .near.bss          zero     0x00099f     0x2  LoRaMac.o [1]
  .near.bss          zero     0x0009a1     0x2  LoRaMac.o [1]
  .near.bss          zero     0x0009a3     0x2  radio.o [1]
  .near.bss          zero     0x0009a5     0x2  radio.o [1]
  .near.bss          zero     0x0009a7     0x2  spi-board.o [1]
  .near.bss          zero     0x0009a9     0x2  spi-board.o [1]
  .near.bss          zero     0x0009ab     0x2  spi-board.o [1]
  .near.bss          zero     0x0009ad     0x2  spi-board.o [1]
  .near.bss          zero     0x0009af     0x2  spi-board.o [1]
  .near.bss          zero     0x0009b1     0x2  timer.o [1]
  .near.bss          zero     0x0009b3     0x2  errno.o [5]
  .near.bss          zero     0x0009b5     0x1  board.o [1]
  .near.bss          zero     0x0009b6     0x1  board.o [1]
  .near.bss          zero     0x0009b7     0x1  LoRaMac.o [1]
  .near.bss          zero     0x0009b8     0x1  LoRaMac.o [1]
  .near.bss          zero     0x0009b9     0x1  LoRaMac.o [1]
  .near.bss          zero     0x0009ba     0x1  LoRaMac.o [1]
  .near.bss          zero     0x0009bb     0x1  LoRaMac.o [1]
  .near.bss          zero     0x0009bc     0x1  LoRaMac.o [1]
  .near.bss          zero     0x0009bd     0x1  LoRaMac.o [1]
  .near.bss          zero     0x0009be     0x1  LoRaMac.o [1]
  .near.bss          zero     0x0009bf     0x1  LoRaMac.o [1]
  .near.bss          zero     0x0009c0     0x1  LoRaMac.o [1]
  .near.bss          zero     0x0009c1     0x1  LoRaMac.o [1]
  .near.bss          zero     0x0009c2     0x1  LoRaMac.o [1]
  .near.bss          zero     0x0009c3     0x1  LoRaMac.o [1]
  .near.bss          zero     0x0009c4     0x1  LoRaMac.o [1]
  .near.bss          zero     0x0009c5     0x1  LoRaMac.o [1]
  .near.bss          zero     0x0009c6     0x1  LoRaMac.o [1]
  .near.bss          zero     0x0009c7     0x1  LoRaMac.o [1]
  .near.bss          zero     0x0009c8     0x1  LoRaMac.o [1]
  .near.bss          zero     0x0009c9     0x1  LoRaMac.o [1]
  .near.bss          zero     0x0009ca     0x1  LoRaMac.o [1]
  .near.bss          zero     0x0009cb     0x1  LoRaMac.o [1]
  .near.bss          zero     0x0009cc     0x1  LoRaMac.o [1]
  .near.bss          zero     0x0009cd     0x1  LoRaMac.o [1]
  .near.bss          zero     0x0009ce     0x1  main.o [1]
  .near.bss          zero     0x0009cf     0x1  radio.o [1]
  .near.bss          zero     0x0009d0     0x1  radio.o [1]
  .near.bss          zero     0x0009d1     0x1  spi-board.o [1]
  .near.bss          zero     0x0009d2     0x1  sx1262-board.o [1]
  .near.bss          zero     0x0009d3     0x1  sx126x.o [1]
  .near.bss          zero     0x0009d4     0x1  sx126x.o [1]
  .near.bss          zero     0x0009d5     0x1  sx126x.o [1]
  .near.bss          zero     0x0009d6     0x1  timer.o [1]
  .near.bss          zero     0x0009d7     0x1  rtc-board.o [3]
  .near.bss          zero     0x0009d8     0x1  rtc-board.o [3]
  .near.bss          zero     0x0009d9     0x1  rtc-board.o [3]
  .near.bss          zero     0x0009da     0x1  rtc-board.o [3]
  .near.bss          zero     0x0009db     0x1  rtc-board.o [3]
  .near.bss          zero     0x0009dc     0x1  rtc-board.o [3]
                            - 0x0009dd   0x922

"A1":                                    0x100
  CSTACK                      0x000f00   0x100  <Block>
    CSTACK           uninit   0x000f00   0x100  <Block tail>
                            - 0x001000   0x100

"A2":                                     0x80
  INTVEC                      0x008000    0x80  <Block>
    .intvec          const    0x008000    0x80  interrupt.o [5]
                            - 0x008080    0x80

"P3":                                    0x6f6
  .near.rodata       const    0x008080   0x100  aes.o [1]
  .near.rodata       const    0x008180   0x100  aes.o [1]
  .near.rodata       const    0x008280   0x100  aes.o [1]
  Initializer bytes  const    0x008380    0xab  <for P2-1>
  .near.rodata       const    0x00842b    0x6e  radio.o [1]
  .near.rodata       const    0x008499    0x60  RegionCN470.o [1]
  .near.rodata       const    0x0084f9    0x51  radio.o [1]
  .near_func.text    const    0x00854a    0x3c  xprintffull.o [5]
  .near.rodata       const    0x008586    0x3b  main.o [1]
  .iar.init_table    const    0x0085c1    0x14  - Linker created -
  .near.rodata       const    0x0085d5    0x1e  RegionCN470.o [1]
  .near.rodata       const    0x0085f3    0x1e  RegionCN470.o [1]
  .near.rodata       const    0x008611    0x18  LoRaMac.o [1]
  .near.rodata       const    0x008629    0x18  RegionCN470.o [1]
  .near.rodata       const    0x008641    0x13  main.o [1]
  .near.rodata       const    0x008654    0x10  LoRaMac.o [1]
  .near.rodata       const    0x008664    0x10  LoRaMac.o [1]
  .near.rodata       const    0x008674     0xf  LoRaMac.o [1]
  .near.rodata       const    0x008683     0xe  main.o [1]
  .near.rodata       const    0x008691     0xc  LoRaMac.o [1]
  .near.rodata       const    0x00869d     0xc  RegionCN470.o [1]
  .near.rodata       const    0x0086a9     0xc  rtc-board.o [3]
  .near.rodata       const    0x0086b5     0xc  rtc-board.o [3]
  .near.rodata       const    0x0086c1     0xb  main.o [1]
  .near.rodata       const    0x0086cc     0xa  LoRaMac.o [1]
  .near.rodata       const    0x0086d6     0xa  LoRaMac.o [1]
  .near.rodata       const    0x0086e0     0xa  main.o [1]
  .near.rodata       const    0x0086ea     0xa  main.o [1]
  .near.rodata       const    0x0086f4     0x9  main.o [1]
  .near.rodata       const    0x0086fd     0x9  sx126x.o [1]
  .near.rodata       const    0x008706     0x8  radio.o [1]
  .near.rodata       const    0x00870e     0x8  radio.o [1]
  .near.rodata       const    0x008716     0x8  sx126x.o [1]
  .near.rodata       const    0x00871e     0x7  xprintffull.o [5]
  .near.rodata       const    0x008725     0x6  LoRaMac.o [1]
  .near.rodata       const    0x00872b     0x6  RegionCN470.o [1]
  .near.rodata       const    0x008731     0x6  RegionCN470.o [1]
  .near.rodata       const    0x008737     0x6  RegionCN470.o [1]
  .near.rodata       const    0x00873d     0x5  stm8l15x_clk.o [1]
  .near.rodata       const    0x008742     0x4  Region.o [1]
  .near.rodata       const    0x008746     0x4  RegionCN470.o [1]
  .near.rodata       const    0x00874a     0x4  rtc-board.o [3]
  .near.rodata       const    0x00874e     0x4  rtc-board.o [3]
  .near.rodata       const    0x008752     0x4  rtc-board.o [3]
  .near.rodata       const    0x008756     0x4  xprintffull.o [5]
  .near.rodata       const    0x00875a     0x4  xprintffull.o [5]
  .near.rodata       const    0x00875e     0x4  xprintffull.o [5]
  .near.rodata       const    0x008762     0x4  xprintffull.o [5]
  .near.rodata       const    0x008766     0x3  LoRaMac.o [1]
  .near.rodata       const    0x008769     0x3  radio.o [1]
  .near.rodata       const    0x00876c     0x2  rtc-board.o [3]
  .near.rodata       const    0x00876e     0x2  xprintffull.o [5]
  .near.rodata       const    0x008770     0x1  board.o [1]
  .near.rodata       const    0x008771     0x1  board.o [1]
  .near.rodata       const    0x008772     0x1  board.o [1]
  .near.rodata       const    0x008773     0x1  radio.o [1]
  .near.rodata       const    0x008774     0x1  rtc-board.o [3]
  .near.rodata       const    0x008775     0x1  rtc-board.o [3]
                            - 0x008776   0x6f6

"P4", part 1 of 2:                      0x6026
  .far_func.text     ro code  0x008776  0x14e0  LoRaMac.o [1]
  .far_func.text     ro code  0x009c56   0x6a0  LoRaMac.o [1]
  .far_func.text     ro code  0x00a2f6   0x50d  float.o [5]
  .far_func.text     ro code  0x00a803   0x47a  xprintffull.o [5]
  .far_func.text     ro code  0x00ac7d   0x477  xprintffull.o [5]
  .far_func.text     ro code  0x00b0f4   0x3b0  xprintffull.o [5]
  .far_func.text     ro code  0x00b4a4   0x383  LoRaMac.o [1]
  .far_func.text     ro code  0x00b827   0x374  pow.o [5]
  .far_func.text     ro code  0x00bb9b   0x277  long.o [5]
  .far_func.text     ro code  0x00be12   0x26b  xexp.o [5]
  .far_func.text     ro code  0x00c07d   0x24a  aes.o [1]
  .far_func.text     ro code  0x00c2c7   0x23b  vreg_util.o [5]
  .far_func.text     ro code  0x00c502   0x215  LoRaMacCrypto.o [1]
  .far_func.text     ro code  0x00c717   0x1e1  main.o [1]
  .far_func.text     ro code  0x00c8f8   0x1ca  rtc-board.o [3]
  .far_func.text     ro code  0x00cac2   0x1aa  rtc-board.o [3]
  .far_func.text     ro code  0x00cc6c   0x1a9  radio.o [1]
  .far_func.text     ro code  0x00ce15   0x18d  radio.o [1]
  .far_func.text     ro code  0x00cfa2   0x182  RegionCN470.o [1]
  .far_func.text     ro code  0x00d124   0x182  float_libsup.o [5]
  .far_func.text     ro code  0x00d2a6   0x181  xprintffull.o [5]
  .far_func.text     ro code  0x00d427   0x16b  radio.o [1]
  .far_func.text     ro code  0x00d592   0x16a  cmac.o [1]
  .far_func.text     ro code  0x00d6fc   0x16a  spi-board.o [1]
  .far_func.text     ro code  0x00d866   0x169  RegionCN470.o [1]
  .far_func.text     ro code  0x00d9cf   0x14e  radio.o [1]
  .far_func.text     ro code  0x00db1d   0x14b  aes.o [1]
  .far_func.text     ro code  0x00dc68   0x143  sx126x.o [1]
  .far_func.text     ro code  0x00ddab   0x13d  cmac.o [1]
  .far_func.text     ro code  0x00dee8   0x139  LoRaMac.o [1]
  .far_func.text     ro code  0x00e021   0x12a  radio.o [1]
  .far_func.text     ro code  0x00e14b   0x11f  gpio-board.o [1]
  .far_func.text     ro code  0x00e26a   0x118  RegionCommon.o [1]
  .far_func.text     ro code  0x00e382   0x10e  board.o [1]
  .far_func.text     ro code  0x00e490   0x106  RegionCN470.o [1]
  .far_func.text     ro code  0x00e596   0x104  RegionCommon.o [1]
  .far_func.text     ro code  0x00e69a   0x102  RegionCN470.o [1]
                            - 0x00e79c  0x6026

"P4", part 2 of 2:                      0x428e
  .far_func.text     ro code  0x010000   0x100  stm8l15x_rtc.o [1]
  .far_func.text     ro code  0x010100    0xff  aes.o [1]
  .far_func.text     ro code  0x0101ff    0xe6  LoRaMac.o [1]
  .far_func.text     ro code  0x0102e5    0xe6  rtc-board.o [3]
  .far_func.text     ro code  0x0103cb    0xdd  RegionCommon.o [1]
  .far_func.text     ro code  0x0104a8    0xd4  long_util.o [5]
  .far_func.text     ro code  0x01057c    0xd1  RegionCN470.o [1]
  .far_func.text     ro code  0x01064d    0xd1  sx126x.o [1]
  .far_func.text     ro code  0x01071e    0xcb  aes.o [1]
  .far_func.text     ro code  0x0107e9    0xc9  stm8l15x_rtc.o [1]
  .far_func.text     ro code  0x0108b2    0xc9  xdint.o [5]
  .far_func.text     ro code  0x01097b    0xc7  stm8l15x_rtc.o [1]
  .far_func.text     ro code  0x010a42    0xc4  gpio-board.o [1]
  .far_func.text     ro code  0x010b06    0xc3  sx126x.o [1]
  .far_func.text     ro code  0x010bc9    0xbd  LoRaMac.o [1]
  .far_func.text     ro code  0x010c86    0xb5  timer.o [1]
  .far_func.text     ro code  0x010d3b    0xb3  RegionCommon.o [1]
  .far_func.text     ro code  0x010dee    0xa5  aes.o [1]
  .far_func.text     ro code  0x010e93    0xa5  aes.o [1]
  .far_func.text     ro code  0x010f38    0xa4  sx126x.o [1]
  .far_func.text     ro code  0x010fdc    0xa2  stm8l15x_exti.o [1]
  .far_func.text     ro code  0x01107e    0xa1  timer.o [1]
  .far_func.text     ro code  0x01111f    0x9f  LoRaMac.o [1]
  .far_func.text     ro code  0x0111be    0x9f  rtc-board.o [3]
  .far_func.text     ro code  0x01125d    0x97  RegionCN470.o [1]
  .far_func.text     ro code  0x0112f4    0x96  RegionCN470.o [1]
  .far_func.text     ro code  0x01138a    0x96  timer.o [1]
  .far_func.text     ro code  0x011420    0x95  RegionCN470.o [1]
  .far_func.text     ro code  0x0114b5    0x94  LoRaMacCrypto.o [1]
  .far_func.text     ro code  0x011549    0x90  RegionCN470.o [1]
  .far_func.text     ro code  0x0115d9    0x88  sx126x.o [1]
  .far_func.text     ro code  0x011661    0x86  timer.o [1]
  .far_func.text     ro code  0x0116e7    0x84  spi-board.o [1]
  .far_func.text     ro code  0x01176b    0x82  stm8l15x_usart.o [1]
  .far_func.text     ro code  0x0117ed    0x81  stm8l15x_clk.o [1]
  .far_func.text     ro code  0x01186e    0x7f  sx126x.o [1]
  .far_func.text     ro code  0x0118ed    0x76  board.o [1]
  .far_func.text     ro code  0x011963    0x76  rtc-board.o [3]
  .far_func.text     ro code  0x0119d9    0x71  aes.o [1]
  .far_func.text     ro code  0x011a4a    0x71  RegionCommon.o [1]
  .far_func.text     ro code  0x011abb    0x64  stm8l15x_gpio.o [1]
  .far_func.text     ro code  0x011b1f    0x62  rtc-board.o [3]
  .far_func.text     ro code  0x011b81    0x61  rtc-board.o [3]
  .far_func.text     ro code  0x011be2    0x60  rtc-board.o [3]
  .far_func.text     ro code  0x011c42    0x5f  main.o [1]
  .far_func.text     ro code  0x011ca1    0x5f  radio.o [1]
  .far_func.text     ro code  0x011d00    0x5f  stm8l15x_clk.o [1]
  .far_func.text     ro code  0x011d5f    0x5e  far_util.o [5]
  .far_func.text     ro code  0x011dbd    0x5e  short.o [5]
  .far_func.text     ro code  0x011e1b    0x5d  radio.o [1]
  .far_func.text     ro code  0x011e78    0x5c  LoRaMac.o [1]
  .far_func.text     ro code  0x011ed4    0x5b  rtc-board.o [3]
  .far_func.text     ro code  0x011f2f    0x5a  RegionCommon.o [1]
  .far_func.text     ro code  0x011f89    0x58  dc_util.o [5]
  .far_func.text     ro code  0x011fe1    0x55  main.o [1]
  .far_func.text     ro code  0x012036    0x55  stm8l15x_rtc.o [1]
  .far_func.text     ro code  0x01208b    0x53  LoRaMac.o [1]
  .far_func.text     ro code  0x0120de    0x52  sx126x.o [1]
  .far_func.text     ro code  0x012130    0x51  sx1262-board.o [1]
  .far_func.text     ro code  0x012181    0x51  xprintffull.o [5]
  .far_func.text     ro code  0x0121d2    0x50  main.o [1]
  .far_func.text     ro code  0x012222    0x4f  LoRaMac.o [1]
  .far_func.text     ro code  0x012271    0x4f  LoRaMac.o [1]
  .far_func.text     ro code  0x0122c0    0x4f  utilities.o [1]
  .far_func.text     ro code  0x01230f    0x4d  LoRaMacCrypto.o [1]
  .far_func.text     ro code  0x01235c    0x4c  main.o [1]
  .far_func.text     ro code  0x0123a8    0x4c  spi-board.o [1]
  .far_func.text     ro code  0x0123f4    0x4b  board.o [1]
  .far_func.text     ro code  0x01243f    0x4a  main.o [1]
  .far_func.text     ro code  0x012489    0x4a  radio.o [1]
  .far_func.text     ro code  0x0124d3    0x4a  RegionCN470.o [1]
  .far_func.text     ro code  0x01251d    0x49  stm8l15x_syscfg.o [1]
  .far_func.text     ro code  0x012566    0x49  xprintffull.o [5]
  .far_func.text     ro code  0x0125af    0x48  RegionCN470.o [1]
  .far_func.text     ro code  0x0125f7    0x46  ceil.o [5]
  .far_func.text     ro code  0x01263d    0x46  floor.o [5]
  .far_func.text     ro code  0x012683    0x45  sx126x.o [1]
  .far_func.text     ro code  0x0126c8    0x3f  stm8l15x_rtc.o [1]
  .far_func.text     ro code  0x012707    0x3e  xprintffull.o [5]
  .far_func.text     ro code  0x012745    0x3d  xprintffull.o [5]
  .far_func.text     ro code  0x012782    0x3a  RegionCommon.o [1]
  .far_func.text     ro code  0x0127bc    0x3a  stm8l15x_rtc.o [1]
  .far_func.text     ro code  0x0127f6    0x3a  sx1262-board.o [1]
  .far_func.text     ro code  0x012830    0x3a  sx1262-board.o [1]
  .far_func.text     ro code  0x01286a    0x3a  timer.o [1]
  .far_func.text     ro code  0x0128a4    0x39  RegionCN470.o [1]
  .far_func.text     ro code  0x0128dd    0x39  stm8l15x_clk.o [1]
  .far_func.text     ro code  0x012916    0x39  stm8l15x_rtc.o [1]
  .far_func.text     ro code  0x01294f    0x37  stm8l15x_rtc.o [1]
  .far_func.text     ro code  0x012986    0x36  delay-board.o [1]
  .far_func.text     ro code  0x0129bc    0x36  sx1262-board.o [1]
  .far_func.text     ro code  0x0129f2    0x35  gpio-board.o [1]
  .far_func.text     ro code  0x012a27    0x34  sx126x.o [1]
  .far_func.text     ro code  0x012a5b    0x34  div.o [5]
  .far_func.text     ro code  0x012a8f    0x33  stm8l15x_rtc.o [1]
  .far_func.text     ro code  0x012ac2    0x33  sx1262-board.o [1]
  .far_func.text     ro code  0x012af5    0x33  sx126x.o [1]
  .far_func.text     ro code  0x012b28    0x32  cmac.o [1]
  .far_func.text     ro code  0x012b5a    0x32  sx1262-board.o [1]
  .far_func.text     ro code  0x012b8c    0x32  sx126x.o [1]
  .far_func.text     ro code  0x012bbe    0x31  LoRaMac.o [1]
  .far_func.text     ro code  0x012bef    0x31  rtc-board.o [3]
  .far_func.text     ro code  0x012c20    0x30  stm8l15x_spi.o [1]
  .far_func.text     ro code  0x012c50    0x30  sx1262-board.o [1]
  .far_func.text     ro code  0x012c80    0x2f  RegionCommon.o [1]
  .far_func.text     ro code  0x012caf    0x2e  board.o [1]
  .far_func.text     ro code  0x012cdd    0x2e  radio.o [1]
  .far_func.text     ro code  0x012d0b    0x2e  radio.o [1]
  .far_func.text     ro code  0x012d39    0x2e  sx126x.o [1]
  .far_func.text     ro code  0x012d67    0x2e  xprintffull.o [5]
  .far_func.text     ro code  0x012d95    0x2d  sx126x.o [1]
  .far_func.text     ro code  0x012dc2    0x2c  LoRaMac.o [1]
  .far_func.text     ro code  0x012dee    0x2c  timer.o [1]
  .far_func.text     ro code  0x012e1a    0x2b  RegionCN470.o [1]
  .far_func.text     ro code  0x012e45    0x2b  sx1262-board.o [1]
  .far_func.text     ro code  0x012e70    0x2b  rtc-board.o [3]
  .far_func.text     ro code  0x012e9b    0x2a  timer.o [1]
  .far_func.text     ro code  0x012ec5    0x29  radio.o [1]
  .far_func.text     ro code  0x012eee    0x29  RegionCommon.o [1]
  .far_func.text     ro code  0x012f17    0x29  sx1262-board.o [1]
  .far_func.text     ro code  0x012f40    0x28  radio.o [1]
  .far_func.text     ro code  0x012f68    0x28  init_small.o [5]
  .far_func.text     ro code  0x012f90    0x27  utilities.o [1]
  .far_func.text     ro code  0x012fb7    0x25  RegionCN470.o [1]
  .far_func.text     ro code  0x012fdc    0x25  move.o [5]
  .far_func.text     ro code  0x013001    0x25  xlog.o [5]
  .far_func.text     ro code  0x013026    0x24  board.o [1]
  .far_func.text     ro code  0x01304a    0x24  gpio-board.o [1]
  .far_func.text     ro code  0x01306e    0x24  radio.o [1]
  .far_func.text     ro code  0x013092    0x24  sx1262-board.o [1]
  .far_func.text     ro code  0x0130b6    0x24  utilities.o [1]
  .far_func.text     ro code  0x0130da    0x24  printf.o [5]
  .far_func.text     ro code  0x0130fe    0x23  stm8l15x_usart.o [1]
  .far_func.text     ro code  0x013121    0x22  sx1262-board.o [1]
  .far_func.text     ro code  0x013143    0x22  rtc-board.o [3]
  .far_func.text     ro code  0x013165    0x21  gpio-board.o [1]
  .far_func.text     ro code  0x013186    0x21  memchr.o [5]
  .far_func.text     ro code  0x0131a7    0x20  stm8l15x_it.o [1]
  .far_func.text     ro code  0x0131c7    0x20  memcpy.o [5]
  .far_func.text     ro code  0x0131e7    0x1f  LoRaMac.o [1]
  .far_func.text     ro code  0x013206    0x1f  xprout.o [5]
  .far_func.text     ro code  0x013225    0x1e  radio.o [1]
  .far_func.text     ro code  0x013243    0x1e  stm8l15x_rtc.o [1]
  .far_func.text     ro code  0x013261    0x1e  stm8l15x_rtc.o [1]
  .far_func.text     ro code  0x01327f    0x1e  sx1262-board.o [1]
  .far_func.text     ro code  0x01329d    0x1e  sx126x.o [1]
  .far_func.text     ro code  0x0132bb    0x1e  rtc-board.o [3]
  .far_func.text     ro code  0x0132d9    0x1e  rtc-board.o [3]
  .far_func.text     ro code  0x0132f7    0x1e  init.o [5]
  .far_func.text     ro code  0x013315    0x1e  init_small.o [5]
  .far_func.text     ro code  0x013333    0x1d  LoRaMac.o [1]
  .far_func.text     ro code  0x013350    0x1d  spi-board.o [1]
  .far_func.text     ro code  0x01336d    0x1d  stm8l15x_usart.o [1]
  .far_func.text     ro code  0x01338a    0x1d  sx126x.o [1]
  .far_func.text     ro code  0x0133a7    0x1c  RegionCN470.o [1]
  .far_func.text     ro code  0x0133c3    0x1c  stm8l15x_it.o [1]
  .far_func.text     ro code  0x0133df    0x1c  stm8l15x_it.o [1]
  .far_func.text     ro code  0x0133fb    0x1c  stm8l15x_it.o [1]
  .far_func.text     ro code  0x013417    0x1c  stm8l15x_it.o [1]
  .far_func.text     ro code  0x013433    0x1c  stm8l15x_it.o [1]
  .far_func.text     ro code  0x01344f    0x1c  stm8l15x_it.o [1]
  .far_func.text     ro code  0x01346b    0x1c  stm8l15x_it.o [1]
  .far_func.text     ro code  0x013487    0x1c  stm8l15x_rtc.o [1]
  .far_func.text     ro code  0x0134a3    0x1c  stm8l15x_rtc.o [1]
  .far_func.text     ro code  0x0134bf    0x1c  sx126x.o [1]
  .far_func.text     ro code  0x0134db    0x1c  timer.o [1]
  .far_func.text     ro code  0x0134f7    0x1c  timer.o [1]
  .far_func.text     ro code  0x013513    0x1b  radio.o [1]
  .far_func.text     ro code  0x01352e    0x1b  radio.o [1]
  .far_func.text     ro code  0x013549    0x1b  stm8l15x_it.o [1]
  .far_func.text     ro code  0x013564    0x1b  sx126x.o [1]
  .far_func.text     ro code  0x01357f    0x1a  LoRaMac.o [1]
  .far_func.text     ro code  0x013599    0x1a  Region.o [1]
  .far_func.text     ro code  0x0135b3    0x1a  stm8l15x_flash.o [1]
  .far_func.text     ro code  0x0135cd    0x1a  sx126x.o [1]
  .far_func.text     ro code  0x0135e7    0x1a  utilities.o [1]
  .far_func.text     ro code  0x013601    0x19  cmac.o [1]
  .far_func.text     ro code  0x01361a    0x19  stm8l15x_spi.o [1]
  .far_func.text     ro code  0x013633    0x18  board.o [1]
  .far_func.text     ro code  0x01364b    0x18  RegionCN470.o [1]
  .far_func.text     ro code  0x013663    0x18  RegionCommon.o [1]
  .far_func.text     ro code  0x01367b    0x18  stm8l15x_rtc.o [1]
  .far_func.text     ro code  0x013693    0x18  sx1262-board.o [1]
  .far_func.text     ro code  0x0136ab    0x17  gpio-board.o [1]
  .far_func.text     ro code  0x0136c2    0x17  stm8l15x_rtc.o [1]
  .far_func.text     ro code  0x0136d9    0x17  sx1262-board.o [1]
  .far_func.text     ro code  0x0136f0    0x17  sx126x.o [1]
  .far_func.text     ro code  0x013707    0x17  sx126x.o [1]
  .far_func.text     ro code  0x01371e    0x17  sx126x.o [1]
  .far_func.text     ro code  0x013735    0x17  cstartup.o [5]
  .far_func.text     ro code  0x01374c    0x16  Region.o [1]
  .far_func.text     ro code  0x013762    0x16  stm8l15x_rtc.o [1]
  .far_func.text     ro code  0x013778    0x16  rtc-board.o [3]
  .far_func.text     ro code  0x01378e    0x16  memset.o [5]
  .far_func.text     ro code  0x0137a4    0x16  __dbg_xxexit.o [4]
  .far_func.text     ro code  0x0137ba    0x15  cmac.o [1]
  .far_func.text     ro code  0x0137cf    0x15  RegionCN470.o [1]
  .far_func.text     ro code  0x0137e4    0x15  RegionCommon.o [1]
  .far_func.text     ro code  0x0137f9    0x15  stm8l15x_gpio.o [1]
  .far_func.text     ro code  0x01380e    0x15  stm8l15x_rtc.o [1]
  .far_func.text     ro code  0x013823    0x15  stm8l15x_rtc.o [1]
  .far_func.text     ro code  0x013838    0x15  sx1262-board.o [1]
  .far_func.text     ro code  0x01384d    0x15  sx126x.o [1]
  .far_func.text     ro code  0x013862    0x15  xprintffull.o [5]
  .far_func.text     ro code  0x013877    0x15  strchr.o [5]
  .far_func.text     ro code  0x01388c    0x14  gpio-board.o [1]
  .far_func.text     ro code  0x0138a0    0x14  RegionCN470.o [1]
  .far_func.text     ro code  0x0138b4    0x13  LoRaMacCrypto.o [1]
  .far_func.text     ro code  0x0138c7    0x13  radio.o [1]
  .far_func.text     ro code  0x0138da    0x13  stm8l15x_clk.o [1]
  .far_func.text     ro code  0x0138ed    0x13  stm8l15x_spi.o [1]
  .far_func.text     ro code  0x013900    0x13  sx1262-board.o [1]
  .far_func.text     ro code  0x013913    0x13  sx126x.o [1]
  .far_func.text     ro code  0x013926    0x13  utilities.o [1]
  .far_func.text     ro code  0x013939    0x12  LoRaMac.o [1]
  .far_func.text     ro code  0x01394b    0x12  radio.o [1]
  .far_func.text     ro code  0x01395d    0x12  stm8l15x_gpio.o [1]
  .far_func.text     ro code  0x01396f    0x11  cmac.o [1]
  .far_func.text     ro code  0x013980    0x11  LoRaMac.o [1]
  .far_func.text     ro code  0x013991    0x11  LoRaMacCrypto.o [1]
  .far_func.text     ro code  0x0139a2    0x11  Region.o [1]
  .far_func.text     ro code  0x0139b3    0x11  RegionCommon.o [1]
  .far_func.text     ro code  0x0139c4    0x11  stm8l15x_rtc.o [1]
  .far_func.text     ro code  0x0139d5    0x11  stm8l15x_rtc.o [1]
  .far_func.text     ro code  0x0139e6    0x11  stm8l15x_rtc.o [1]
  .far_func.text     ro code  0x0139f7    0x11  sx1262-board.o [1]
  .far_func.text     ro code  0x013a08    0x11  sx1262-board.o [1]
  .far_func.text     ro code  0x013a19    0x11  sx126x.o [1]
  .far_func.text     ro code  0x013a2a    0x10  radio.o [1]
  .far_func.text     ro code  0x013a3a    0x10  stm8l15x_usart.o [1]
  .far_func.text     ro code  0x013a4a    0x10  sx1262-board.o [1]
  .far_func.text     ro code  0x013a5a    0x10  sx1262-board.o [1]
  .far_func.text     ro code  0x013a6a    0x10  sx126x.o [1]
  .far_func.text     ro code  0x013a7a    0x10  sx126x.o [1]
  .far_func.text     ro code  0x013a8a     0xf  LoRaMac.o [1]
  .far_func.text     ro code  0x013a99     0xf  radio.o [1]
  .far_func.text     ro code  0x013aa8     0xf  radio.o [1]
  .far_func.text     ro code  0x013ab7     0xf  radio.o [1]
  .far_func.text     ro code  0x013ac6     0xf  RegionCN470.o [1]
  .far_func.text     ro code  0x013ad5     0xf  stm8l15x_flash.o [1]
  .far_func.text     ro code  0x013ae4     0xf  stm8l15x_rtc.o [1]
  .far_func.text     ro code  0x013af3     0xf  sx1262-board.o [1]
  .far_func.text     ro code  0x013b02     0xf  rtc-board.o [3]
  .far_func.text     ro code  0x013b11     0xe  board.o [1]
  .far_func.text     ro code  0x013b1f     0xe  LoRaMac.o [1]
  .far_func.text     ro code  0x013b2d     0xe  RegionCN470.o [1]
  .far_func.text     ro code  0x013b3b     0xe  stm8l15x_exti.o [1]
  .far_func.text     ro code  0x013b49     0xe  stm8l15x_exti.o [1]
  .far_func.text     ro code  0x013b57     0xe  stm8l15x_rtc.o [1]
  .far_func.text     ro code  0x013b65     0xe  stm8l15x_rtc.o [1]
  .far_func.text     ro code  0x013b73     0xe  sx126x.o [1]
  .far_func.text     ro code  0x013b81     0xe  sx126x.o [1]
  .far_func.text     ro code  0x013b8f     0xe  xprintffull.o [5]
  .far_func.text     ro code  0x013b9d     0xd  cmac.o [1]
  .far_func.text     ro code  0x013baa     0xd  cmac.o [1]
  .far_func.text     ro code  0x013bb7     0xd  LoRaMac.o [1]
  .far_func.text     ro code  0x013bc4     0xd  LoRaMac.o [1]
  .far_func.text     ro code  0x013bd1     0xd  LoRaMac.o [1]
  .far_func.text     ro code  0x013bde     0xd  LoRaMacCrypto.o [1]
  .far_func.text     ro code  0x013beb     0xd  main.o [1]
  .far_func.text     ro code  0x013bf8     0xd  radio.o [1]
  .far_func.text     ro code  0x013c05     0xd  radio.o [1]
  .far_func.text     ro code  0x013c12     0xd  spi-board.o [1]
  .far_func.text     ro code  0x013c1f     0xd  stm8l15x_pwr.o [1]
  .far_func.text     ro code  0x013c2c     0xd  stm8l15x_spi.o [1]
  .far_func.text     ro code  0x013c39     0xd  sx1262-board.o [1]
  .far_func.text     ro code  0x013c46     0xd  sx1262-board.o [1]
  .far_func.text     ro code  0x013c53     0xd  sx126x.o [1]
  .far_func.text     ro code  0x013c60     0xd  sx126x.o [1]
  .far_func.text     ro code  0x013c6d     0xd  strlen.o [5]
  .far_func.text     ro code  0x013c7a     0xc  LoRaMac.o [1]
  .far_func.text     ro code  0x013c86     0xc  LoRaMac.o [1]
  .far_func.text     ro code  0x013c92     0xc  LoRaMac.o [1]
  .far_func.text     ro code  0x013c9e     0xc  radio.o [1]
  .far_func.text     ro code  0x013caa     0xc  radio.o [1]
  .far_func.text     ro code  0x013cb6     0xc  radio.o [1]
  .far_func.text     ro code  0x013cc2     0xc  Region.o [1]
  .far_func.text     ro code  0x013cce     0xc  Region.o [1]
  .far_func.text     ro code  0x013cda     0xc  stm8l15x_rtc.o [1]
  .far_func.text     ro code  0x013ce6     0xc  sx1262-board.o [1]
  .far_func.text     ro code  0x013cf2     0xc  sx126x.o [1]
  .far_func.text     ro code  0x013cfe     0xc  sx126x.o [1]
  .far_func.text     ro code  0x013d0a     0xc  char.o [5]
  .far_func.text     ro code  0x013d16     0xc  xprintffull.o [5]
  .far_func.text     ro code  0x013d22     0xc  xlog.o [5]
  .far_func.text     ro code  0x013d2e     0xc  switch.o [5]
  .far_func.text     ro code  0x013d3a     0xb  aes.o [1]
  .far_func.text     ro code  0x013d45     0xb  board.o [1]
  .far_func.text     ro code  0x013d50     0xb  gpio-board.o [1]
  .far_func.text     ro code  0x013d5b     0xb  LoRaMac.o [1]
  .far_func.text     ro code  0x013d66     0xb  LoRaMac.o [1]
  .far_func.text     ro code  0x013d71     0xb  LoRaMac.o [1]
  .far_func.text     ro code  0x013d7c     0xb  LoRaMac.o [1]
  .far_func.text     ro code  0x013d87     0xb  LoRaMac.o [1]
  .far_func.text     ro code  0x013d92     0xb  radio.o [1]
  .far_func.text     ro code  0x013d9d     0xb  radio.o [1]
  .far_func.text     ro code  0x013da8     0xb  radio.o [1]
  .far_func.text     ro code  0x013db3     0xb  radio.o [1]
  .far_func.text     ro code  0x013dbe     0xb  Region.o [1]
  .far_func.text     ro code  0x013dc9     0xb  Region.o [1]
  .far_func.text     ro code  0x013dd4     0xb  RegionCN470.o [1]
  .far_func.text     ro code  0x013ddf     0xb  RegionCN470.o [1]
  .far_func.text     ro code  0x013dea     0xb  RegionCN470.o [1]
  .far_func.text     ro code  0x013df5     0xb  RegionCommon.o [1]
  .far_func.text     ro code  0x013e00     0xb  stm8l15x_exti.o [1]
  .far_func.text     ro code  0x013e0b     0xb  stm8l15x_flash.o [1]
  .far_func.text     ro code  0x013e16     0xb  stm8l15x_rtc.o [1]
  .far_func.text     ro code  0x013e21     0xb  sx1262-board.o [1]
  .far_func.text     ro code  0x013e2c     0xb  sx1262-board.o [1]
  .far_func.text     ro code  0x013e37     0xb  sx126x.o [1]
  .far_func.text     ro code  0x013e42     0xb  timer.o [1]
  .far_func.text     ro code  0x013e4d     0xb  timer.o [1]
  .far_func.text     ro code  0x013e58     0xb  xprintffull.o [5]
  .far_func.text     ro code  0x013e63     0xb  xprintffull.o [5]
  .far_func.text     ro code  0x013e6e     0xb  xprintffull.o [5]
  .far_func.text     ro code  0x013e79     0xb  xprintffull.o [5]
  .far_func.text     ro code  0x013e84     0xb  xprintffull.o [5]
  .far_func.text     ro code  0x013e8f     0xb  xprintffull.o [5]
  .far_func.text     ro code  0x013e9a     0xa  aes.o [1]
  .far_func.text     ro code  0x013ea4     0xa  LoRaMac.o [1]
  .far_func.text     ro code  0x013eae     0xa  LoRaMac.o [1]
  .far_func.text     ro code  0x013eb8     0xa  LoRaMac.o [1]
  .far_func.text     ro code  0x013ec2     0xa  radio.o [1]
  .far_func.text     ro code  0x013ecc     0xa  radio.o [1]
  .far_func.text     ro code  0x013ed6     0xa  Region.o [1]
  .far_func.text     ro code  0x013ee0     0xa  Region.o [1]
  .far_func.text     ro code  0x013eea     0xa  Region.o [1]
  .far_func.text     ro code  0x013ef4     0xa  Region.o [1]
  .far_func.text     ro code  0x013efe     0xa  Region.o [1]
  .far_func.text     ro code  0x013f08     0xa  Region.o [1]
  .far_func.text     ro code  0x013f12     0xa  Region.o [1]
  .far_func.text     ro code  0x013f1c     0xa  Region.o [1]
  .far_func.text     ro code  0x013f26     0xa  Region.o [1]
  .far_func.text     ro code  0x013f30     0xa  RegionCN470.o [1]
  .far_func.text     ro code  0x013f3a     0xa  RegionCommon.o [1]
  .far_func.text     ro code  0x013f44     0xa  stm8l15x_clk.o [1]
  .far_func.text     ro code  0x013f4e     0xa  stm8l15x_rtc.o [1]
  .far_func.text     ro code  0x013f58     0xa  sx1262-board.o [1]
  .far_func.text     ro code  0x013f62     0xa  sx1262-board.o [1]
  .far_func.text     ro code  0x013f6c     0xa  sx1262-board.o [1]
  .far_func.text     ro code  0x013f76     0xa  sx126x.o [1]
  .far_func.text     ro code  0x013f80     0xa  timer.o [1]
  .far_func.text     ro code  0x013f8a     0xa  far.o [5]
  .far_func.text     ro code  0x013f94     0x9  aes.o [1]
  .far_func.text     ro code  0x013f9d     0x9  aes.o [1]
  .far_func.text     ro code  0x013fa6     0x9  board.o [1]
  .far_func.text     ro code  0x013faf     0x9  LoRaMac.o [1]
  .far_func.text     ro code  0x013fb8     0x9  LoRaMac.o [1]
  .far_func.text     ro code  0x013fc1     0x9  LoRaMac.o [1]
  .far_func.text     ro code  0x013fca     0x9  Region.o [1]
  .far_func.text     ro code  0x013fd3     0x9  Region.o [1]
  .far_func.text     ro code  0x013fdc     0x9  Region.o [1]
  .far_func.text     ro code  0x013fe5     0x9  Region.o [1]
  .far_func.text     ro code  0x013fee     0x9  Region.o [1]
  .far_func.text     ro code  0x013ff7     0x9  RegionCN470.o [1]
  .far_func.text     ro code  0x014000     0x9  spi-board.o [1]
  .far_func.text     ro code  0x014009     0x9  stm8l15x_rtc.o [1]
  .far_func.text     ro code  0x014012     0x9  stm8l15x_rtc.o [1]
  .far_func.text     ro code  0x01401b     0x9  stm8l15x_rtc.o [1]
  .far_func.text     ro code  0x014024     0x9  sx1262-board.o [1]
  .far_func.text     ro code  0x01402d     0x9  sx1262-board.o [1]
  .far_func.text     ro code  0x014036     0x9  sx1262-board.o [1]
  .far_func.text     ro code  0x01403f     0x9  sx1262-board.o [1]
  .far_func.text     ro code  0x014048     0x9  sx1262-board.o [1]
  .far_func.text     ro code  0x014051     0x9  sx1262-board.o [1]
  .far_func.text     ro code  0x01405a     0x9  sx126x.o [1]
  .far_func.text     ro code  0x014063     0x9  sx126x.o [1]
  .far_func.text     ro code  0x01406c     0x9  sx126x.o [1]
  .far_func.text     ro code  0x014075     0x9  sx126x.o [1]
  .far_func.text     ro code  0x01407e     0x9  xprintffull.o [5]
  .far_func.text     ro code  0x014087     0x9  xprintffull.o [5]
  .far_func.text     ro code  0x014090     0x8  aes.o [1]
  .far_func.text     ro code  0x014098     0x8  aes.o [1]
  .far_func.text     ro code  0x0140a0     0x8  LoRaMac.o [1]
  .far_func.text     ro code  0x0140a8     0x8  LoRaMac.o [1]
  .far_func.text     ro code  0x0140b0     0x8  LoRaMac.o [1]
  .far_func.text     ro code  0x0140b8     0x8  LoRaMac.o [1]
  .far_func.text     ro code  0x0140c0     0x8  LoRaMac.o [1]
  .far_func.text     ro code  0x0140c8     0x8  LoRaMac.o [1]
  .far_func.text     ro code  0x0140d0     0x8  main.o [1]
  .far_func.text     ro code  0x0140d8     0x8  radio.o [1]
  .far_func.text     ro code  0x0140e0     0x8  radio.o [1]
  .far_func.text     ro code  0x0140e8     0x8  radio.o [1]
  .far_func.text     ro code  0x0140f0     0x8  RegionCN470.o [1]
  .far_func.text     ro code  0x0140f8     0x8  RegionCN470.o [1]
  .far_func.text     ro code  0x014100     0x8  RegionCN470.o [1]
  .far_func.text     ro code  0x014108     0x8  RegionCommon.o [1]
  .far_func.text     ro code  0x014110     0x8  spi-board.o [1]
  .far_func.text     ro code  0x014118     0x8  stm8l15x_rtc.o [1]
  .far_func.text     ro code  0x014120     0x8  stm8l15x_rtc.o [1]
  .far_func.text     ro code  0x014128     0x8  stm8l15x_rtc.o [1]
  .far_func.text     ro code  0x014130     0x8  sx1262-board.o [1]
  .far_func.text     ro code  0x014138     0x8  sx126x.o [1]
  .far_func.text     ro code  0x014140     0x8  timer.o [1]
  .far_func.text     ro code  0x014148     0x8  xprintffull.o [5]
  .far_func.text     ro code  0x014150     0x7  aes.o [1]
  .far_func.text     ro code  0x014157     0x7  aes.o [1]
  .far_func.text     ro code  0x01415e     0x7  LoRaMac.o [1]
  .far_func.text     ro code  0x014165     0x7  LoRaMac.o [1]
  .far_func.text     ro code  0x01416c     0x7  LoRaMac.o [1]
  .far_func.text     ro code  0x014173     0x7  LoRaMac.o [1]
  .far_func.text     ro code  0x01417a     0x7  radio.o [1]
  .far_func.text     ro code  0x014181     0x7  radio.o [1]
  .far_func.text     ro code  0x014188     0x7  stm8l15x_gpio.o [1]
  .far_func.text     ro code  0x01418f     0x7  stm8l15x_it.o [1]
  .far_func.text     ro code  0x014196     0x7  sx126x.o [1]
  .far_func.text     ro code  0x01419d     0x7  sx126x.o [1]
  .far_func.text     ro code  0x0141a4     0x7  sx126x.o [1]
  .far_func.text     ro code  0x0141ab     0x7  timer.o [1]
  .far_func.text     ro code  0x0141b2     0x7  utilities.o [1]
  .far_func.text     ro code  0x0141b9     0x7  xprintffull.o [5]
  .far_func.text     ro code  0x0141c0     0x6  aes.o [1]
  .far_func.text     ro code  0x0141c6     0x6  aes.o [1]
  .far_func.text     ro code  0x0141cc     0x6  radio.o [1]
  .far_func.text     ro code  0x0141d2     0x6  stm8l15x_rtc.o [1]
  .far_func.text     ro code  0x0141d8     0x6  sx1262-board.o [1]
  .far_func.text     ro code  0x0141de     0x6  cexit.o [5]
  .far_func.text     ro code  0x0141e4     0x5  board.o [1]
  .far_func.text     ro code  0x0141e9     0x5  LoRaMac.o [1]
  .far_func.text     ro code  0x0141ee     0x5  main.o [1]
  .far_func.text     ro code  0x0141f3     0x5  radio.o [1]
  .far_func.text     ro code  0x0141f8     0x5  radio.o [1]
  .far_func.text     ro code  0x0141fd     0x5  radio.o [1]
  .far_func.text     ro code  0x014202     0x5  stm8l15x_spi.o [1]
  .far_func.text     ro code  0x014207     0x5  stm8l15x_spi.o [1]
  .far_func.text     ro code  0x01420c     0x5  sx1262-board.o [1]
  .far_func.text     ro code  0x014211     0x4  delay.o [1]
  .far_func.text     ro code  0x014215     0x4  gpio.o [1]
  .far_func.text     ro code  0x014219     0x4  gpio.o [1]
  .far_func.text     ro code  0x01421d     0x4  gpio.o [1]
  .far_func.text     ro code  0x014221     0x4  gpio.o [1]
  .far_func.text     ro code  0x014225     0x4  radio.o [1]
  .far_func.text     ro code  0x014229     0x4  radio.o [1]
  .far_func.text     ro code  0x01422d     0x4  radio.o [1]
  .far_func.text     ro code  0x014231     0x4  radio.o [1]
  .far_func.text     ro code  0x014235     0x4  stm8l15x_clk.o [1]
  .far_func.text     ro code  0x014239     0x4  stm8l15x_flash.o [1]
  .far_func.text     ro code  0x01423d     0x4  sx126x.o [1]
  .far_func.text     ro code  0x014241     0x4  sx126x.o [1]
  .far_func.text     ro code  0x014245     0x4  sx126x.o [1]
  .far_func.text     ro code  0x014249     0x4  timer.o [1]
  .far_func.text     ro code  0x01424d     0x4  timer.o [1]
  .far_func.text     ro code  0x014251     0x4  exit.o [5]
  .far_func.text     ro code  0x014255     0x3  board.o [1]
  .far_func.text     ro code  0x014258     0x3  radio.o [1]
  .far_func.text     ro code  0x01425b     0x3  RegionCN470.o [1]
  .far_func.text     ro code  0x01425e     0x3  stm8l15x_usart.o [1]
  .far_func.text     ro code  0x014261     0x3  sx1262-board.o [1]
  .far_func.text     ro code  0x014264     0x3  low_level_init.o [5]
  .far_func.text     ro code  0x014267     0x3  unhandled_exception.o [5]
  .far_func.text     ro code  0x01426a     0x2  board.o [1]
  .far_func.text     ro code  0x01426c     0x2  board.o [1]
  .far_func.text     ro code  0x01426e     0x2  board.o [1]
  .far_func.text     ro code  0x014270     0x2  RegionCN470.o [1]
  .far_func.text     ro code  0x014272     0x2  RegionCN470.o [1]
  .far_func.text     ro code  0x014274     0x1  board.o [1]
  .far_func.text     ro code  0x014275     0x1  RegionCN470.o [1]
  .far_func.text     ro code  0x014276     0x1  RegionCN470.o [1]
  .far_func.text     ro code  0x014277     0x1  stm8l15x_it.o [1]
  .far_func.text     ro code  0x014278     0x1  stm8l15x_it.o [1]
  .far_func.text     ro code  0x014279     0x1  stm8l15x_it.o [1]
  .far_func.text     ro code  0x01427a     0x1  stm8l15x_it.o [1]
  .far_func.text     ro code  0x01427b     0x1  stm8l15x_it.o [1]
  .far_func.text     ro code  0x01427c     0x1  stm8l15x_it.o [1]
  .far_func.text     ro code  0x01427d     0x1  stm8l15x_it.o [1]
  .far_func.text     ro code  0x01427e     0x1  stm8l15x_it.o [1]
  .far_func.text     ro code  0x01427f     0x1  stm8l15x_it.o [1]
  .far_func.text     ro code  0x014280     0x1  stm8l15x_it.o [1]
  .far_func.text     ro code  0x014281     0x1  stm8l15x_it.o [1]
  .far_func.text     ro code  0x014282     0x1  stm8l15x_it.o [1]
  .far_func.text     ro code  0x014283     0x1  stm8l15x_it.o [1]
  .far_func.text     ro code  0x014284     0x1  stm8l15x_it.o [1]
  .far_func.text     ro code  0x014285     0x1  stm8l15x_it.o [1]
  .far_func.text     ro code  0x014286     0x1  stm8l15x_it.o [1]
  .far_func.text     ro code  0x014287     0x1  stm8l15x_it.o [1]
  .far_func.text     ro code  0x014288     0x1  stm8l15x_it.o [1]
  .far_func.text     ro code  0x014289     0x1  stm8l15x_it.o [1]
  .far_func.text     ro code  0x01428a     0x1  stm8l15x_it.o [1]
  .far_func.text     ro code  0x01428b     0x1  stm8l15x_it.o [1]
  .far_func.text     ro code  0x01428c     0x1  stm8l15x_it.o [1]
  .far_func.text     ro code  0x01428d     0x1  __dbg_break.o [4]
                            - 0x01428e  0x428e


*******************************************************************************
*** INIT TABLE
***

          Address   Size
          -------   ----
Zero (__iar_zero_init2)
    1 destination range, total size 0x922:
          0x0000bb  0x922

Copy (__iar_copy_init2)
    1 source range, total size 0xab:
          0x008380   0xab
    1 destination range, total size 0xab:
          0x000010   0xab



*******************************************************************************
*** MODULE SUMMARY
***

    Module                 ro code  ro data  rw data
    ------                 -------  -------  -------
D:\lora_asr6505_pingpong\ChipMatrix_ASR6505\Projects\ClassA\EWSTM8\Debug\Obj: [1]
    LoRaMac.o                9 674      115    1 154
    LoRaMacCrypto.o            807       32      582
    Region.o                   246        4
    RegionCN470.o            2 560      229       39
    RegionCommon.o           1 380
    aes.o                    1 899      768
    board.o                    618        7       20
    cmac.o                     818
    delay-board.o               54
    delay.o                      4
    gpio-board.o               659                48
    gpio.o                      16
    main.o                     917      172       71
    radio.o                  2 674      284      513
    spi-board.o                629                11
    stm8l15x_clk.o             314        5
    stm8l15x_exti.o            201
    stm8l15x_flash.o            56
    stm8l15x_gpio.o            146
    stm8l15x_it.o              284
    stm8l15x_pwr.o              13
    stm8l15x_rtc.o           1 436
    stm8l15x_spi.o             115
    stm8l15x_syscfg.o           73
    stm8l15x_usart.o           213
    sx1262-board.o             918                10
    sx126x.o                 2 023       17        7
    timer.o                    881                 3
    utilities.o                206        4        4
    ------------------------------------------------
    Total:                  29 834    1 637    2 462

command line: [2]
    ------------------------------------------------
    Total:

asrlib.a: [3]
    rtc-board.o              1 996       40       45
    ------------------------------------------------
    Total:                   1 996       40       45

dbgstm8mmd.a: [4]
    __dbg_break.o                1
    __dbg_xxexit.o              22
    ------------------------------------------------
    Total:                      23

dlstm8mmn.a: [5]
    ceil.o                      70
    cexit.o                      6
    char.o                      12
    cstartup.o                  23
    dc_util.o                   88
    div.o                       52
    errno.o                                        2
    exit.o                       4
    far.o                       10
    far_util.o                  94
    float.o                  1 293
    float_libsup.o             386
    floor.o                     70
    init.o                      30
    init_small.o                70
    interrupt.o                         128
    long.o                     631
    long_util.o                212
    low_level_init.o             3
    memchr.o                    33
    memcpy.o                    32
    memset.o                    22
    move.o                      37
    pow.o                      884
    printf.o                    36
    short.o                     94
    strchr.o                    21
    strlen.o                    13
    switch.o                    12
    unhandled_exception.o        3
    vreg_util.o                571
    vregs.o                                       16
    xdint.o                    201
    xexp.o                     619
    xlog.o                      49
    xprintffull.o            4 087       85
    xprout.o                    31
    ------------------------------------------------
    Total:                   9 799      213       18

    Linker created                       20      256
----------------------------------------------------
    Grand Total:            41 652    1 910    2 781


*******************************************************************************
*** ENTRY LIST
***

Entry                    Address   Size  Type      Object
-----                    -------   ----  ----      ------
.iar.init_table$$Base   0x0085c1          --   Gb  - Linker created -
.iar.init_table$$Limit  0x0085d5          --   Gb  - Linker created -
?add32_l0_l0_0x         0x00bbdf         Code  Gb  long.o [5]
?add32_l0_l0_l1         0x00bbdc         Code  Gb  long.o [5]
?and32_l0_l0_0x         0x00bd94         Code  Gb  long.o [5]
?and32_l0_l0_l1         0x00bd91         Code  Gb  long.o [5]
?b0                     0x000000         Data  Gb  vregs.o [5]
?b1                     0x000001         Data  Gb  vregs.o [5]
?b10                    0x00000a         Data  Gb  vregs.o [5]
?b11                    0x00000b         Data  Gb  vregs.o [5]
?b12                    0x00000c         Data  Gb  vregs.o [5]
?b13                    0x00000d         Data  Gb  vregs.o [5]
?b14                    0x00000e         Data  Gb  vregs.o [5]
?b15                    0x00000f         Data  Gb  vregs.o [5]
?b2                     0x000002         Data  Gb  vregs.o [5]
?b3                     0x000003         Data  Gb  vregs.o [5]
?b4                     0x000004         Data  Gb  vregs.o [5]
?b5                     0x000005         Data  Gb  vregs.o [5]
?b6                     0x000006         Data  Gb  vregs.o [5]
?b7                     0x000007         Data  Gb  vregs.o [5]
?b8                     0x000008         Data  Gb  vregs.o [5]
?b9                     0x000009         Data  Gb  vregs.o [5]
?dc32_l0                0x011f89         Code  Gb  dc_util.o [5]
?dc32_l1                0x011fb5         Code  Gb  dc_util.o [5]
?dec32_0x_0x            0x00bbc8         Code  Gb  long.o [5]
?dec32_l0_l0            0x00bbc3         Code  Gb  long.o [5]
?e0                     0x000001         Data  Gb  vregs.o [5]
?e1                     0x000005         Data  Gb  vregs.o [5]
?e2                     0x000009         Data  Gb  vregs.o [5]
?e3                     0x00000d         Data  Gb  vregs.o [5]
?epilogue_l2            0x00c3d4         Code  Gb  vreg_util.o [5]
?epilogue_l2_l3         0x00c3d0         Code  Gb  vreg_util.o [5]
?epilogue_l2_w6         0x00c3d9         Code  Gb  vreg_util.o [5]
?epilogue_w4            0x00c3e2         Code  Gb  vreg_util.o [5]
?fadd32_l0_l0_dc32      0x00a31a         Code  Gb  float.o [5]
?fadd32_l0_l0_l1        0x00a320         Code  Gb  float.o [5]
?fcastf32s16_l0_x       0x00a5e8         Code  Gb  float.o [5]
?fcastf32s32_l0_l0      0x00a6bc         Code  Gb  float.o [5]
?fcastf32u16_l0_x       0x00a5ef         Code  Gb  float.o [5]
?fcastf32u32_l0_l0      0x00a6c8         Code  Gb  float.o [5]
?fcasts16f32_x_l0       0x00a60d         Code  Gb  float.o [5]
?fcasts32f32_l0_l0      0x00a659         Code  Gb  float.o [5]
?fcastu32f32_l0_l0      0x00a642         Code  Gb  float.o [5]
?fcmpeq32_c_0x_fzero    0x00a54c         Code  Gb  float.o [5]
?fcmpeq32_c_l0_0x       0x00a55b         Code  Gb  float.o [5]
?fcmpeq32_c_l0_dc32     0x00a554         Code  Gb  float.o [5]
?fcmpeq32_c_l0_fzero    0x00a549         Code  Gb  float.o [5]
?fcmpeq32_c_l0_l1       0x00a558         Code  Gb  float.o [5]
?fcmpge32_c_l0_0x       0x00a587         Code  Gb  float.o [5]
?fcmpge32_c_l0_dc32     0x00a580         Code  Gb  float.o [5]
?fcmpge32_c_l0_l1       0x00a584         Code  Gb  float.o [5]
?fcmplt32_c_l0_0x       0x00a592         Code  Gb  float.o [5]
?fcmplt32_c_l0_dc32     0x00a58b         Code  Gb  float.o [5]
?fcmplt32_c_l0_l1       0x00a58f         Code  Gb  float.o [5]
?fdiv32_l0_dc32_l1      0x00a48f         Code  Gb  float.o [5]
?fdiv32_l0_l0_dc32      0x00a495         Code  Gb  float.o [5]
?fdiv32_l0_l0_l1        0x00a49b         Code  Gb  float.o [5]
?fmul32_l0_l0_dc32      0x00a3ee         Code  Gb  float.o [5]
?fmul32_l0_l0_l1        0x00a3f4         Code  Gb  float.o [5]
?fsub32_l0_l0_l1        0x00a314         Code  Gb  float.o [5]
?inc32_0x_0x            0x00bbb5         Code  Gb  long.o [5]
?inc32_l0_l0            0x00bbab         Code  Gb  long.o [5]
?inc32_l3_l3            0x00bbb0         Code  Gb  long.o [5]
?l0                     0x000000         Data  Gb  vregs.o [5]
?l1                     0x000004         Data  Gb  vregs.o [5]
?l2                     0x000008         Data  Gb  vregs.o [5]
?l3                     0x00000c         Data  Gb  vregs.o [5]
?load24_0x_e0           0x011da1         Code  Gb  far_util.o [5]
?load24_0x_e2           0x011daf         Code  Gb  far_util.o [5]
?load24_e0_0x           0x011d5f         Code  Gb  far_util.o [5]
?load24_e1_0x           0x011d6d         Code  Gb  far_util.o [5]
?load24_e2_0x           0x011d7b         Code  Gb  far_util.o [5]
?load24_e3_0x           0x011d89         Code  Gb  far_util.o [5]
?load24_xsp_e0          0x011d97         Code  Gb  far_util.o [5]
?load32_0x_l0           0x010530         Code  Gb  long_util.o [5]
?load32_0x_l1           0x01053e         Code  Gb  long_util.o [5]
?load32_0x_l2           0x010556         Code  Gb  long_util.o [5]
?load32_0x_l3           0x01056e         Code  Gb  long_util.o [5]
?load32_l0_0x           0x0104c2         Code  Gb  long_util.o [5]
?load32_l0_asp          0x0104b6         Code  Gb  long_util.o [5]
?load32_l0_dbsp         0x0104a8         Code  Gb  long_util.o [5]
?load32_l0_xsp          0x0104b8         Code  Gb  long_util.o [5]
?load32_l1_0x           0x0104e8         Code  Gb  long_util.o [5]
?load32_l1_asp          0x0104dc         Code  Gb  long_util.o [5]
?load32_l1_dbsp         0x0104ce         Code  Gb  long_util.o [5]
?load32_l1_xsp          0x0104de         Code  Gb  long_util.o [5]
?load32_l2_0x           0x01050e         Code  Gb  long_util.o [5]
?load32_l2_asp          0x010502         Code  Gb  long_util.o [5]
?load32_l2_dbsp         0x0104f4         Code  Gb  long_util.o [5]
?load32_l2_xsp          0x010504         Code  Gb  long_util.o [5]
?load32_l3_0x           0x01051a         Code  Gb  long_util.o [5]
?load32_xsp_l0          0x010526         Code  Gb  long_util.o [5]
?load32_xsp_l2          0x01054c         Code  Gb  long_util.o [5]
?load32_xsp_l3          0x010564         Code  Gb  long_util.o [5]
?longfarg16_v_w0_a      0x012fe9         Code  Gb  move.o [5]
?longfarg16_v_w0_x      0x012feb         Code  Gb  move.o [5]
?mov_e0_e1              0x00c476         Code  Gb  vreg_util.o [5]
?mov_e0_e2              0x00c483         Code  Gb  vreg_util.o [5]
?mov_e0_e3              0x00c490         Code  Gb  vreg_util.o [5]
?mov_e1_e0              0x00c49d         Code  Gb  vreg_util.o [5]
?mov_e1_e2              0x00c4aa         Code  Gb  vreg_util.o [5]
?mov_e1_e3              0x00c4b7         Code  Gb  vreg_util.o [5]
?mov_e2_e0              0x00c4c4         Code  Gb  vreg_util.o [5]
?mov_e2_e1              0x00c4d1         Code  Gb  vreg_util.o [5]
?mov_e3_e0              0x00c4de         Code  Gb  vreg_util.o [5]
?mov_e3_e1              0x00c4eb         Code  Gb  vreg_util.o [5]
?mov_e3_e2              0x00c4f8         Code  Gb  vreg_util.o [5]
?mov_l0_l1              0x00c473         Code  Gb  vreg_util.o [5]
?mov_l0_l2              0x00c480         Code  Gb  vreg_util.o [5]
?mov_l0_l3              0x00c48d         Code  Gb  vreg_util.o [5]
?mov_l1_l0              0x00c49a         Code  Gb  vreg_util.o [5]
?mov_l1_l2              0x00c4a7         Code  Gb  vreg_util.o [5]
?mov_l1_l3              0x00c4b4         Code  Gb  vreg_util.o [5]
?mov_l2_l0              0x00c4c1         Code  Gb  vreg_util.o [5]
?mov_l2_l1              0x00c4ce         Code  Gb  vreg_util.o [5]
?mov_l3_l0              0x00c4db         Code  Gb  vreg_util.o [5]
?mov_l3_l1              0x00c4e8         Code  Gb  vreg_util.o [5]
?mov_l3_l2              0x00c4f5         Code  Gb  vreg_util.o [5]
?mov_w0_w2              0x00c3e7         Code  Gb  vreg_util.o [5]
?mov_w0_w3              0x00c3ee         Code  Gb  vreg_util.o [5]
?mov_w0_w4              0x00c3f5         Code  Gb  vreg_util.o [5]
?mov_w0_w5              0x00c3fc         Code  Gb  vreg_util.o [5]
?mov_w0_w6              0x00c403         Code  Gb  vreg_util.o [5]
?mov_w0_w7              0x00c40a         Code  Gb  vreg_util.o [5]
?mov_w1_w0              0x00c411         Code  Gb  vreg_util.o [5]
?mov_w1_w3              0x00c479         Code  Gb  vreg_util.o [5]
?mov_w1_w5              0x00c486         Code  Gb  vreg_util.o [5]
?mov_w1_w7              0x00c493         Code  Gb  vreg_util.o [5]
?mov_w2_w0              0x00c418         Code  Gb  vreg_util.o [5]
?mov_w2_w1              0x00c41f         Code  Gb  vreg_util.o [5]
?mov_w3_w1              0x00c4a0         Code  Gb  vreg_util.o [5]
?mov_w3_w5              0x00c4ad         Code  Gb  vreg_util.o [5]
?mov_w3_w7              0x00c4ba         Code  Gb  vreg_util.o [5]
?mov_w4_w0              0x00c426         Code  Gb  vreg_util.o [5]
?mov_w4_w1              0x00c42d         Code  Gb  vreg_util.o [5]
?mov_w4_w6              0x00c434         Code  Gb  vreg_util.o [5]
?mov_w5_w0              0x00c43b         Code  Gb  vreg_util.o [5]
?mov_w5_w1              0x00c4c7         Code  Gb  vreg_util.o [5]
?mov_w5_w3              0x00c4d4         Code  Gb  vreg_util.o [5]
?mov_w5_w6              0x00c442         Code  Gb  vreg_util.o [5]
?mov_w6_w0              0x00c449         Code  Gb  vreg_util.o [5]
?mov_w6_w4              0x00c450         Code  Gb  vreg_util.o [5]
?mov_w7_w0              0x00c457         Code  Gb  vreg_util.o [5]
?mov_w7_w1              0x00c4e1         Code  Gb  vreg_util.o [5]
?mov_w7_w2              0x00c45e         Code  Gb  vreg_util.o [5]
?mov_w7_w3              0x00c4ee         Code  Gb  vreg_util.o [5]
?mov_w7_w4              0x00c465         Code  Gb  vreg_util.o [5]
?mov_w7_w5              0x00c4fb         Code  Gb  vreg_util.o [5]
?mov_w7_w6              0x00c46c         Code  Gb  vreg_util.o [5]
?move1616_v_x_y_a       0x012fdc         Code  Gb  move.o [5]
?mul16_x_x_w0           0x011dbd         Code  Gb  short.o [5]
?mul32_l0_l0_0x         0x00bc12         Code  Gb  long.o [5]
?mul32_l0_l0_l1         0x00bc1b         Code  Gb  long.o [5]
?neg32_l0_l0            0x00bb9b         Code  Gb  long.o [5]
?or32_l0_l0_0x          0x00bdaf         Code  Gb  long.o [5]
?or32_l0_l0_l1          0x00bdac         Code  Gb  long.o [5]
?pop_e2                 0x00c345         Code  Gb  vreg_util.o [5]
?pop_l0                 0x00c398         Code  Gb  vreg_util.o [5]
?pop_l1                 0x00c3a3         Code  Gb  vreg_util.o [5]
?pop_l2                 0x00c3ae         Code  Gb  vreg_util.o [5]
?pop_l3                 0x00c3b9         Code  Gb  vreg_util.o [5]
?pop_w4                 0x00c301         Code  Gb  vreg_util.o [5]
?pop_w5                 0x00c308         Code  Gb  vreg_util.o [5]
?pop_w6                 0x00c30f         Code  Gb  vreg_util.o [5]
?pop_w7                 0x00c316         Code  Gb  vreg_util.o [5]
?push_e2                0x00c329         Code  Gb  vreg_util.o [5]
?push_l0                0x00c363         Code  Gb  vreg_util.o [5]
?push_l1                0x00c368         Code  Gb  vreg_util.o [5]
?push_l2                0x00c36d         Code  Gb  vreg_util.o [5]
?push_l3                0x00c372         Code  Gb  vreg_util.o [5]
?push_w0                0x00c2c7         Code  Gb  vreg_util.o [5]
?push_w1                0x00c2cc         Code  Gb  vreg_util.o [5]
?push_w2                0x00c2d1         Code  Gb  vreg_util.o [5]
?push_w4                0x00c2d6         Code  Gb  vreg_util.o [5]
?push_w5                0x00c2db         Code  Gb  vreg_util.o [5]
?push_w6                0x00c2e0         Code  Gb  vreg_util.o [5]
?push_w7                0x00c2e5         Code  Gb  vreg_util.o [5]
?scmp32_c_l0_l1         0x00bd7a         Code  Gb  long.o [5]
?sdiv16_x_x_y           0x011ddb         Code  Gb  short.o [5]
?sdiv32_l0_l0_dl        0x00bd10         Code  Gb  long.o [5]
?sdiv32_l0_l0_l1        0x00bd14         Code  Gb  long.o [5]
?sext16_x_a             0x011e14         Code  Gb  short.o [5]
?sext32_l0_a            0x00be05         Code  Gb  long.o [5]
?sext32_l0_x            0x00bdfa         Code  Gb  long.o [5]
?sll16_x_x_a            0x011e04         Code  Gb  short.o [5]
?sll32_0x_0x_a          0x00bdca         Code  Gb  long.o [5]
?sll32_l0_l0_a          0x00bdc7         Code  Gb  long.o [5]
?sll8_a_a_5             0x013d0b         Code  Gb  char.o [5]
?sll8_a_a_6             0x013d0a         Code  Gb  char.o [5]
?smod16_y_x_y           0x011df4         Code  Gb  short.o [5]
?smod32_l1_l0_l1        0x00bd14         Code  Gb  long.o [5]
?sra32_0x_0x_a          0x00bdec         Code  Gb  long.o [5]
?sra32_l0_l0_a          0x00bde9         Code  Gb  long.o [5]
?srl16_x_x_a            0x011e0c         Code  Gb  short.o [5]
?srl32_0x_0x_a          0x00bddb         Code  Gb  long.o [5]
?srl32_l0_l0_a          0x00bdd8         Code  Gb  long.o [5]
?srl8_a_a_5             0x013d11         Code  Gb  char.o [5]
?srl8_a_a_6             0x013d10         Code  Gb  char.o [5]
?sub32_l0_l0_0x         0x00bbfa         Code  Gb  long.o [5]
?sub32_l0_l0_l1         0x00bbf7         Code  Gb  long.o [5]
?switch8vlt_0x_a_0x     0x013d2e         Code  Gb  switch.o [5]
?ucmp24_c_0x_e0         0x013f8a         Code  Gb  far.o [5]
?ucmp32_c_l0_0x         0x00bd5f         Code  Gb  long.o [5]
?ucmp32_c_l0_l1         0x00bd6f         Code  Gb  long.o [5]
?udiv32_l0_l0_dl        0x00bc9f         Code  Gb  long.o [5]
?udiv32_l0_l0_l1        0x00bca3         Code  Gb  long.o [5]
?umod32_l1_l0_dl        0x00bc99         Code  Gb  long.o [5]
?umod32_l1_l0_l1        0x00bca3         Code  Gb  long.o [5]
?w0                     0x000000         Data  Gb  vregs.o [5]
?w1                     0x000002         Data  Gb  vregs.o [5]
?w2                     0x000004         Data  Gb  vregs.o [5]
?w3                     0x000006         Data  Gb  vregs.o [5]
?w4                     0x000008         Data  Gb  vregs.o [5]
?w5                     0x00000a         Data  Gb  vregs.o [5]
?w6                     0x00000c         Data  Gb  vregs.o [5]
?w7                     0x00000e         Data  Gb  vregs.o [5]
ADC1_COMP_IRQHandler    0x014281    0x1  Code  Gb  stm8l15x_it.o [1]
AES_CMAC_Final          0x00ddab  0x13d  Code  Gb  cmac.o [1]
AES_CMAC_Init           0x012b28   0x32  Code  Gb  cmac.o [1]
AES_CMAC_SetKey         0x013b9d    0xd  Code  Gb  cmac.o [1]
AES_CMAC_Update         0x00d592  0x16a  Code  Gb  cmac.o [1]
AckTimeoutRetries       0x000015    0x1  Data  Lc  LoRaMac.o [1]
AckTimeoutRetriesCounter
                        0x000016    0x1  Data  Lc  LoRaMac.o [1]
AckTimeoutRetry         0x0009ca    0x1  Data  Lc  LoRaMac.o [1]
AckTimeoutTimer         0x0008cd    0xe  Data  Lc  LoRaMac.o [1]
AddMacCommand           0x010bc9   0xbd  Code  Lc  LoRaMac.o [1]
AdrAckCounter           0x000951    0x4  Data  Lc  LoRaMac.o [1]
AdrCtrlOn               0x0009be    0x1  Data  Lc  LoRaMac.o [1]
AesCmacCtx              0x0000bb  0x115  Data  Lc  LoRaMacCrypto.o [1]
AesContext              0x0004cd   0xf1  Data  Lc  LoRaMacCrypto.o [1]
AggregatedDCycle        0x00099d    0x2  Data  Lc  LoRaMac.o [1]
AggregatedLastTxDoneTime
                        0x000955    0x4  Data  Lc  LoRaMac.o [1]
AggregatedTimeOff       0x000959    0x4  Data  Lc  LoRaMac.o [1]
AntPow                  0x000929    0x9  Data  Gb  sx1262-board.o [1]
AppData                 0x000868   0x10  Data  Lc  main.o [1]
AppDataSize             0x000058    0x1  Data  Lc  main.o [1]
AppEui                  0x00003f    0x8  Data  Lc  main.o [1]
AppKey                  0x000047   0x10  Data  Lc  main.o [1]
AppPort                 0x000057    0x1  Data  Lc  main.o [1]
Bands                   0x0000a8    0xf  Data  Lc  RegionCN470.o [1]
Bandwidths              0x008769    0x3  Data  Gb  radio.o [1]
BandwidthsCN470         0x008629   0x18  Data  Lc  RegionCN470.o [1]
BlockLowPowerDuringTask
                        0x013778   0x16  Code  Gb  rtc-board.o [3]
BoardDeInitMcu          0x013633   0x18  Code  Gb  board.o [1]
BoardDisableIrq         0x01426a    0x2  Code  Gb  board.o [1]
BoardEnableIrq          0x01426c    0x2  Code  Gb  board.o [1]
BoardGetBatteryLevel    0x01426e    0x2  Code  Gb  board.o [1]
BoardInitMcu            0x00e382  0x10e  Code  Gb  board.o [1]
BoardInitPeriph         0x014274    0x1  Code  Gb  board.o [1]
BoardUnusedIoInit       0x0123f4   0x4b  Code  Lc  board.o [1]
ByteToBcd2              0x013261   0x1e  Code  Lc  stm8l15x_rtc.o [1]
CLK_GetClockFreq        0x0128dd   0x39  Code  Gb  stm8l15x_clk.o [1]
CLK_GetFlagStatus       0x0117ed   0x81  Code  Gb  stm8l15x_clk.o [1]
CLK_LSEConfig           0x0138da   0x13  Code  Gb  stm8l15x_clk.o [1]
CLK_PeripheralClockConfig
                        0x011d00   0x5f  Code  Gb  stm8l15x_clk.o [1]
CLK_RTCClockConfig      0x013f44    0xa  Code  Gb  stm8l15x_clk.o [1]
CLK_SYSCLKDivConfig     0x014235    0x4  Code  Gb  stm8l15x_clk.o [1]
COMDeInit               0x012caf   0x2e  Code  Gb  board.o [1]
COMInit                 0x0118ed   0x76  Code  Gb  board.o [1]
COM_PORT                0x000012    0x2  Data  Gb  board.o [1]
COM_RX_PIN              0x008772    0x1  Data  Gb  board.o [1]
COM_TX_PIN              0x008771    0x1  Data  Gb  board.o [1]
COM_USART               0x000010    0x2  Data  Gb  board.o [1]
COM_USART_CLK           0x008770    0x1  Data  Gb  board.o [1]
CSTACK$$Base            0x000f00          --   Gb  - Linker created -
CSTACK$$Limit           0x001000          --   Gb  - Linker created -
CalculateBackOff        0x011e78   0x5c  Code  Lc  LoRaMac.o [1]
CalibrateSystemWakeupTimeTimer
                        0x000887    0xe  Data  Lc  board.o [1]
Channel                 0x0009c7    0x1  Data  Lc  LoRaMac.o [1]
ChannelsDefaultMask     0x000911    0xc  Data  Lc  RegionCN470.o [1]
ChannelsMask            0x000905    0xc  Data  Lc  RegionCN470.o [1]
ChannelsNbRepCounter    0x0009c4    0x1  Data  Lc  LoRaMac.o [1]
CountNbOfEnabledChannels
                        0x011549   0x90  Code  Lc  RegionCN470.o [1]
DMA1_CHANNEL0_1_IRQHandler
                        0x01427a    0x1  Code  Gb  stm8l15x_it.o [1]
DMA1_CHANNEL2_3_IRQHandler
                        0x01427b    0x1  Code  Gb  stm8l15x_it.o [1]
DataratesCN470          0x00872b    0x6  Data  Lc  RegionCN470.o [1]
DaysInMonth             0x0086a9    0xc  Data  Lc  rtc-board.o [3]
DaysInMonthLeapYear     0x0086b5    0xc  Data  Lc  rtc-board.o [3]
DelayMs                 0x014211    0x4  Code  Gb  delay.o [1]
DelayMsMcu              0x012986   0x36  Code  Gb  delay-board.o [1]
DevEui                  0x000037    0x8  Data  Lc  main.o [1]
DeviceState             0x0009ce    0x1  Data  Lc  main.o [1]
DownLinkCounter         0x00094d    0x4  Data  Lc  LoRaMac.o [1]
DutyCycleOn             0x0009c6    0x1  Data  Lc  LoRaMac.o [1]
EXTI0_IRQHandler        0x013549   0x1b  Code  Gb  stm8l15x_it.o [1]
EXTI1_IRQHandler        0x0133c3   0x1c  Code  Gb  stm8l15x_it.o [1]
EXTI2_IRQHandler        0x0133df   0x1c  Code  Gb  stm8l15x_it.o [1]
EXTI3_IRQHandler        0x0133fb   0x1c  Code  Gb  stm8l15x_it.o [1]
EXTI4_IRQHandler        0x013417   0x1c  Code  Gb  stm8l15x_it.o [1]
EXTI5_IRQHandler        0x013433   0x1c  Code  Gb  stm8l15x_it.o [1]
EXTI6_IRQHandler        0x01344f   0x1c  Code  Gb  stm8l15x_it.o [1]
EXTI7_IRQHandler        0x01346b   0x1c  Code  Gb  stm8l15x_it.o [1]
EXTIB_IRQHandler        0x01427d    0x1  Code  Gb  stm8l15x_it.o [1]
EXTID_IRQHandler        0x01427e    0x1  Code  Gb  stm8l15x_it.o [1]
EXTIE_F_PVD_IRQHandler  0x01427c    0x1  Code  Gb  stm8l15x_it.o [1]
EXTI_ClearITPendingBit  0x013b49    0xe  Code  Gb  stm8l15x_exti.o [1]
EXTI_GetITStatus        0x013b3b    0xe  Code  Gb  stm8l15x_exti.o [1]
EXTI_SetPinSensitivity  0x010fdc   0xa2  Code  Gb  stm8l15x_exti.o [1]
FLASH_IRQHandler        0x014279    0x1  Code  Gb  stm8l15x_it.o [1]
FLASH_Lock              0x013e0b    0xb  Code  Gb  stm8l15x_flash.o [1]
FLASH_ProgramByte       0x014239    0x4  Code  Gb  stm8l15x_flash.o [1]
FLASH_SetProgrammingTime
                        0x013ad5    0xf  Code  Gb  stm8l15x_flash.o [1]
FLASH_Unlock            0x0135b3   0x1a  Code  Gb  stm8l15x_flash.o [1]
FrequencyError          0x000979    0x4  Data  Gb  sx126x.o [1]
FskBandwidths           0x00842b   0x6e  Data  Gb  radio.o [1]
GPIO_ExternalPullUpConfig
                        0x0137f9   0x15  Code  Gb  stm8l15x_gpio.o [1]
GPIO_Init               0x011abb   0x64  Code  Gb  stm8l15x_gpio.o [1]
GPIO_ReadInputDataBit   0x014188    0x7  Code  Gb  stm8l15x_gpio.o [1]
GPIO_WriteBit           0x01395d   0x12  Code  Gb  stm8l15x_gpio.o [1]
GetBoardPowerSource     0x014255    0x3  Code  Gb  board.o [1]
GpioInit                0x014215    0x4  Code  Gb  gpio.o [1]
[...]
RegionCN470LinkAdrReq   0x00d866  0x169  Code  Gb  RegionCN470.o [1]
RegionCN470NewChannelReq
                        0x014270    0x2  Code  Gb  RegionCN470.o [1]
RegionCN470NextChannel  0x00e69a  0x102  Code  Gb  RegionCN470.o [1]
RegionCN470RxConfig     0x00e490  0x106  Code  Gb  RegionCN470.o [1]
RegionCN470RxParamSetupReq
                        0x011420   0x95  Code  Gb  RegionCN470.o [1]
RegionCN470SetBandTxDone
                        0x0138a0   0x14  Code  Gb  RegionCN470.o [1]
RegionCN470SetContinuousWave
                        0x0124d3   0x4a  Code  Gb  RegionCN470.o [1]
RegionCN470TxConfig     0x01057c   0xd1  Code  Gb  RegionCN470.o [1]
RegionCN470TxParamSetupReq
                        0x01425b    0x3  Code  Gb  RegionCN470.o [1]
RegionCN470Verify       0x0128a4   0x39  Code  Gb  RegionCN470.o [1]
RegionCalcBackOff       0x013fe5    0x9  Code  Gb  Region.o [1]
RegionChanMaskSet       0x013ed6    0xa  Code  Gb  Region.o [1]
RegionCommonCalcBackOff
                        0x010d3b   0xb3  Code  Gb  RegionCommon.o [1]
RegionCommonChanMaskCopy
                        0x012c80   0x2f  Code  Gb  RegionCommon.o [1]
RegionCommonComputeRxWindowParameters
                        0x0103cb   0xdd  Code  Gb  RegionCommon.o [1]
RegionCommonComputeSymbolTimeLoRa
                        0x012eee   0x29  Code  Gb  RegionCommon.o [1]
RegionCommonComputeTxPower
                        0x012782   0x3a  Code  Gb  RegionCommon.o [1]
RegionCommonCountChannels
                        0x011f2f   0x5a  Code  Gb  RegionCommon.o [1]
RegionCommonLinkAdrReqVerifyParams
                        0x00e596  0x104  Code  Gb  RegionCommon.o [1]
RegionCommonParseLinkAdrReq
                        0x011a4a   0x71  Code  Gb  RegionCommon.o [1]
RegionCommonSetBandTxDone
                        0x0137e4   0x15  Code  Gb  RegionCommon.o [1]
RegionCommonUpdateBandTimeOff
                        0x00e26a  0x118  Code  Gb  RegionCommon.o [1]
RegionCommonValueInRange
                        0x0139b3   0x11  Code  Gb  RegionCommon.o [1]
RegionComputeRxWindowParameters
                        0x0139a2   0x11  Code  Gb  Region.o [1]
RegionDlChannelReq      0x013f26    0xa  Code  Gb  Region.o [1]
RegionGetPhyParam       0x013599   0x1a  Code  Gb  Region.o [1]
RegionInitDefaults      0x013dbe    0xb  Code  Gb  Region.o [1]
RegionIsActive          0x013fca    0x9  Code  Gb  Region.o [1]
RegionLinkAdrReq        0x013efe    0xa  Code  Gb  Region.o [1]
RegionNewChannelReq     0x013f12    0xa  Code  Gb  Region.o [1]
RegionNextChannel       0x013dc9    0xb  Code  Gb  Region.o [1]
RegionRxConfig          0x013eea    0xa  Code  Gb  Region.o [1]
RegionRxParamSetupReq   0x013f08    0xa  Code  Gb  Region.o [1]
RegionSetBandTxDone     0x013fd3    0x9  Code  Gb  Region.o [1]
RegionSetContinuousWave
                        0x013fee    0x9  Code  Gb  Region.o [1]
RegionTxConfig          0x013ef4    0xa  Code  Gb  Region.o [1]
RegionTxParamSetupReq   0x013f1c    0xa  Code  Gb  Region.o [1]
RegionVerify            0x013cc2    0xc  Code  Gb  Region.o [1]
RepeaterSupport         0x0009ba    0x1  Data  Lc  LoRaMac.o [1]
ResetMacParameters      0x008ff1   0xc3  Code  Lc  LoRaMac.o [1]
RtcAlarmSubSeconds      0x00098d    0x4  Data  Lc  rtc-board.o [3]
RtcCalendarContext      0x00091d    0xc  Data  Gb  rtc-board.o [3]
RtcComputeElapsedTime   0x011ed4   0x5b  Code  Gb  rtc-board.o [3]
RtcComputeTimerTimeToAlarmTick
                        0x00c8f8  0x1ca  Code  Lc  rtc-board.o [3]
RtcComputeWakeUpTime    0x011b81   0x61  Code  Lc  rtc-board.o [3]
RtcConvertCalendarTickToTimerTime
                        0x00cac2  0x1aa  Code  Lc  rtc-board.o [3]
RtcConvertMsToTick      0x010392   0x31  Code  Lc  rtc-board.o [3]
RtcConvertTickToMs      0x012bef   0x31  Code  Lc  rtc-board.o [3]
RtcEnterLowPowerStopMode
                        0x012e70   0x2b  Code  Gb  rtc-board.o [3]
RtcGetAdjustedTimeoutValue
                        0x011b1f   0x62  Code  Gb  rtc-board.o [3]
RtcGetCalendar          0x0111be   0x9f  Code  Lc  rtc-board.o [3]
RtcGetElapsedAlarmTime  0x011963   0x76  Code  Gb  rtc-board.o [3]
RtcGetTimerValue        0x0132bb   0x1e  Code  Gb  rtc-board.o [3]
RtcInit                 0x011be2   0x60  Code  Gb  rtc-board.o [3]
RtcInitialized          0x0009da    0x1  Data  Lc  rtc-board.o [3]
RtcRecoverMcuStatus     0x013b02    0xf  Code  Gb  rtc-board.o [3]
RtcSetTimeout           0x0103c3    0x8  Code  Gb  rtc-board.o [3]
RtcStartWakeUpAlarm     0x0102e5   0xad  Code  Lc  rtc-board.o [3]
RtcTimerEventAllowsLowPower
                        0x0009d8    0x1  Data  Lc  rtc-board.o [3]
RxContinuous            0x0009cf    0x1  Data  Gb  radio.o [1]
RxSlot                  0x0009cc    0x1  Data  Lc  LoRaMac.o [1]
RxTimeout               0x000975    0x4  Data  Gb  radio.o [1]
RxTimeoutTimer          0x0008f7    0xe  Data  Gb  radio.o [1]
RxWindow1Config         0x0007db   0x14  Data  Lc  LoRaMac.o [1]
RxWindow1Delay          0x000965    0x4  Data  Lc  LoRaMac.o [1]
RxWindow2Config         0x0007ef   0x14  Data  Lc  LoRaMac.o [1]
RxWindow2Delay          0x000969    0x4  Data  Lc  LoRaMac.o [1]
RxWindowTimer1          0x0008b1    0xe  Data  Lc  LoRaMac.o [1]
RxWindowTimer2          0x0008bf    0xe  Data  Lc  LoRaMac.o [1]
SPI1_IRQHandler         0x014289    0x1  Code  Gb  stm8l15x_it.o [1]
SPI_Cmd                 0x013c2c    0xd  Code  Gb  stm8l15x_spi.o [1]
SPI_DeInit              0x01361a   0x19  Code  Gb  stm8l15x_spi.o [1]
SPI_GetFlagStatus       0x0138ed   0x13  Code  Gb  stm8l15x_spi.o [1]
SPI_Init                0x012c20   0x30  Code  Gb  stm8l15x_spi.o [1]
SPI_ReceiveData         0x014207    0x5  Code  Gb  stm8l15x_spi.o [1]
SPI_SendData            0x014202    0x5  Code  Gb  stm8l15x_spi.o [1]
SWITCH_CSS_BREAK_DAC_IRQHandler
                        0x014280    0x1  Code  Gb  stm8l15x_it.o [1]
SX126x                  0x0006be   0x80  Data  Gb  radio.o [1]
SX126xAntSwOff          0x013af3    0xf  Code  Gb  sx1262-board.o [1]
SX126xAntSwOn           0x013a08   0x11  Code  Gb  sx1262-board.o [1]
SX126xCalibrate         0x013b81    0xe  Code  Gb  sx126x.o [1]
SX126xCalibrateImage    0x01186e   0x7f  Code  Gb  sx126x.o [1]
SX126xCheckDeviceReady  0x01384d   0x15  Code  Gb  sx126x.o [1]
SX126xClearIrqStatus    0x01371e   0x17  Code  Gb  sx126x.o [1]
SX126xGetBoardTcxoWakeupTime
                        0x014024    0x9  Code  Gb  sx1262-board.o [1]
SX126xGetIrqStatus      0x01338a   0x1d  Code  Gb  sx126x.o [1]
SX126xGetOperatingMode  0x01423d    0x4  Code  Gb  sx126x.o [1]
SX126xGetPaSelect       0x014261    0x3  Code  Gb  sx1262-board.o [1]
SX126xGetPacketStatus   0x010f38   0xa4  Code  Gb  sx126x.o [1]
SX126xGetPacketType     0x014245    0x4  Code  Gb  sx126x.o [1]
SX126xGetPayload        0x0120de   0x52  Code  Gb  sx126x.o [1]
SX126xGetRssiInst       0x0135cd   0x1a  Code  Gb  sx126x.o [1]
SX126xInit              0x0115d9   0x88  Code  Gb  sx126x.o [1]
SX126xIoDeInit          0x01327f   0x1e  Code  Gb  sx1262-board.o [1]
SX126xIoInit            0x012ac2   0x33  Code  Gb  sx1262-board.o [1]
SX126xIoIrqInit         0x013c46    0xd  Code  Gb  sx1262-board.o [1]
SX126xReadBuffer        0x0129bc   0x36  Code  Gb  sx1262-board.o [1]
SX126xReadCommand       0x012830   0x3a  Code  Gb  sx1262-board.o [1]
SX126xReadRegister      0x0136d9   0x17  Code  Gb  sx1262-board.o [1]
SX126xReadRegisters     0x012130   0x51  Code  Gb  sx1262-board.o [1]
SX126xReset             0x012e45   0x2b  Code  Gb  sx1262-board.o [1]
SX126xSendPayload       0x012af5   0x33  Code  Gb  sx126x.o [1]
SX126xSetBufferBaseAddress
                        0x013707   0x17  Code  Gb  sx126x.o [1]
SX126xSetCad            0x013b73    0xe  Code  Gb  sx126x.o [1]
SX126xSetDioIrqParams   0x012d39   0x2e  Code  Gb  sx126x.o [1]
SX126xSetLoRaSymbNumTimeout
                        0x013a6a   0x10  Code  Gb  sx126x.o [1]
SX126xSetModulationParams
                        0x010b06   0xc3  Code  Gb  sx126x.o [1]
SX126xSetOperatingMode  0x014241    0x4  Code  Gb  sx126x.o [1]
SX126xSetPacketParams   0x00dc68  0x143  Code  Gb  sx126x.o [1]
SX126xSetPacketType     0x013c60    0xd  Code  Gb  sx126x.o [1]
SX126xSetRegulatorMode  0x013a7a   0x10  Code  Gb  sx126x.o [1]
SX126xSetRfFrequency    0x012683   0x45  Code  Gb  sx126x.o [1]
SX126xSetRfTxPower      0x014130    0x8  Code  Gb  sx1262-board.o [1]
SX126xSetRx             0x01329d   0x1e  Code  Gb  sx126x.o [1]
SX126xSetRxBoosted      0x012b8c   0x32  Code  Gb  sx126x.o [1]
SX126xSetRxDutyCycle    0x012d95   0x2d  Code  Gb  sx126x.o [1]
SX126xSetSleep          0x0136f0   0x17  Code  Gb  sx126x.o [1]
SX126xSetStandby        0x013564   0x1b  Code  Gb  sx126x.o [1]
SX126xSetStopRxTimerOnPreambleDetect
                        0x013913   0x13  Code  Gb  sx126x.o [1]
SX126xSetSyncWord       0x013a19   0x11  Code  Gb  sx126x.o [1]
SX126xSetTxContinuousWave
                        0x01406c    0x9  Code  Gb  sx126x.o [1]
SX126xSetTxParams       0x01064d   0xd1  Code  Gb  sx126x.o [1]
SX126xSetWhiteningSeed  0x012a27   0x34  Code  Gb  sx126x.o [1]
SX126xWaitOnBusy        0x013e2c    0xb  Code  Gb  sx1262-board.o [1]
SX126xWakeup            0x013092   0x24  Code  Gb  sx1262-board.o [1]
SX126xWriteBuffer       0x012b5a   0x32  Code  Gb  sx1262-board.o [1]
SX126xWriteCommand      0x0127f6   0x3a  Code  Gb  sx1262-board.o [1]
SX126xWriteRegister     0x012f17   0x29  Code  Gb  sx1262-board.o [1]
SX126xWriteRegisters    0x012c50   0x30  Code  Gb  sx1262-board.o [1]
SYSCFG_REMAPPinConfig   0x01251d   0x49  Code  Gb  stm8l15x_syscfg.o [1]
SYSDivFactor            0x00873d    0x5  Data  Gb  stm8l15x_clk.o [1]
ScheduleTx              0x008776  0x167  Code  Lc  LoRaMac.o [1]
SecondsInDay            0x00874a    0x4  Data  Lc  rtc-board.o [3]
SecondsInHour           0x00876c    0x2  Data  Lc  rtc-board.o [3]
SecondsInLeapYear       0x00874e    0x4  Data  Lc  rtc-board.o [3]
SecondsInMinute         0x008774    0x1  Data  Lc  rtc-board.o [3]
SecondsInYear           0x008752    0x4  Data  Lc  rtc-board.o [3]
Send                    0x008fcb   0x26  Code  Gb  LoRaMac.o [1]
SendFrame               0x011c42   0x5f  Code  Lc  main.o [1]
SendFrameOnChannel      0x01111f   0x9f  Code  Gb  LoRaMac.o [1]
SetTxContinuousWave     0x0090bb   0x43  Code  Gb  LoRaMac.o [1]
SetTxContinuousWave1    0x0090fe   0x13  Code  Gb  LoRaMac.o [1]
SpiDeInit               0x0116e7   0x84  Code  Gb  spi-board.o [1]
SpiInOut                0x0123a8   0x4c  Code  Gb  spi-board.o [1]
SpiInit                 0x00d6fc  0x16a  Code  Gb  spi-board.o [1]
SpiInitialized          0x0009d1    0x1  Data  Lc  spi-board.o [1]
SrvAckRequested         0x0009c0    0x1  Data  Lc  LoRaMac.o [1]
SystemWakeupTimeCalibrated
                        0x0009b6    0x1  Data  Lc  board.o [1]
TIM1_CAP_IRQHandler     0x014287    0x1  Code  Gb  stm8l15x_it.o [1]
TIM1_UPD_OVF_TRG_COM_IRQHandler
                        0x014286    0x1  Code  Gb  stm8l15x_it.o [1]
TIM2_CAP_IRQHandler     0x014283    0x1  Code  Gb  stm8l15x_it.o [1]
TIM2_UPD_OVF_TRG_BRK_IRQHandler
                        0x014282    0x1  Code  Gb  stm8l15x_it.o [1]
TIM3_CAP_IRQHandler     0x014285    0x1  Code  Gb  stm8l15x_it.o [1]
TIM3_UPD_OVF_TRG_BRK_IRQHandler
                        0x014284    0x1  Code  Gb  stm8l15x_it.o [1]
TIM4_UPD_OVF_TRG_IRQHandler
                        0x014288    0x1  Code  Gb  stm8l15x_it.o [1]
TRAP_IRQHandler         0x014278    0x1  Code  Gb  stm8l15x_it.o [1]
TimerGetCurrentTime     0x014249    0x4  Code  Gb  timer.o [1]
TimerGetElapsedTime     0x01424d    0x4  Code  Gb  timer.o [1]
TimerInit               0x012dee   0x2c  Code  Gb  timer.o [1]
TimerInsertNewHeadTimer
                        0x01286a   0x3a  Code  Lc  timer.o [1]
TimerInsertTimer        0x01107e   0xa1  Code  Lc  timer.o [1]
TimerIrqHandler         0x01138a   0x96  Code  Gb  timer.o [1]
TimerListHead           0x0009b1    0x2  Data  Lc  timer.o [1]
TimerLowPowerHandler    0x012e9b   0x2a  Code  Gb  timer.o [1]
TimerSetValue           0x0134f7   0x1c  Code  Gb  timer.o [1]
TimerStart              0x011661   0x86  Code  Gb  timer.o [1]
TimerStop               0x010c86   0xb5  Code  Gb  timer.o [1]
TxDelayedTimer          0x0008a3    0xe  Data  Lc  LoRaMac.o [1]
TxDutyCycleTime         0x00005a    0x4  Data  Lc  main.o [1]
TxNextPacketTimer       0x0008db    0xe  Data  Lc  main.o [1]
TxTimeOnAir             0x00096d    0x4  Data  Gb  LoRaMac.o [1]
TxTimeout               0x000971    0x4  Data  Gb  radio.o [1]
TxTimeoutTimer          0x0008e9    0xe  Data  Gb  radio.o [1]
USART1_RX_IRQHandler    0x01428b    0x1  Code  Gb  stm8l15x_it.o [1]
USART1_TX_IRQHandler    0x01428a    0x1  Code  Gb  stm8l15x_it.o [1]
USART_Cmd               0x013a3a   0x10  Code  Gb  stm8l15x_usart.o [1]
USART_DeInit            0x0130fe   0x23  Code  Gb  stm8l15x_usart.o [1]
USART_GetFlagStatus     0x01336d   0x1d  Code  Gb  stm8l15x_usart.o [1]
USART_Init              0x01176b   0x82  Code  Gb  stm8l15x_usart.o [1]
USART_SendData8         0x01425e    0x3  Code  Gb  stm8l15x_usart.o [1]
UpLinkCounter           0x000949    0x4  Data  Lc  LoRaMac.o [1]
WakeUpTimeInitialized   0x0009db    0x1  Data  Gb  rtc-board.o [3]
_GenldFull              0x00b0f4  0x3b0  Code  Lc  xprintffull.o [5]
_LdtobFull              0x00a803  0x47a  Code  Lc  xprintffull.o [5]
_LitobFull              0x00d2a6  0x181  Code  Lc  xprintffull.o [5]
_PrintfFull             0x00ac7d  0x477  Code  Gb  xprintffull.o [5]
_Prout                  0x013206   0x1f  Code  Gb  xprout.o [5]
_PutcharFull            0x012d67   0x2e  Code  Lc  xprintffull.o [5]
_PutcharsFull           0x012707   0x3e  Code  Lc  xprintffull.o [5]
__DebugBreak            0x01428d    0x1  Code  Gb  __dbg_break.o [4]
__exit                  0x0137a4   0x16  Code  Gb  __dbg_xxexit.o [4]
__iar_Dint              0x0108b2   0xc9  Code  Gb  xdint.o [5]
__iar_Dnorm             0x00d144         Code  Gb  float_libsup.o [5]
__iar_Dscale            0x00d1d2         Code  Gb  float_libsup.o [5]
__iar_Dtest             0x00d124         Code  Gb  float_libsup.o [5]
__iar_Dunscale          0x00d180         Code  Gb  float_libsup.o [5]
__iar_Errno             0x0009b3    0x2  Data  Gb  errno.o [5]
__iar_Exp               0x00be12  0x26b  Code  Gb  xexp.o [5]
__iar_Logpoly           0x013d22    0xc  Code  Gb  xlog.o [5]
__iar_Memchr            0x013186   0x21  Code  Gb  memchr.o [5]
__iar_Strchr            0x013877   0x15  Code  Gb  strchr.o [5]
__iar_copy_init2        0x012f68         Code  Gb  init_small.o [5]
__iar_data_init2        0x0132f7   0x1e  Code  Gb  init.o [5]
__iar_program_start     0x013735         Code  Gb  cstartup.o [5]
__iar_unhandled_exception
                        0x014267         Code  Gb  unhandled_exception.o [5]
__iar_zero_init2        0x013315         Code  Gb  init_small.o [5]
__intvec                0x008000         Data  Gb  interrupt.o [5]
__low_level_init        0x014264    0x3  Code  Gb  low_level_init.o [5]
_exit                   0x0141de         Code  Gb  cexit.o [5]
_interrupt_1            0x014278         Code  Gb  stm8l15x_it.o [1]
_interrupt_10           0x013549         Code  Gb  stm8l15x_it.o [1]
_interrupt_11           0x0133c3         Code  Gb  stm8l15x_it.o [1]
_interrupt_12           0x0133df         Code  Gb  stm8l15x_it.o [1]
_interrupt_13           0x0133fb         Code  Gb  stm8l15x_it.o [1]
_interrupt_14           0x013417         Code  Gb  stm8l15x_it.o [1]
_interrupt_15           0x013433         Code  Gb  stm8l15x_it.o [1]
_interrupt_16           0x01344f         Code  Gb  stm8l15x_it.o [1]
_interrupt_17           0x01346b         Code  Gb  stm8l15x_it.o [1]
_interrupt_18           0x01427f         Code  Gb  stm8l15x_it.o [1]
_interrupt_19           0x014280         Code  Gb  stm8l15x_it.o [1]
_interrupt_2            0x014277         Code  Gb  stm8l15x_it.o [1]
_interrupt_20           0x014281         Code  Gb  stm8l15x_it.o [1]
_interrupt_21           0x014282         Code  Gb  stm8l15x_it.o [1]
_interrupt_22           0x014283         Code  Gb  stm8l15x_it.o [1]
_interrupt_23           0x014284         Code  Gb  stm8l15x_it.o [1]
_interrupt_24           0x014285         Code  Gb  stm8l15x_it.o [1]
_interrupt_25           0x014286         Code  Gb  stm8l15x_it.o [1]
_interrupt_26           0x014287         Code  Gb  stm8l15x_it.o [1]
_interrupt_27           0x014288         Code  Gb  stm8l15x_it.o [1]
_interrupt_28           0x014289         Code  Gb  stm8l15x_it.o [1]
_interrupt_29           0x01428a         Code  Gb  stm8l15x_it.o [1]
_interrupt_3            0x014279         Code  Gb  stm8l15x_it.o [1]
_interrupt_30           0x01428b         Code  Gb  stm8l15x_it.o [1]
_interrupt_31           0x01428c         Code  Gb  stm8l15x_it.o [1]
_interrupt_4            0x01427a         Code  Gb  stm8l15x_it.o [1]
_interrupt_5            0x01427b         Code  Gb  stm8l15x_it.o [1]
_interrupt_6            0x0131a7         Code  Gb  stm8l15x_it.o [1]
_interrupt_7            0x01427c         Code  Gb  stm8l15x_it.o [1]
_interrupt_8            0x01427d         Code  Gb  stm8l15x_it.o [1]
_interrupt_9            0x01427e         Code  Gb  stm8l15x_it.o [1]
aBlock                  0x000027   0x10  Data  Lc  LoRaMacCrypto.o [1]
aes_encrypt             0x0119d9   0x71  Code  Gb  aes.o [1]
aes_set_key             0x00db1d  0x14b  Code  Gb  aes.o [1]
ceil                    0x0125f7   0x46  Code  Gb  ceil.o [5]
copy_and_key            0x010100   0xff  Code  Lc  aes.o [1]
copy_block              0x010dee   0xa5  Code  Lc  aes.o [1]
div                     0x012a5b   0x34  Code  Gb  div.o [5]
exit                    0x014251    0x4  Code  Gb  exit.o [5]
floor                   0x01263d   0x46  Code  Gb  floor.o [5]
gPaOptSetting           0x0009d2    0x1  Data  Gb  sx1262-board.o [1]
gfm2_sbox               0x008180  0x100  Data  Lc  aes.o [1]
gfm3_sbox               0x008280  0x100  Data  Lc  aes.o [1]
internal_Pow            0x00b827  0x358  Code  Lc  pow.o [5]
main                    0x00c717  0x1e1  Code  Gb  main.o [1]
memcpy                  0x0131c7   0x20  Code  Gb  memcpy.o [5]
memcpy1                 0x0135e7   0x1a  Code  Gb  utilities.o [1]
memcpyr                 0x012f90   0x27  Code  Gb  utilities.o [1]
memset                  0x01378e   0x16  Code  Gb  memset.o [5]
memset1                 0x013926   0x13  Code  Gb  utilities.o [1]
misoIndex               0x0009ab    0x2  Data  Gb  spi-board.o [1]
mix_sub_columns         0x00c07d  0x24a  Code  Lc  aes.o [1]
mosiIndex               0x0009a9    0x2  Data  Gb  spi-board.o [1]
next                    0x0000b7    0x4  Data  Lc  utilities.o [1]
nssIndex                0x0009af    0x2  Data  Gb  spi-board.o [1]
pad                     0x012745   0x3d  Code  Lc  xprintffull.o [5]
pow                     0x00bb96    0x5  Code  Gb  pow.o [5]
printf                  0x0130da   0x24  Code  Gb  printf.o [5]
putchar                 0x013026   0x24  Code  Gb  board.o [1]
randr                   0x0122c0   0x4f  Code  Gb  utilities.o [1]
round                   0x013143   0x22  Code  Lc  rtc-board.o [3]
sBlock                  0x000858   0x10  Data  Lc  LoRaMacCrypto.o [1]
sbox                    0x008080  0x100  Data  Lc  aes.o [1]
scale                   0x012181   0x51  Code  Lc  xprintffull.o [5]
sclkIndex               0x0009ad    0x2  Data  Gb  spi-board.o [1]
shift_sub_rows          0x010e93   0xa5  Code  Lc  aes.o [1]
spi_port                0x0009a7    0x2  Data  Gb  spi-board.o [1]
srand1                  0x0141b2    0x7  Code  Gb  utilities.o [1]
strlen                  0x013c6d    0xd  Code  Gb  strlen.o [5]
xor_block               0x01071e   0xcb  Code  Lc  aes.o [1]


[1] = D:\lora_asr6505_pingpong\ChipMatrix_ASR6505\Projects\ClassA\EWSTM8\Debug\Obj
[2] = command line
[3] = asrlib.a
[4] = dbgstm8mmd.a
[5] = dlstm8mmn.a

  41 652 bytes of readonly  code memory
   1 910 bytes of readonly  data memory
   2 781 bytes of readwrite data memory

Errors: none
Warnings: none
