###############################################################################
#
# IAR ELF Linker V3.11.1.207 for STM8                     04/Nov/2021  20:22:07
# Copyright 2010-2019 IAR Systems AB.
#
#    Output file  =  
#        D:\lora_asr6505_pingpong\ChipMatrix_ASR6505\Projects\ClassA\EWSTM8\Debug\Exe\project.out
#    Map file     =  
#        D:\lora_asr6505_pingpong\ChipMatrix_ASR6505\Projects\ClassA\EWSTM8\Debug\List\project.map
#    Command line =  
#        -f C:\Users\ADMINI~1\AppData\Local\Temp\EW7B47.tmp
#        (D:\lora_asr6505_pingpong\ChipMatrix_ASR6505\Projects\ClassA\EWSTM8\Debug\Obj\aes.o
#        D:\lora_asr6505_pingpong\ChipMatrix_ASR6505\Projects\ClassA\EWSTM8\Debug\Obj\board.o
#        D:\lora_asr6505_pingpong\ChipMatrix_ASR6505\Projects\ClassA\EWSTM8\Debug\Obj\cmac.o
#        D:\lora_asr6505_pingpong\ChipMatrix_ASR6505\Projects\ClassA\EWSTM8\Debug\Obj\delay-board.o
#        D:\lora_asr6505_pingpong\ChipMatrix_ASR6505\Projects\ClassA\EWSTM8\Debug\Obj\delay.o
#        D:\lora_asr6505_pingpong\ChipMatrix_ASR6505\Projects\ClassA\EWSTM8\Debug\Obj\gpio-board.o
#        D:\lora_asr6505_pingpong\ChipMatrix_ASR6505\Projects\ClassA\EWSTM8\Debug\Obj\gpio.o
#        D:\lora_asr6505_pingpong\ChipMatrix_ASR6505\Projects\ClassA\EWSTM8\Debug\Obj\LoRaMac.o
#        D:\lora_asr6505_pingpong\ChipMatrix_ASR6505\Projects\ClassA\EWSTM8\Debug\Obj\LoRaMacCrypto.o
#        D:\lora_asr6505_pingpong\ChipMatrix_ASR6505\Projects\ClassA\EWSTM8\Debug\Obj\main.o
#        D:\lora_asr6505_pingpong\ChipMatrix_ASR6505\Projects\ClassA\EWSTM8\Debug\Obj\radio.o
#        D:\lora_asr6505_pingpong\ChipMatrix_ASR6505\Projects\ClassA\EWSTM8\Debug\Obj\Region.o
#        D:\lora_asr6505_pingpong\ChipMatrix_ASR6505\Projects\ClassA\EWSTM8\Debug\Obj\RegionCN470.o
#        D:\lora_asr6505_pingpong\ChipMatrix_ASR6505\Projects\ClassA\EWSTM8\Debug\Obj\RegionCommon.o
#        D:\lora_asr6505_pingpong\ChipMatrix_ASR6505\Projects\ClassA\EWSTM8\Debug\Obj\spi-board.o
#        D:\lora_asr6505_pingpong\ChipMatrix_ASR6505\Projects\ClassA\EWSTM8\Debug\Obj\stm8_interrupt_vector.o
#        D:\lora_asr6505_pingpong\ChipMatrix_ASR6505\Projects\ClassA\EWSTM8\Debug\Obj\stm8l15x_aes.o
#        D:\lora_asr6505_pingpong\ChipMatrix_ASR6505\Projects\ClassA\EWSTM8\Debug\Obj\stm8l15x_clk.o
#        D:\lora_asr6505_pingpong\ChipMatrix_ASR6505\Projects\ClassA\EWSTM8\Debug\Obj\stm8l15x_dma.o
#        D:\lora_asr6505_pingpong\ChipMatrix_ASR6505\Projects\ClassA\EWSTM8\Debug\Obj\stm8l15x_exti.o
#        D:\lora_asr6505_pingpong\ChipMatrix_ASR6505\Projects\ClassA\EWSTM8\Debug\Obj\stm8l15x_flash.o
#        D:\lora_asr6505_pingpong\ChipMatrix_ASR6505\Projects\ClassA\EWSTM8\Debug\Obj\stm8l15x_gpio.o
#        D:\lora_asr6505_pingpong\ChipMatrix_ASR6505\Projects\ClassA\EWSTM8\Debug\Obj\stm8l15x_i2c.o
#        D:\lora_asr6505_pingpong\ChipMatrix_ASR6505\Projects\ClassA\EWSTM8\Debug\Obj\stm8l15x_it.o
#        D:\lora_asr6505_pingpong\ChipMatrix_ASR6505\Projects\ClassA\EWSTM8\Debug\Obj\stm8l15x_iwdg.o
#        D:\lora_asr6505_pingpong\ChipMatrix_ASR6505\Projects\ClassA\EWSTM8\Debug\Obj\stm8l15x_pwr.o
#        D:\lora_asr6505_pingpong\ChipMatrix_ASR6505\Projects\ClassA\EWSTM8\Debug\Obj\stm8l15x_rtc.o
#        D:\lora_asr6505_pingpong\ChipMatrix_ASR6505\Projects\ClassA\EWSTM8\Debug\Obj\stm8l15x_spi.o
#        D:\lora_asr6505_pingpong\ChipMatrix_ASR6505\Projects\ClassA\EWSTM8\Debug\Obj\stm8l15x_syscfg.o
#        D:\lora_asr6505_pingpong\ChipMatrix_ASR6505\Projects\ClassA\EWSTM8\Debug\Obj\stm8l15x_tim1.o
#        D:\lora_asr6505_pingpong\ChipMatrix_ASR6505\Projects\ClassA\EWSTM8\Debug\Obj\stm8l15x_tim2.o
#        D:\lora_asr6505_pingpong\ChipMatrix_ASR6505\Projects\ClassA\EWSTM8\Debug\Obj\stm8l15x_tim3.o
#        D:\lora_asr6505_pingpong\ChipMatrix_ASR6505\Projects\ClassA\EWSTM8\Debug\Obj\stm8l15x_tim4.o
#        D:\lora_asr6505_pingpong\ChipMatrix_ASR6505\Projects\ClassA\EWSTM8\Debug\Obj\stm8l15x_tim5.o
#        D:\lora_asr6505_pingpong\ChipMatrix_ASR6505\Projects\ClassA\EWSTM8\Debug\Obj\stm8l15x_usart.o
#        D:\lora_asr6505_pingpong\ChipMatrix_ASR6505\Projects\ClassA\EWSTM8\Debug\Obj\stm8l15x_wwdg.o
#        D:\lora_asr6505_pingpong\ChipMatrix_ASR6505\Projects\ClassA\EWSTM8\Debug\Obj\sx1262-board.o
#        D:\lora_asr6505_pingpong\ChipMatrix_ASR6505\Projects\ClassA\EWSTM8\Debug\Obj\sx126x.o
#        D:\lora_asr6505_pingpong\ChipMatrix_ASR6505\Projects\ClassA\EWSTM8\Debug\Obj\timer.o
#        D:\lora_asr6505_pingpong\ChipMatrix_ASR6505\Projects\ClassA\EWSTM8\Debug\Obj\utilities.o
#        --redirect _Printf=_PrintfFull --redirect _Scanf=_ScanfFullNoMb
#        --no_out_extension -o
#        D:\lora_asr6505_pingpong\ChipMatrix_ASR6505\Projects\ClassA\EWSTM8\Debug\Exe\project.out
#        --map
#        D:\lora_asr6505_pingpong\ChipMatrix_ASR6505\Projects\ClassA\EWSTM8\Debug\List\project.map
#        --config D:\IAR_STM8\stm8\config\lnkstm8l152m8.icf --config_def
#        _CSTACK_SIZE=0x100 --config_def _HEAP_SIZE=0x100
#        D:\lora_asr6505_pingpong\ChipMatrix_ASR6505\Projects\ClassA\EWSTM8\..\..\..\Libraries\asrlib\IAR\asrlib.a
#        --entry __iar_program_start --debug_lib)
#
###############################################################################

*******************************************************************************
*** RUNTIME MODEL ATTRIBUTES
***

__SystemLibrary            = DLib
__code_model               = medium_or_large
__core                     = stm8
__data_model               = medium
__dlib_file_descriptor     = 0
__dlib_full_locale_support = 0
__rt_version               = 4


*******************************************************************************
*** PLACEMENT SUMMARY
***

"A0":  place at start of [0x000000-0x0000ff] { rw section .vregs };
"A1":  place at end of [0x000000-0x000fff] { block CSTACK };
"P2":  place in [from 0x000000 to 0x000fff] {
          block HEAP, rw section __DLIB_PERTHREAD, rw section .far.bss,
          rw section .far.data, rw section .far.noinit,
          rw section .far_func.textrw, rw section .huge.bss,
          rw section .huge.data, rw section .huge.noinit,
          rw section .huge_func.textrw, rw section .iar.dynexit,
          rw section .near.bss, rw section .near.data, rw section .near.noinit,
          rw section .near_func.textrw };
"A2":  place at start of [0x008000-0x00ffff] { block INTVEC };
"P3":  place in [from 0x008000 to 0x00ffff] {
          ro section __DLIB_PERTHREAD_init, ro section .far.data_init,
          ro section .far_func.textrw_init, ro section .huge.data_init,
          ro section .huge_func.textrw_init, ro section .iar.init_table,
          ro section .init_array, ro section .near.data_init,
          ro section .near.rodata, ro section .near_func.text,
          ro section .near_func.textrw_init, ro section .tiny.data_init,
          ro section .tiny.rodata_init };
"P4":  place in [from 0x008000 to 0x00ffff repeat 2] {
          ro section .far.rodata, ro section .far_func.text };
do not initialize {
   rw section .eeprom.noinit, rw section .far.noinit, rw section .huge.noinit,
   rw section .near.noinit, rw section .tiny.noinit, rw section .vregs };
initialize by copy {
   rw section .far.bss, rw section .far.data, rw section .far_func.textrw,
   rw section .huge.bss, rw section .huge.data, rw section .huge_func.textrw,
   rw section .iar.dynexit, rw section .near.bss, rw section .near.data,
   rw section .near_func.textrw, rw section .tiny.bss, rw section .tiny.data,
   ro section .tiny.rodata };

No sections matched the following patterns:

  ro section .far.data_init          in "P3"
  ro section .far.rodata             in "P4"
  ro section .far_func.textrw_init   in "P3"
  ro section .huge.data_init         in "P3"
  ro section .huge.rodata            in "P5"
  ro section .huge_func.text         in "P5"
  ro section .huge_func.textrw_init  in "P3"
  ro section .iar.init_table         in "P3"
  ro section .init_array             in "P3"
  ro section .near_func.textrw_init  in "P3"
  ro section .tiny.data_init         in "P3"
  ro section .tiny.rodata_init       in "P3"
  ro section __DLIB_PERTHREAD_init   in "P3"
  rw section .far.bss                in "P2"
  rw section .far.data               in "P2"
  rw section .far.noinit             in "P2"
  rw section .far_func.textrw        in "P2"
  rw section .huge.bss               in "P2"
  rw section .huge.data              in "P2"
  rw section .huge.noinit            in "P2"
  rw section .huge_func.textrw       in "P2"
  rw section .iar.dynexit            in "P2"
  rw section .near.noinit            in "P2"
  rw section .near_func.textrw       in "P2"
  rw section .tiny.bss               in "P1"
  rw section .tiny.data              in "P1"
  rw section .tiny.noinit            in "P1"
  rw section .tiny.rodata            in "P1"
  rw section __DLIB_PERTHREAD        in "P2"
  section .eeprom.data               in "P6-P8"
  section .eeprom.noinit             in "P6-P8"
  section .eeprom.rodata             in "P6-P8"


  Section            Kind      Address    Size  Object
  -------            ----      -------    ----  ------
"A0":                                     0x10
  .vregs             uninit   0x000000    0x10  vregs.o [5]
                            - 0x000010    0x10

"P2", part 1 of 2:                        0xc7
  P2-1                        0x000010    0xc7  <Init block>
    .near.data       inited   0x000010     0x2  board.o [1]
    .near.data       inited   0x000012     0x2  board.o [1]
    .near.data       inited   0x000014     0x1  LoRaMac.o [1]
    .near.data       inited   0x000015     0x1  LoRaMac.o [1]
    .near.data       inited   0x000016     0x1  LoRaMac.o [1]
    .near.data       inited   0x000017    0x10  LoRaMacCrypto.o [1]
    .near.data       inited   0x000027    0x10  LoRaMacCrypto.o [1]
    .near.data       inited   0x000037     0x8  main.o [1]
    .near.data       inited   0x00003f    0x10  main.o [1]
    .near.data       inited   0x00004f    0x10  main.o [1]
    .near.data       inited   0x00005f    0x10  main.o [1]
    .near.data       inited   0x00006f     0x4  main.o [1]
    .near.data       inited   0x000073     0x1  main.o [1]
    .near.data       inited   0x000074     0x1  main.o [1]
    .near.data       inited   0x000075     0x1  main.o [1]
    .near.data       inited   0x000076     0x4  main.o [1]
    .near.data       inited   0x00007a     0x1  main.o [1]
    .near.data       inited   0x00007b    0x48  radio.o [1]
    .near.data       inited   0x0000c3     0x1  radio.o [1]
    .near.data       inited   0x0000c4     0xf  RegionCN470.o [1]
    .near.data       inited   0x0000d3     0x4  utilities.o [1]
                            - 0x0000d7    0xc7

"P2", part 2 of 2:                       0x92a
  .near.bss          zero     0x0000d7   0x115  LoRaMacCrypto.o [1]
  .near.bss          zero     0x0001ec    0xff  LoRaMac.o [1]
  .near.bss          zero     0x0002eb    0xff  LoRaMac.o [1]
  .near.bss          zero     0x0003ea    0xff  radio.o [1]
  .near.bss          zero     0x0004e9    0xf1  LoRaMacCrypto.o [1]
  .near.bss          zero     0x0005da    0x80  LoRaMac.o [1]
  .near.bss          zero     0x00065a    0x80  LoRaMac.o [1]
  .near.bss          zero     0x0006da    0x80  radio.o [1]
  .near.bss          zero     0x00075a    0x30  gpio-board.o [1]
  .near.bss          zero     0x00078a    0x2c  LoRaMac.o [1]
  .near.bss          zero     0x0007b6    0x2c  LoRaMac.o [1]
  .near.bss          zero     0x0007e2    0x15  LoRaMac.o [1]
  .near.bss          zero     0x0007f7    0x14  LoRaMac.o [1]
  .near.bss          zero     0x00080b    0x14  LoRaMac.o [1]
  .near.bss          zero     0x00081f    0x13  LoRaMac.o [1]
  .near.bss          zero     0x000832    0x12  LoRaMac.o [1]
  .near.bss          zero     0x000844    0x10  LoRaMac.o [1]
  .near.bss          zero     0x000854    0x10  LoRaMac.o [1]
  .near.bss          zero     0x000864    0x10  LoRaMacCrypto.o [1]
  .near.bss          zero     0x000874    0x10  LoRaMacCrypto.o [1]
  .near.bss          zero     0x000884    0x10  main.o [1]
  .near.bss          zero     0x000894     0xf  radio.o [1]
  .near.bss          zero     0x0008a3     0xe  board.o [1]
  .near.bss          zero     0x0008b1     0xe  LoRaMac.o [1]
  .near.bss          zero     0x0008bf     0xe  LoRaMac.o [1]
  .near.bss          zero     0x0008cd     0xe  LoRaMac.o [1]
  .near.bss          zero     0x0008db     0xe  LoRaMac.o [1]
  .near.bss          zero     0x0008e9     0xe  LoRaMac.o [1]
  .near.bss          zero     0x0008f7     0xe  main.o [1]
  .near.bss          zero     0x000905     0xe  radio.o [1]
  .near.bss          zero     0x000913     0xe  radio.o [1]
  .near.bss          zero     0x000921     0xc  RegionCN470.o [1]
  .near.bss          zero     0x00092d     0xc  RegionCN470.o [1]
  .near.bss          zero     0x000939     0xc  rtc-board.o [3]
  .near.bss          zero     0x000945     0x9  sx1262-board.o [1]
  .near.bss          zero     0x00094e     0x8  LoRaMac.o [1]
  .near.bss          zero     0x000956     0x8  main.o [1]
  .near.bss          zero     0x00095e     0x7  rtc-board.o [3]
  .near.bss          zero     0x000965     0x4  LoRaMac.o [1]
  .near.bss          zero     0x000969     0x4  LoRaMac.o [1]
  .near.bss          zero     0x00096d     0x4  LoRaMac.o [1]
  .near.bss          zero     0x000971     0x4  LoRaMac.o [1]
  .near.bss          zero     0x000975     0x4  LoRaMac.o [1]
  .near.bss          zero     0x000979     0x4  LoRaMac.o [1]
  .near.bss          zero     0x00097d     0x4  LoRaMac.o [1]
  .near.bss          zero     0x000981     0x4  LoRaMac.o [1]
  .near.bss          zero     0x000985     0x4  LoRaMac.o [1]
  .near.bss          zero     0x000989     0x4  LoRaMac.o [1]
  .near.bss          zero     0x00098d     0x4  LoRaMac.o [1]
  .near.bss          zero     0x000991     0x4  LoRaMac.o [1]
  .near.bss          zero     0x000995     0x4  radio.o [1]
  .near.bss          zero     0x000999     0x4  radio.o [1]
  .near.bss          zero     0x00099d     0x4  sx126x.o [1]
  .near.bss          zero     0x0009a1     0x4  rtc-board.o [3]
  .near.bss          zero     0x0009a5     0x4  rtc-board.o [3]
  .near.bss          zero     0x0009a9     0x4  rtc-board.o [3]
  .near.bss          zero     0x0009ad     0x4  rtc-board.o [3]
  .near.bss          zero     0x0009b1     0x4  rtc-board.o [3]
  .near.bss          zero     0x0009b5     0x2  LoRaMac.o [1]
  .near.bss          zero     0x0009b7     0x2  LoRaMac.o [1]
  .near.bss          zero     0x0009b9     0x2  LoRaMac.o [1]
  .near.bss          zero     0x0009bb     0x2  LoRaMac.o [1]
  .near.bss          zero     0x0009bd     0x2  LoRaMac.o [1]
  .near.bss          zero     0x0009bf     0x2  LoRaMac.o [1]
  .near.bss          zero     0x0009c1     0x2  LoRaMac.o [1]
  .near.bss          zero     0x0009c3     0x2  LoRaMac.o [1]
  .near.bss          zero     0x0009c5     0x2  LoRaMac.o [1]
  .near.bss          zero     0x0009c7     0x2  radio.o [1]
  .near.bss          zero     0x0009c9     0x2  radio.o [1]
  .near.bss          zero     0x0009cb     0x2  spi-board.o [1]
  .near.bss          zero     0x0009cd     0x2  spi-board.o [1]
  .near.bss          zero     0x0009cf     0x2  spi-board.o [1]
  .near.bss          zero     0x0009d1     0x2  spi-board.o [1]
  .near.bss          zero     0x0009d3     0x2  spi-board.o [1]
  .near.bss          zero     0x0009d5     0x2  timer.o [1]
  .near.bss          zero     0x0009d7     0x2  errno.o [5]
  .near.bss          zero     0x0009d9     0x1  board.o [1]
  .near.bss          zero     0x0009da     0x1  board.o [1]
  .near.bss          zero     0x0009db     0x1  LoRaMac.o [1]
  .near.bss          zero     0x0009dc     0x1  LoRaMac.o [1]
  .near.bss          zero     0x0009dd     0x1  LoRaMac.o [1]
  .near.bss          zero     0x0009de     0x1  LoRaMac.o [1]
  .near.bss          zero     0x0009df     0x1  LoRaMac.o [1]
  .near.bss          zero     0x0009e0     0x1  LoRaMac.o [1]
  .near.bss          zero     0x0009e1     0x1  LoRaMac.o [1]
  .near.bss          zero     0x0009e2     0x1  LoRaMac.o [1]
  .near.bss          zero     0x0009e3     0x1  LoRaMac.o [1]
  .near.bss          zero     0x0009e4     0x1  LoRaMac.o [1]
  .near.bss          zero     0x0009e5     0x1  LoRaMac.o [1]
  .near.bss          zero     0x0009e6     0x1  LoRaMac.o [1]
  .near.bss          zero     0x0009e7     0x1  LoRaMac.o [1]
  .near.bss          zero     0x0009e8     0x1  LoRaMac.o [1]
  .near.bss          zero     0x0009e9     0x1  LoRaMac.o [1]
  .near.bss          zero     0x0009ea     0x1  LoRaMac.o [1]
  .near.bss          zero     0x0009eb     0x1  LoRaMac.o [1]
  .near.bss          zero     0x0009ec     0x1  LoRaMac.o [1]
  .near.bss          zero     0x0009ed     0x1  LoRaMac.o [1]
  .near.bss          zero     0x0009ee     0x1  LoRaMac.o [1]
  .near.bss          zero     0x0009ef     0x1  LoRaMac.o [1]
  .near.bss          zero     0x0009f0     0x1  LoRaMac.o [1]
  .near.bss          zero     0x0009f1     0x1  LoRaMac.o [1]
  .near.bss          zero     0x0009f2     0x1  main.o [1]
  .near.bss          zero     0x0009f3     0x1  radio.o [1]
  .near.bss          zero     0x0009f4     0x1  radio.o [1]
  .near.bss          zero     0x0009f5     0x1  spi-board.o [1]
  .near.bss          zero     0x0009f6     0x1  sx1262-board.o [1]
  .near.bss          zero     0x0009f7     0x1  sx126x.o [1]
  .near.bss          zero     0x0009f8     0x1  sx126x.o [1]
  .near.bss          zero     0x0009f9     0x1  sx126x.o [1]
  .near.bss          zero     0x0009fa     0x1  timer.o [1]
  .near.bss          zero     0x0009fb     0x1  rtc-board.o [3]
  .near.bss          zero     0x0009fc     0x1  rtc-board.o [3]
  .near.bss          zero     0x0009fd     0x1  rtc-board.o [3]
  .near.bss          zero     0x0009fe     0x1  rtc-board.o [3]
  .near.bss          zero     0x0009ff     0x1  rtc-board.o [3]
  .near.bss          zero     0x000a00     0x1  rtc-board.o [3]
                            - 0x000a01   0x92a

"A1":                                    0x100
  CSTACK                      0x000f00   0x100  <Block>
    CSTACK           uninit   0x000f00   0x100  <Block tail>
                            - 0x001000   0x100

"A2":                                     0x80
  INTVEC                      0x008000    0x80  <Block>
    .intvec          const    0x008000    0x80  interrupt.o [5]
                            - 0x008080    0x80

"P3":                                    0x6cb
  .near.rodata       const    0x008080   0x100  aes.o [1]
  .near.rodata       const    0x008180   0x100  aes.o [1]
  .near.rodata       const    0x008280   0x100  aes.o [1]
  Initializer bytes  const    0x008380    0xc7  <for P2-1>
  .near.rodata       const    0x008447    0x6e  radio.o [1]
  .near.rodata       const    0x0084b5    0x60  RegionCN470.o [1]
  .near.rodata       const    0x008515    0x51  radio.o [1]
  .near_func.text    const    0x008566    0x3c  xprintffull.o [5]
  .near.rodata       const    0x0085a2    0x3b  main.o [1]
  .iar.init_table    const    0x0085dd    0x14  - Linker created -
  .near.rodata       const    0x0085f1    0x1e  RegionCN470.o [1]
  .near.rodata       const    0x00860f    0x1e  RegionCN470.o [1]
  .near.rodata       const    0x00862d    0x18  RegionCN470.o [1]
  .near.rodata       const    0x008645    0x13  main.o [1]
  .near.rodata       const    0x008658    0x10  LoRaMac.o [1]
  .near.rodata       const    0x008668     0xf  LoRaMac.o [1]
  .near.rodata       const    0x008677     0xe  main.o [1]
  .near.rodata       const    0x008685     0xc  RegionCN470.o [1]
  .near.rodata       const    0x008691     0xc  rtc-board.o [3]
  .near.rodata       const    0x00869d     0xc  rtc-board.o [3]
  .near.rodata       const    0x0086a9     0xb  main.o [1]
  .near.rodata       const    0x0086b4     0xa  main.o [1]
  .near.rodata       const    0x0086be     0xa  main.o [1]
  .near.rodata       const    0x0086c8     0xa  main.o [1]
  .near.rodata       const    0x0086d2     0x9  main.o [1]
  .near.rodata       const    0x0086db     0x9  sx126x.o [1]
  .near.rodata       const    0x0086e4     0x8  radio.o [1]
  .near.rodata       const    0x0086ec     0x8  radio.o [1]
  .near.rodata       const    0x0086f4     0x8  sx126x.o [1]
  .near.rodata       const    0x0086fc     0x7  xprintffull.o [5]
  .near.rodata       const    0x008703     0x6  RegionCN470.o [1]
  .near.rodata       const    0x008709     0x6  RegionCN470.o [1]
  .near.rodata       const    0x00870f     0x6  RegionCN470.o [1]
  .near.rodata       const    0x008715     0x5  stm8l15x_clk.o [1]
  .near.rodata       const    0x00871a     0x4  Region.o [1]
  .near.rodata       const    0x00871e     0x4  RegionCN470.o [1]
  .near.rodata       const    0x008722     0x4  rtc-board.o [3]
  .near.rodata       const    0x008726     0x4  rtc-board.o [3]
  .near.rodata       const    0x00872a     0x4  rtc-board.o [3]
  .near.rodata       const    0x00872e     0x4  xprintffull.o [5]
  .near.rodata       const    0x008732     0x4  xprintffull.o [5]
  .near.rodata       const    0x008736     0x4  xprintffull.o [5]
  .near.rodata       const    0x00873a     0x4  xprintffull.o [5]
  .near.rodata       const    0x00873e     0x3  radio.o [1]
  .near.rodata       const    0x008741     0x2  rtc-board.o [3]
  .near.rodata       const    0x008743     0x2  xprintffull.o [5]
  .near.rodata       const    0x008745     0x1  board.o [1]
  .near.rodata       const    0x008746     0x1  board.o [1]
  .near.rodata       const    0x008747     0x1  board.o [1]
  .near.rodata       const    0x008748     0x1  radio.o [1]
  .near.rodata       const    0x008749     0x1  rtc-board.o [3]
  .near.rodata       const    0x00874a     0x1  rtc-board.o [3]
                            - 0x00874b   0x6cb

"P4", part 1 of 2:                      0x60a2
  .far_func.text     ro code  0x00874b  0x14df  LoRaMac.o [1]
  .far_func.text     ro code  0x009c2a   0x5f5  LoRaMac.o [1]
  .far_func.text     ro code  0x00a21f   0x50d  float.o [5]
  .far_func.text     ro code  0x00a72c   0x47a  xprintffull.o [5]
  .far_func.text     ro code  0x00aba6   0x477  xprintffull.o [5]
  .far_func.text     ro code  0x00b01d   0x3b0  xprintffull.o [5]
  .far_func.text     ro code  0x00b3cd   0x383  LoRaMac.o [1]
  .far_func.text     ro code  0x00b750   0x374  pow.o [5]
  .far_func.text     ro code  0x00bac4   0x277  long.o [5]
  .far_func.text     ro code  0x00bd3b   0x26b  xexp.o [5]
  .far_func.text     ro code  0x00bfa6   0x24a  aes.o [1]
  .far_func.text     ro code  0x00c1f0   0x23b  vreg_util.o [5]
  .far_func.text     ro code  0x00c42b   0x215  LoRaMacCrypto.o [1]
  .far_func.text     ro code  0x00c640   0x209  main.o [1]
  .far_func.text     ro code  0x00c849   0x1ca  rtc-board.o [3]
  .far_func.text     ro code  0x00ca13   0x1aa  rtc-board.o [3]
  .far_func.text     ro code  0x00cbbd   0x1a9  radio.o [1]
  .far_func.text     ro code  0x00cd66   0x18d  radio.o [1]
  .far_func.text     ro code  0x00cef3   0x182  RegionCN470.o [1]
  .far_func.text     ro code  0x00d075   0x182  float_libsup.o [5]
  .far_func.text     ro code  0x00d1f7   0x181  xprintffull.o [5]
  .far_func.text     ro code  0x00d378   0x16b  radio.o [1]
  .far_func.text     ro code  0x00d4e3   0x16a  cmac.o [1]
  .far_func.text     ro code  0x00d64d   0x16a  spi-board.o [1]
  .far_func.text     ro code  0x00d7b7   0x169  RegionCN470.o [1]
  .far_func.text     ro code  0x00d920   0x14e  radio.o [1]
  .far_func.text     ro code  0x00da6e   0x14b  aes.o [1]
  .far_func.text     ro code  0x00dbb9   0x143  sx126x.o [1]
  .far_func.text     ro code  0x00dcfc   0x13d  cmac.o [1]
  .far_func.text     ro code  0x00de39   0x139  LoRaMac.o [1]
  .far_func.text     ro code  0x00df72   0x12a  radio.o [1]
  .far_func.text     ro code  0x00e09c   0x11f  gpio-board.o [1]
  .far_func.text     ro code  0x00e1bb   0x118  RegionCommon.o [1]
  .far_func.text     ro code  0x00e2d3   0x10e  board.o [1]
  .far_func.text     ro code  0x00e3e1   0x106  RegionCN470.o [1]
  .far_func.text     ro code  0x00e4e7   0x104  RegionCommon.o [1]
  .far_func.text     ro code  0x00e5eb   0x102  RegionCN470.o [1]
  .far_func.text     ro code  0x00e6ed   0x100  stm8l15x_rtc.o [1]
                            - 0x00e7ed  0x60a2

"P4", part 2 of 2:                      0x417e
  .far_func.text     ro code  0x010000    0xff  aes.o [1]
  .far_func.text     ro code  0x0100ff    0xe6  LoRaMac.o [1]
  .far_func.text     ro code  0x0101e5    0xe6  rtc-board.o [3]
  .far_func.text     ro code  0x0102cb    0xdd  RegionCommon.o [1]
  .far_func.text     ro code  0x0103a8    0xd4  long_util.o [5]
  .far_func.text     ro code  0x01047c    0xd1  RegionCN470.o [1]
  .far_func.text     ro code  0x01054d    0xd1  sx126x.o [1]
  .far_func.text     ro code  0x01061e    0xcb  aes.o [1]
  .far_func.text     ro code  0x0106e9    0xc9  stm8l15x_rtc.o [1]
  .far_func.text     ro code  0x0107b2    0xc9  xdint.o [5]
  .far_func.text     ro code  0x01087b    0xc7  stm8l15x_rtc.o [1]
  .far_func.text     ro code  0x010942    0xc4  gpio-board.o [1]
  .far_func.text     ro code  0x010a06    0xc3  sx126x.o [1]
  .far_func.text     ro code  0x010ac9    0xbd  LoRaMac.o [1]
  .far_func.text     ro code  0x010b86    0xb5  timer.o [1]
  .far_func.text     ro code  0x010c3b    0xb3  RegionCommon.o [1]
  .far_func.text     ro code  0x010cee    0xa5  aes.o [1]
  .far_func.text     ro code  0x010d93    0xa5  aes.o [1]
  .far_func.text     ro code  0x010e38    0xa4  sx126x.o [1]
  .far_func.text     ro code  0x010edc    0xa2  stm8l15x_exti.o [1]
  .far_func.text     ro code  0x010f7e    0xa1  timer.o [1]
  .far_func.text     ro code  0x01101f    0x9f  LoRaMac.o [1]
  .far_func.text     ro code  0x0110be    0x9f  rtc-board.o [3]
  .far_func.text     ro code  0x01115d    0x97  RegionCN470.o [1]
  .far_func.text     ro code  0x0111f4    0x96  RegionCN470.o [1]
  .far_func.text     ro code  0x01128a    0x96  timer.o [1]
  .far_func.text     ro code  0x011320    0x95  RegionCN470.o [1]
  .far_func.text     ro code  0x0113b5    0x94  LoRaMacCrypto.o [1]
  .far_func.text     ro code  0x011449    0x90  RegionCN470.o [1]
  .far_func.text     ro code  0x0114d9    0x88  sx126x.o [1]
  .far_func.text     ro code  0x011561    0x86  timer.o [1]
  .far_func.text     ro code  0x0115e7    0x84  spi-board.o [1]
  .far_func.text     ro code  0x01166b    0x82  stm8l15x_usart.o [1]
  .far_func.text     ro code  0x0116ed    0x81  stm8l15x_clk.o [1]
  .far_func.text     ro code  0x01176e    0x7f  sx126x.o [1]
  .far_func.text     ro code  0x0117ed    0x76  board.o [1]
  .far_func.text     ro code  0x011863    0x76  rtc-board.o [3]
  .far_func.text     ro code  0x0118d9    0x71  aes.o [1]
  .far_func.text     ro code  0x01194a    0x71  RegionCommon.o [1]
  .far_func.text     ro code  0x0119bb    0x64  stm8l15x_gpio.o [1]
  .far_func.text     ro code  0x011a1f    0x62  rtc-board.o [3]
  .far_func.text     ro code  0x011a81    0x61  rtc-board.o [3]
  .far_func.text     ro code  0x011ae2    0x60  rtc-board.o [3]
  .far_func.text     ro code  0x011b42    0x5f  radio.o [1]
  .far_func.text     ro code  0x011ba1    0x5f  stm8l15x_clk.o [1]
  .far_func.text     ro code  0x011c00    0x5e  far_util.o [5]
  .far_func.text     ro code  0x011c5e    0x5e  short.o [5]
  .far_func.text     ro code  0x011cbc    0x5d  main.o [1]
  .far_func.text     ro code  0x011d19    0x5d  radio.o [1]
  .far_func.text     ro code  0x011d76    0x5c  LoRaMac.o [1]
  .far_func.text     ro code  0x011dd2    0x5b  rtc-board.o [3]
  .far_func.text     ro code  0x011e2d    0x5a  RegionCommon.o [1]
  .far_func.text     ro code  0x011e87    0x58  dc_util.o [5]
  .far_func.text     ro code  0x011edf    0x55  stm8l15x_rtc.o [1]
  .far_func.text     ro code  0x011f34    0x53  LoRaMac.o [1]
  .far_func.text     ro code  0x011f87    0x53  main.o [1]
  .far_func.text     ro code  0x011fda    0x52  sx126x.o [1]
  .far_func.text     ro code  0x01202c    0x51  sx1262-board.o [1]
  .far_func.text     ro code  0x01207d    0x51  xprintffull.o [5]
  .far_func.text     ro code  0x0120ce    0x4f  LoRaMac.o [1]
  .far_func.text     ro code  0x01211d    0x4f  LoRaMac.o [1]
  .far_func.text     ro code  0x01216c    0x4f  utilities.o [1]
  .far_func.text     ro code  0x0121bb    0x4e  main.o [1]
  .far_func.text     ro code  0x012209    0x4d  LoRaMacCrypto.o [1]
  .far_func.text     ro code  0x012256    0x4c  main.o [1]
  .far_func.text     ro code  0x0122a2    0x4c  spi-board.o [1]
  .far_func.text     ro code  0x0122ee    0x4b  board.o [1]
  .far_func.text     ro code  0x012339    0x4a  radio.o [1]
  .far_func.text     ro code  0x012383    0x4a  RegionCN470.o [1]
  .far_func.text     ro code  0x0123cd    0x49  stm8l15x_syscfg.o [1]
  .far_func.text     ro code  0x012416    0x49  xprintffull.o [5]
  .far_func.text     ro code  0x01245f    0x48  main.o [1]
  .far_func.text     ro code  0x0124a7    0x48  RegionCN470.o [1]
  .far_func.text     ro code  0x0124ef    0x46  ceil.o [5]
  .far_func.text     ro code  0x012535    0x46  floor.o [5]
  .far_func.text     ro code  0x01257b    0x45  sx126x.o [1]
  .far_func.text     ro code  0x0125c0    0x3f  stm8l15x_rtc.o [1]
  .far_func.text     ro code  0x0125ff    0x3e  xprintffull.o [5]
  .far_func.text     ro code  0x01263d    0x3d  xprintffull.o [5]
  .far_func.text     ro code  0x01267a    0x3a  RegionCommon.o [1]
  .far_func.text     ro code  0x0126b4    0x3a  stm8l15x_rtc.o [1]
  .far_func.text     ro code  0x0126ee    0x3a  sx1262-board.o [1]
  .far_func.text     ro code  0x012728    0x3a  sx1262-board.o [1]
  .far_func.text     ro code  0x012762    0x3a  timer.o [1]
  .far_func.text     ro code  0x01279c    0x39  RegionCN470.o [1]
  .far_func.text     ro code  0x0127d5    0x39  stm8l15x_clk.o [1]
  .far_func.text     ro code  0x01280e    0x39  stm8l15x_rtc.o [1]
  .far_func.text     ro code  0x012847    0x37  stm8l15x_rtc.o [1]
  .far_func.text     ro code  0x01287e    0x36  delay-board.o [1]
  .far_func.text     ro code  0x0128b4    0x36  sx1262-board.o [1]
  .far_func.text     ro code  0x0128ea    0x35  gpio-board.o [1]
  .far_func.text     ro code  0x01291f    0x34  sx126x.o [1]
  .far_func.text     ro code  0x012953    0x34  div.o [5]
  .far_func.text     ro code  0x012987    0x33  stm8l15x_rtc.o [1]
  .far_func.text     ro code  0x0129ba    0x33  sx1262-board.o [1]
  .far_func.text     ro code  0x0129ed    0x33  sx126x.o [1]
  .far_func.text     ro code  0x012a20    0x32  cmac.o [1]
  .far_func.text     ro code  0x012a52    0x32  sx1262-board.o [1]
  .far_func.text     ro code  0x012a84    0x32  sx126x.o [1]
  .far_func.text     ro code  0x012ab6    0x31  LoRaMac.o [1]
  .far_func.text     ro code  0x012ae7    0x31  rtc-board.o [3]
  .far_func.text     ro code  0x012b18    0x30  stm8l15x_spi.o [1]
  .far_func.text     ro code  0x012b48    0x30  sx1262-board.o [1]
  .far_func.text     ro code  0x012b78    0x2f  RegionCommon.o [1]
  .far_func.text     ro code  0x012ba7    0x2e  board.o [1]
  .far_func.text     ro code  0x012bd5    0x2e  radio.o [1]
  .far_func.text     ro code  0x012c03    0x2e  radio.o [1]
  .far_func.text     ro code  0x012c31    0x2e  sx126x.o [1]
  .far_func.text     ro code  0x012c5f    0x2e  xprintffull.o [5]
  .far_func.text     ro code  0x012c8d    0x2d  sx126x.o [1]
  .far_func.text     ro code  0x012cba    0x2c  LoRaMac.o [1]
  .far_func.text     ro code  0x012ce6    0x2c  timer.o [1]
  .far_func.text     ro code  0x012d12    0x2b  RegionCN470.o [1]
  .far_func.text     ro code  0x012d3d    0x2b  sx1262-board.o [1]
  .far_func.text     ro code  0x012d68    0x2b  rtc-board.o [3]
  .far_func.text     ro code  0x012d93    0x2a  timer.o [1]
  .far_func.text     ro code  0x012dbd    0x29  radio.o [1]
  .far_func.text     ro code  0x012de6    0x29  RegionCommon.o [1]
  .far_func.text     ro code  0x012e0f    0x29  sx1262-board.o [1]
  .far_func.text     ro code  0x012e38    0x28  radio.o [1]
  .far_func.text     ro code  0x012e60    0x28  init_small.o [5]
  .far_func.text     ro code  0x012e88    0x27  utilities.o [1]
  .far_func.text     ro code  0x012eaf    0x25  RegionCN470.o [1]
  .far_func.text     ro code  0x012ed4    0x25  move.o [5]
  .far_func.text     ro code  0x012ef9    0x25  xlog.o [5]
  .far_func.text     ro code  0x012f1e    0x24  board.o [1]
  .far_func.text     ro code  0x012f42    0x24  gpio-board.o [1]
  .far_func.text     ro code  0x012f66    0x24  radio.o [1]
  .far_func.text     ro code  0x012f8a    0x24  sx1262-board.o [1]
  .far_func.text     ro code  0x012fae    0x24  utilities.o [1]
  .far_func.text     ro code  0x012fd2    0x24  printf.o [5]
  .far_func.text     ro code  0x012ff6    0x23  stm8l15x_usart.o [1]
  .far_func.text     ro code  0x013019    0x22  sx1262-board.o [1]
  .far_func.text     ro code  0x01303b    0x22  rtc-board.o [3]
  .far_func.text     ro code  0x01305d    0x21  gpio-board.o [1]
  .far_func.text     ro code  0x01307e    0x21  memchr.o [5]
  .far_func.text     ro code  0x01309f    0x20  stm8l15x_it.o [1]
  .far_func.text     ro code  0x0130bf    0x20  memcpy.o [5]
  .far_func.text     ro code  0x0130df    0x1f  LoRaMac.o [1]
  .far_func.text     ro code  0x0130fe    0x1f  xprout.o [5]
  .far_func.text     ro code  0x01311d    0x1e  radio.o [1]
  .far_func.text     ro code  0x01313b    0x1e  stm8l15x_rtc.o [1]
  .far_func.text     ro code  0x013159    0x1e  stm8l15x_rtc.o [1]
  .far_func.text     ro code  0x013177    0x1e  sx1262-board.o [1]
  .far_func.text     ro code  0x013195    0x1e  sx126x.o [1]
  .far_func.text     ro code  0x0131b3    0x1e  rtc-board.o [3]
  .far_func.text     ro code  0x0131d1    0x1e  rtc-board.o [3]
  .far_func.text     ro code  0x0131ef    0x1e  init.o [5]
  .far_func.text     ro code  0x01320d    0x1e  init_small.o [5]
  .far_func.text     ro code  0x01322b    0x1d  LoRaMac.o [1]
  .far_func.text     ro code  0x013248    0x1d  spi-board.o [1]
  .far_func.text     ro code  0x013265    0x1d  stm8l15x_usart.o [1]
  .far_func.text     ro code  0x013282    0x1d  sx126x.o [1]
  .far_func.text     ro code  0x01329f    0x1c  RegionCN470.o [1]
  .far_func.text     ro code  0x0132bb    0x1c  stm8l15x_it.o [1]
  .far_func.text     ro code  0x0132d7    0x1c  stm8l15x_it.o [1]
  .far_func.text     ro code  0x0132f3    0x1c  stm8l15x_it.o [1]
  .far_func.text     ro code  0x01330f    0x1c  stm8l15x_it.o [1]
  .far_func.text     ro code  0x01332b    0x1c  stm8l15x_it.o [1]
  .far_func.text     ro code  0x013347    0x1c  stm8l15x_it.o [1]
  .far_func.text     ro code  0x013363    0x1c  stm8l15x_it.o [1]
  .far_func.text     ro code  0x01337f    0x1c  stm8l15x_rtc.o [1]
  .far_func.text     ro code  0x01339b    0x1c  stm8l15x_rtc.o [1]
  .far_func.text     ro code  0x0133b7    0x1c  sx126x.o [1]
  .far_func.text     ro code  0x0133d3    0x1c  timer.o [1]
  .far_func.text     ro code  0x0133ef    0x1c  timer.o [1]
  .far_func.text     ro code  0x01340b    0x1b  radio.o [1]
  .far_func.text     ro code  0x013426    0x1b  radio.o [1]
  .far_func.text     ro code  0x013441    0x1b  stm8l15x_it.o [1]
  .far_func.text     ro code  0x01345c    0x1b  sx126x.o [1]
  .far_func.text     ro code  0x013477    0x1a  LoRaMac.o [1]
  .far_func.text     ro code  0x013491    0x1a  Region.o [1]
  .far_func.text     ro code  0x0134ab    0x1a  stm8l15x_flash.o [1]
  .far_func.text     ro code  0x0134c5    0x1a  sx126x.o [1]
  .far_func.text     ro code  0x0134df    0x1a  utilities.o [1]
  .far_func.text     ro code  0x0134f9    0x19  cmac.o [1]
  .far_func.text     ro code  0x013512    0x19  stm8l15x_spi.o [1]
  .far_func.text     ro code  0x01352b    0x18  board.o [1]
  .far_func.text     ro code  0x013543    0x18  RegionCN470.o [1]
  .far_func.text     ro code  0x01355b    0x18  RegionCommon.o [1]
  .far_func.text     ro code  0x013573    0x18  stm8l15x_rtc.o [1]
  .far_func.text     ro code  0x01358b    0x18  sx1262-board.o [1]
  .far_func.text     ro code  0x0135a3    0x17  gpio-board.o [1]
  .far_func.text     ro code  0x0135ba    0x17  stm8l15x_rtc.o [1]
  .far_func.text     ro code  0x0135d1    0x17  sx1262-board.o [1]
  .far_func.text     ro code  0x0135e8    0x17  sx126x.o [1]
  .far_func.text     ro code  0x0135ff    0x17  sx126x.o [1]
  .far_func.text     ro code  0x013616    0x17  sx126x.o [1]
  .far_func.text     ro code  0x01362d    0x17  cstartup.o [5]
  .far_func.text     ro code  0x013644    0x16  Region.o [1]
  .far_func.text     ro code  0x01365a    0x16  stm8l15x_rtc.o [1]
  .far_func.text     ro code  0x013670    0x16  rtc-board.o [3]
  .far_func.text     ro code  0x013686    0x16  memset.o [5]
  .far_func.text     ro code  0x01369c    0x16  __dbg_xxexit.o [4]
  .far_func.text     ro code  0x0136b2    0x15  cmac.o [1]
  .far_func.text     ro code  0x0136c7    0x15  RegionCN470.o [1]
  .far_func.text     ro code  0x0136dc    0x15  RegionCommon.o [1]
  .far_func.text     ro code  0x0136f1    0x15  stm8l15x_gpio.o [1]
  .far_func.text     ro code  0x013706    0x15  stm8l15x_rtc.o [1]
  .far_func.text     ro code  0x01371b    0x15  stm8l15x_rtc.o [1]
  .far_func.text     ro code  0x013730    0x15  sx1262-board.o [1]
  .far_func.text     ro code  0x013745    0x15  sx126x.o [1]
  .far_func.text     ro code  0x01375a    0x15  xprintffull.o [5]
  .far_func.text     ro code  0x01376f    0x15  strchr.o [5]
  .far_func.text     ro code  0x013784    0x14  gpio-board.o [1]
  .far_func.text     ro code  0x013798    0x14  RegionCN470.o [1]
  .far_func.text     ro code  0x0137ac    0x13  LoRaMacCrypto.o [1]
  .far_func.text     ro code  0x0137bf    0x13  radio.o [1]
  .far_func.text     ro code  0x0137d2    0x13  stm8l15x_clk.o [1]
  .far_func.text     ro code  0x0137e5    0x13  stm8l15x_spi.o [1]
  .far_func.text     ro code  0x0137f8    0x13  sx1262-board.o [1]
  .far_func.text     ro code  0x01380b    0x13  sx126x.o [1]
  .far_func.text     ro code  0x01381e    0x13  utilities.o [1]
  .far_func.text     ro code  0x013831    0x12  LoRaMac.o [1]
  .far_func.text     ro code  0x013843    0x12  radio.o [1]
  .far_func.text     ro code  0x013855    0x12  stm8l15x_gpio.o [1]
  .far_func.text     ro code  0x013867    0x11  cmac.o [1]
  .far_func.text     ro code  0x013878    0x11  LoRaMac.o [1]
  .far_func.text     ro code  0x013889    0x11  LoRaMacCrypto.o [1]
  .far_func.text     ro code  0x01389a    0x11  Region.o [1]
  .far_func.text     ro code  0x0138ab    0x11  RegionCommon.o [1]
  .far_func.text     ro code  0x0138bc    0x11  stm8l15x_rtc.o [1]
  .far_func.text     ro code  0x0138cd    0x11  stm8l15x_rtc.o [1]
  .far_func.text     ro code  0x0138de    0x11  stm8l15x_rtc.o [1]
  .far_func.text     ro code  0x0138ef    0x11  sx1262-board.o [1]
  .far_func.text     ro code  0x013900    0x11  sx1262-board.o [1]
  .far_func.text     ro code  0x013911    0x11  sx126x.o [1]
  .far_func.text     ro code  0x013922    0x10  radio.o [1]
  .far_func.text     ro code  0x013932    0x10  stm8l15x_usart.o [1]
  .far_func.text     ro code  0x013942    0x10  sx1262-board.o [1]
  .far_func.text     ro code  0x013952    0x10  sx1262-board.o [1]
  .far_func.text     ro code  0x013962    0x10  sx126x.o [1]
  .far_func.text     ro code  0x013972    0x10  sx126x.o [1]
  .far_func.text     ro code  0x013982     0xf  LoRaMac.o [1]
  .far_func.text     ro code  0x013991     0xf  radio.o [1]
  .far_func.text     ro code  0x0139a0     0xf  radio.o [1]
  .far_func.text     ro code  0x0139af     0xf  radio.o [1]
  .far_func.text     ro code  0x0139be     0xf  RegionCN470.o [1]
  .far_func.text     ro code  0x0139cd     0xf  stm8l15x_flash.o [1]
  .far_func.text     ro code  0x0139dc     0xf  stm8l15x_rtc.o [1]
  .far_func.text     ro code  0x0139eb     0xf  sx1262-board.o [1]
  .far_func.text     ro code  0x0139fa     0xf  rtc-board.o [3]
  .far_func.text     ro code  0x013a09     0xe  board.o [1]
  .far_func.text     ro code  0x013a17     0xe  LoRaMac.o [1]
  .far_func.text     ro code  0x013a25     0xe  RegionCN470.o [1]
  .far_func.text     ro code  0x013a33     0xe  stm8l15x_exti.o [1]
  .far_func.text     ro code  0x013a41     0xe  stm8l15x_exti.o [1]
  .far_func.text     ro code  0x013a4f     0xe  stm8l15x_rtc.o [1]
  .far_func.text     ro code  0x013a5d     0xe  stm8l15x_rtc.o [1]
  .far_func.text     ro code  0x013a6b     0xe  sx126x.o [1]
  .far_func.text     ro code  0x013a79     0xe  sx126x.o [1]
  .far_func.text     ro code  0x013a87     0xe  xprintffull.o [5]
  .far_func.text     ro code  0x013a95     0xd  cmac.o [1]
  .far_func.text     ro code  0x013aa2     0xd  cmac.o [1]
  .far_func.text     ro code  0x013aaf     0xd  LoRaMac.o [1]
  .far_func.text     ro code  0x013abc     0xd  LoRaMac.o [1]
  .far_func.text     ro code  0x013ac9     0xd  LoRaMac.o [1]
  .far_func.text     ro code  0x013ad6     0xd  LoRaMacCrypto.o [1]
  .far_func.text     ro code  0x013ae3     0xd  radio.o [1]
  .far_func.text     ro code  0x013af0     0xd  radio.o [1]
  .far_func.text     ro code  0x013afd     0xd  spi-board.o [1]
  .far_func.text     ro code  0x013b0a     0xd  stm8l15x_pwr.o [1]
  .far_func.text     ro code  0x013b17     0xd  stm8l15x_spi.o [1]
  .far_func.text     ro code  0x013b24     0xd  sx1262-board.o [1]
  .far_func.text     ro code  0x013b31     0xd  sx1262-board.o [1]
  .far_func.text     ro code  0x013b3e     0xd  sx126x.o [1]
  .far_func.text     ro code  0x013b4b     0xd  sx126x.o [1]
  .far_func.text     ro code  0x013b58     0xd  strlen.o [5]
  .far_func.text     ro code  0x013b65     0xc  LoRaMac.o [1]
  .far_func.text     ro code  0x013b71     0xc  LoRaMac.o [1]
  .far_func.text     ro code  0x013b7d     0xc  LoRaMac.o [1]
  .far_func.text     ro code  0x013b89     0xc  radio.o [1]
  .far_func.text     ro code  0x013b95     0xc  radio.o [1]
  .far_func.text     ro code  0x013ba1     0xc  radio.o [1]
  .far_func.text     ro code  0x013bad     0xc  Region.o [1]
  .far_func.text     ro code  0x013bb9     0xc  Region.o [1]
  .far_func.text     ro code  0x013bc5     0xc  stm8l15x_rtc.o [1]
  .far_func.text     ro code  0x013bd1     0xc  sx1262-board.o [1]
  .far_func.text     ro code  0x013bdd     0xc  sx126x.o [1]
  .far_func.text     ro code  0x013be9     0xc  sx126x.o [1]
  .far_func.text     ro code  0x013bf5     0xc  char.o [5]
  .far_func.text     ro code  0x013c01     0xc  xprintffull.o [5]
  .far_func.text     ro code  0x013c0d     0xc  xlog.o [5]
  .far_func.text     ro code  0x013c19     0xc  switch.o [5]
  .far_func.text     ro code  0x013c25     0xb  aes.o [1]
  .far_func.text     ro code  0x013c30     0xb  board.o [1]
  .far_func.text     ro code  0x013c3b     0xb  gpio-board.o [1]
  .far_func.text     ro code  0x013c46     0xb  LoRaMac.o [1]
  .far_func.text     ro code  0x013c51     0xb  LoRaMac.o [1]
  .far_func.text     ro code  0x013c5c     0xb  LoRaMac.o [1]
  .far_func.text     ro code  0x013c67     0xb  LoRaMac.o [1]
  .far_func.text     ro code  0x013c72     0xb  LoRaMac.o [1]
  .far_func.text     ro code  0x013c7d     0xb  radio.o [1]
  .far_func.text     ro code  0x013c88     0xb  radio.o [1]
  .far_func.text     ro code  0x013c93     0xb  radio.o [1]
  .far_func.text     ro code  0x013c9e     0xb  radio.o [1]
  .far_func.text     ro code  0x013ca9     0xb  Region.o [1]
  .far_func.text     ro code  0x013cb4     0xb  Region.o [1]
  .far_func.text     ro code  0x013cbf     0xb  RegionCN470.o [1]
  .far_func.text     ro code  0x013cca     0xb  RegionCN470.o [1]
  .far_func.text     ro code  0x013cd5     0xb  RegionCN470.o [1]
  .far_func.text     ro code  0x013ce0     0xb  RegionCommon.o [1]
  .far_func.text     ro code  0x013ceb     0xb  stm8l15x_exti.o [1]
  .far_func.text     ro code  0x013cf6     0xb  stm8l15x_flash.o [1]
  .far_func.text     ro code  0x013d01     0xb  stm8l15x_rtc.o [1]
  .far_func.text     ro code  0x013d0c     0xb  sx1262-board.o [1]
  .far_func.text     ro code  0x013d17     0xb  sx1262-board.o [1]
  .far_func.text     ro code  0x013d22     0xb  sx126x.o [1]
  .far_func.text     ro code  0x013d2d     0xb  timer.o [1]
  .far_func.text     ro code  0x013d38     0xb  timer.o [1]
  .far_func.text     ro code  0x013d43     0xb  xprintffull.o [5]
  .far_func.text     ro code  0x013d4e     0xb  xprintffull.o [5]
  .far_func.text     ro code  0x013d59     0xb  xprintffull.o [5]
  .far_func.text     ro code  0x013d64     0xb  xprintffull.o [5]
  .far_func.text     ro code  0x013d6f     0xb  xprintffull.o [5]
  .far_func.text     ro code  0x013d7a     0xb  xprintffull.o [5]
  .far_func.text     ro code  0x013d85     0xa  aes.o [1]
  .far_func.text     ro code  0x013d8f     0xa  LoRaMac.o [1]
  .far_func.text     ro code  0x013d99     0xa  LoRaMac.o [1]
  .far_func.text     ro code  0x013da3     0xa  LoRaMac.o [1]
  .far_func.text     ro code  0x013dad     0xa  radio.o [1]
  .far_func.text     ro code  0x013db7     0xa  radio.o [1]
  .far_func.text     ro code  0x013dc1     0xa  Region.o [1]
  .far_func.text     ro code  0x013dcb     0xa  Region.o [1]
  .far_func.text     ro code  0x013dd5     0xa  Region.o [1]
  .far_func.text     ro code  0x013ddf     0xa  Region.o [1]
  .far_func.text     ro code  0x013de9     0xa  Region.o [1]
  .far_func.text     ro code  0x013df3     0xa  Region.o [1]
  .far_func.text     ro code  0x013dfd     0xa  Region.o [1]
  .far_func.text     ro code  0x013e07     0xa  Region.o [1]
  .far_func.text     ro code  0x013e11     0xa  Region.o [1]
  .far_func.text     ro code  0x013e1b     0xa  RegionCN470.o [1]
  .far_func.text     ro code  0x013e25     0xa  RegionCommon.o [1]
  .far_func.text     ro code  0x013e2f     0xa  stm8l15x_clk.o [1]
  .far_func.text     ro code  0x013e39     0xa  stm8l15x_rtc.o [1]
  .far_func.text     ro code  0x013e43     0xa  sx1262-board.o [1]
  .far_func.text     ro code  0x013e4d     0xa  sx1262-board.o [1]
  .far_func.text     ro code  0x013e57     0xa  sx1262-board.o [1]
  .far_func.text     ro code  0x013e61     0xa  sx126x.o [1]
  .far_func.text     ro code  0x013e6b     0xa  timer.o [1]
  .far_func.text     ro code  0x013e75     0xa  far.o [5]
  .far_func.text     ro code  0x013e7f     0x9  aes.o [1]
  .far_func.text     ro code  0x013e88     0x9  aes.o [1]
  .far_func.text     ro code  0x013e91     0x9  board.o [1]
  .far_func.text     ro code  0x013e9a     0x9  LoRaMac.o [1]
  .far_func.text     ro code  0x013ea3     0x9  LoRaMac.o [1]
  .far_func.text     ro code  0x013eac     0x9  LoRaMac.o [1]
  .far_func.text     ro code  0x013eb5     0x9  Region.o [1]
  .far_func.text     ro code  0x013ebe     0x9  Region.o [1]
  .far_func.text     ro code  0x013ec7     0x9  Region.o [1]
  .far_func.text     ro code  0x013ed0     0x9  Region.o [1]
  .far_func.text     ro code  0x013ed9     0x9  Region.o [1]
  .far_func.text     ro code  0x013ee2     0x9  RegionCN470.o [1]
  .far_func.text     ro code  0x013eeb     0x9  spi-board.o [1]
  .far_func.text     ro code  0x013ef4     0x9  stm8l15x_rtc.o [1]
  .far_func.text     ro code  0x013efd     0x9  stm8l15x_rtc.o [1]
  .far_func.text     ro code  0x013f06     0x9  stm8l15x_rtc.o [1]
  .far_func.text     ro code  0x013f0f     0x9  sx1262-board.o [1]
  .far_func.text     ro code  0x013f18     0x9  sx1262-board.o [1]
  .far_func.text     ro code  0x013f21     0x9  sx1262-board.o [1]
  .far_func.text     ro code  0x013f2a     0x9  sx1262-board.o [1]
  .far_func.text     ro code  0x013f33     0x9  sx1262-board.o [1]
  .far_func.text     ro code  0x013f3c     0x9  sx1262-board.o [1]
  .far_func.text     ro code  0x013f45     0x9  sx126x.o [1]
  .far_func.text     ro code  0x013f4e     0x9  sx126x.o [1]
  .far_func.text     ro code  0x013f57     0x9  sx126x.o [1]
  .far_func.text     ro code  0x013f60     0x9  sx126x.o [1]
  .far_func.text     ro code  0x013f69     0x9  xprintffull.o [5]
  .far_func.text     ro code  0x013f72     0x9  xprintffull.o [5]
  .far_func.text     ro code  0x013f7b     0x8  aes.o [1]
  .far_func.text     ro code  0x013f83     0x8  aes.o [1]
  .far_func.text     ro code  0x013f8b     0x8  LoRaMac.o [1]
  .far_func.text     ro code  0x013f93     0x8  LoRaMac.o [1]
  .far_func.text     ro code  0x013f9b     0x8  LoRaMac.o [1]
  .far_func.text     ro code  0x013fa3     0x8  LoRaMac.o [1]
  .far_func.text     ro code  0x013fab     0x8  LoRaMac.o [1]
  .far_func.text     ro code  0x013fb3     0x8  LoRaMac.o [1]
  .far_func.text     ro code  0x013fbb     0x8  main.o [1]
  .far_func.text     ro code  0x013fc3     0x8  radio.o [1]
  .far_func.text     ro code  0x013fcb     0x8  radio.o [1]
  .far_func.text     ro code  0x013fd3     0x8  radio.o [1]
  .far_func.text     ro code  0x013fdb     0x8  RegionCN470.o [1]
  .far_func.text     ro code  0x013fe3     0x8  RegionCN470.o [1]
  .far_func.text     ro code  0x013feb     0x8  RegionCN470.o [1]
  .far_func.text     ro code  0x013ff3     0x8  RegionCommon.o [1]
  .far_func.text     ro code  0x013ffb     0x8  spi-board.o [1]
  .far_func.text     ro code  0x014003     0x8  stm8l15x_rtc.o [1]
  .far_func.text     ro code  0x01400b     0x8  stm8l15x_rtc.o [1]
  .far_func.text     ro code  0x014013     0x8  stm8l15x_rtc.o [1]
  .far_func.text     ro code  0x01401b     0x8  sx1262-board.o [1]
  .far_func.text     ro code  0x014023     0x8  sx126x.o [1]
  .far_func.text     ro code  0x01402b     0x8  timer.o [1]
  .far_func.text     ro code  0x014033     0x8  xprintffull.o [5]
  .far_func.text     ro code  0x01403b     0x7  aes.o [1]
  .far_func.text     ro code  0x014042     0x7  aes.o [1]
  .far_func.text     ro code  0x014049     0x7  LoRaMac.o [1]
  .far_func.text     ro code  0x014050     0x7  LoRaMac.o [1]
  .far_func.text     ro code  0x014057     0x7  LoRaMac.o [1]
  .far_func.text     ro code  0x01405e     0x7  LoRaMac.o [1]
  .far_func.text     ro code  0x014065     0x7  radio.o [1]
  .far_func.text     ro code  0x01406c     0x7  radio.o [1]
  .far_func.text     ro code  0x014073     0x7  stm8l15x_gpio.o [1]
  .far_func.text     ro code  0x01407a     0x7  stm8l15x_it.o [1]
  .far_func.text     ro code  0x014081     0x7  sx126x.o [1]
  .far_func.text     ro code  0x014088     0x7  sx126x.o [1]
  .far_func.text     ro code  0x01408f     0x7  sx126x.o [1]
  .far_func.text     ro code  0x014096     0x7  timer.o [1]
  .far_func.text     ro code  0x01409d     0x7  utilities.o [1]
  .far_func.text     ro code  0x0140a4     0x7  xprintffull.o [5]
  .far_func.text     ro code  0x0140ab     0x6  aes.o [1]
  .far_func.text     ro code  0x0140b1     0x6  aes.o [1]
  .far_func.text     ro code  0x0140b7     0x6  radio.o [1]
  .far_func.text     ro code  0x0140bd     0x6  stm8l15x_rtc.o [1]
  .far_func.text     ro code  0x0140c3     0x6  sx1262-board.o [1]
  .far_func.text     ro code  0x0140c9     0x6  cexit.o [5]
  .far_func.text     ro code  0x0140cf     0x5  board.o [1]
  .far_func.text     ro code  0x0140d4     0x5  LoRaMac.o [1]
  .far_func.text     ro code  0x0140d9     0x5  main.o [1]
  .far_func.text     ro code  0x0140de     0x5  main.o [1]
  .far_func.text     ro code  0x0140e3     0x5  radio.o [1]
  .far_func.text     ro code  0x0140e8     0x5  radio.o [1]
  .far_func.text     ro code  0x0140ed     0x5  radio.o [1]
  .far_func.text     ro code  0x0140f2     0x5  stm8l15x_spi.o [1]
  .far_func.text     ro code  0x0140f7     0x5  stm8l15x_spi.o [1]
  .far_func.text     ro code  0x0140fc     0x5  sx1262-board.o [1]
  .far_func.text     ro code  0x014101     0x4  delay.o [1]
  .far_func.text     ro code  0x014105     0x4  gpio.o [1]
  .far_func.text     ro code  0x014109     0x4  gpio.o [1]
  .far_func.text     ro code  0x01410d     0x4  gpio.o [1]
  .far_func.text     ro code  0x014111     0x4  gpio.o [1]
  .far_func.text     ro code  0x014115     0x4  radio.o [1]
  .far_func.text     ro code  0x014119     0x4  radio.o [1]
  .far_func.text     ro code  0x01411d     0x4  radio.o [1]
  .far_func.text     ro code  0x014121     0x4  radio.o [1]
  .far_func.text     ro code  0x014125     0x4  stm8l15x_clk.o [1]
  .far_func.text     ro code  0x014129     0x4  stm8l15x_flash.o [1]
  .far_func.text     ro code  0x01412d     0x4  sx126x.o [1]
  .far_func.text     ro code  0x014131     0x4  sx126x.o [1]
  .far_func.text     ro code  0x014135     0x4  sx126x.o [1]
  .far_func.text     ro code  0x014139     0x4  timer.o [1]
  .far_func.text     ro code  0x01413d     0x4  timer.o [1]
  .far_func.text     ro code  0x014141     0x4  exit.o [5]
  .far_func.text     ro code  0x014145     0x3  board.o [1]
  .far_func.text     ro code  0x014148     0x3  radio.o [1]
  .far_func.text     ro code  0x01414b     0x3  RegionCN470.o [1]
  .far_func.text     ro code  0x01414e     0x3  stm8l15x_usart.o [1]
  .far_func.text     ro code  0x014151     0x3  sx1262-board.o [1]
  .far_func.text     ro code  0x014154     0x3  low_level_init.o [5]
  .far_func.text     ro code  0x014157     0x3  unhandled_exception.o [5]
  .far_func.text     ro code  0x01415a     0x2  board.o [1]
  .far_func.text     ro code  0x01415c     0x2  board.o [1]
  .far_func.text     ro code  0x01415e     0x2  board.o [1]
  .far_func.text     ro code  0x014160     0x2  RegionCN470.o [1]
  .far_func.text     ro code  0x014162     0x2  RegionCN470.o [1]
  .far_func.text     ro code  0x014164     0x1  board.o [1]
  .far_func.text     ro code  0x014165     0x1  RegionCN470.o [1]
  .far_func.text     ro code  0x014166     0x1  RegionCN470.o [1]
  .far_func.text     ro code  0x014167     0x1  stm8l15x_it.o [1]
  .far_func.text     ro code  0x014168     0x1  stm8l15x_it.o [1]
  .far_func.text     ro code  0x014169     0x1  stm8l15x_it.o [1]
  .far_func.text     ro code  0x01416a     0x1  stm8l15x_it.o [1]
  .far_func.text     ro code  0x01416b     0x1  stm8l15x_it.o [1]
  .far_func.text     ro code  0x01416c     0x1  stm8l15x_it.o [1]
  .far_func.text     ro code  0x01416d     0x1  stm8l15x_it.o [1]
  .far_func.text     ro code  0x01416e     0x1  stm8l15x_it.o [1]
  .far_func.text     ro code  0x01416f     0x1  stm8l15x_it.o [1]
  .far_func.text     ro code  0x014170     0x1  stm8l15x_it.o [1]
  .far_func.text     ro code  0x014171     0x1  stm8l15x_it.o [1]
  .far_func.text     ro code  0x014172     0x1  stm8l15x_it.o [1]
  .far_func.text     ro code  0x014173     0x1  stm8l15x_it.o [1]
  .far_func.text     ro code  0x014174     0x1  stm8l15x_it.o [1]
  .far_func.text     ro code  0x014175     0x1  stm8l15x_it.o [1]
  .far_func.text     ro code  0x014176     0x1  stm8l15x_it.o [1]
  .far_func.text     ro code  0x014177     0x1  stm8l15x_it.o [1]
  .far_func.text     ro code  0x014178     0x1  stm8l15x_it.o [1]
  .far_func.text     ro code  0x014179     0x1  stm8l15x_it.o [1]
  .far_func.text     ro code  0x01417a     0x1  stm8l15x_it.o [1]
  .far_func.text     ro code  0x01417b     0x1  stm8l15x_it.o [1]
  .far_func.text     ro code  0x01417c     0x1  stm8l15x_it.o [1]
  .far_func.text     ro code  0x01417d     0x1  __dbg_break.o [4]
                            - 0x01417e  0x417e


*******************************************************************************
*** INIT TABLE
***

          Address   Size
          -------   ----
Zero (__iar_zero_init2)
    1 destination range, total size 0x92a:
          0x0000d7  0x92a

Copy (__iar_copy_init2)
    1 source range, total size 0xc7:
          0x008380   0xc7
    1 destination range, total size 0xc7:
          0x000010   0xc7



*******************************************************************************
*** MODULE SUMMARY
***

    Module                 ro code  ro data  rw data
    ------                 -------  -------  -------
D:\lora_asr6505_pingpong\ChipMatrix_ASR6505\Projects\ClassA\EWSTM8\Debug\Obj: [1]
    LoRaMac.o                9 502       34    1 154
    LoRaMacCrypto.o            807       32      582
    Region.o                   246        4
    RegionCN470.o            2 560      229       39
    RegionCommon.o           1 380
    aes.o                    1 899      768
    board.o                    618        7       20
    cmac.o                     818
    delay-board.o               54
    delay.o                      4
    gpio-board.o               659                48
    gpio.o                      16
    main.o                     941      210      107
    radio.o                  2 674      284      513
    spi-board.o                629                11
    stm8l15x_clk.o             314        5
    stm8l15x_exti.o            201
    stm8l15x_flash.o            56
    stm8l15x_gpio.o            146
    stm8l15x_it.o              284
    stm8l15x_pwr.o              13
    stm8l15x_rtc.o           1 436
    stm8l15x_spi.o             115
    stm8l15x_syscfg.o           73
    stm8l15x_usart.o           213
    sx1262-board.o             918                10
    sx126x.o                 2 023       17        7
    timer.o                    881                 3
    utilities.o                206        4        4
    ------------------------------------------------
    Total:                  29 686    1 594    2 498

command line: [2]
    ------------------------------------------------
    Total:

asrlib.a: [3]
    rtc-board.o              1 996       40       45
    ------------------------------------------------
    Total:                   1 996       40       45

dbgstm8mmd.a: [4]
    __dbg_break.o                1
    __dbg_xxexit.o              22
    ------------------------------------------------
    Total:                      23

dlstm8mmn.a: [5]
    ceil.o                      70
    cexit.o                      6
    char.o                      12
    cstartup.o                  23
    dc_util.o                   88
    div.o                       52
    errno.o                                        2
    exit.o                       4
    far.o                       10
    far_util.o                  94
    float.o                  1 293
    float_libsup.o             386
    floor.o                     70
    init.o                      30
    init_small.o                70
    interrupt.o                         128
    long.o                     631
    long_util.o                212
    low_level_init.o             3
    memchr.o                    33
    memcpy.o                    32
    memset.o                    22
    move.o                      37
    pow.o                      884
    printf.o                    36
    short.o                     94
    strchr.o                    21
    strlen.o                    13
    switch.o                    12
    unhandled_exception.o        3
    vreg_util.o                571
    vregs.o                                       16
    xdint.o                    201
    xexp.o                     619
    xlog.o                      49
    xprintffull.o            4 087       85
    xprout.o                    31
    ------------------------------------------------
    Total:                   9 799      213       18

    Linker created                       20      256
----------------------------------------------------
    Grand Total:            41 504    1 867    2 817


*******************************************************************************
*** ENTRY LIST
***

Entry                    Address   Size  Type      Object
-----                    -------   ----  ----      ------
.iar.init_table$$Base   0x0085dd          --   Gb  - Linker created -
.iar.init_table$$Limit  0x0085f1          --   Gb  - Linker created -
?add32_l0_l0_0x         0x00bb08         Code  Gb  long.o [5]
?add32_l0_l0_l1         0x00bb05         Code  Gb  long.o [5]
?and32_l0_l0_0x         0x00bcbd         Code  Gb  long.o [5]
?and32_l0_l0_l1         0x00bcba         Code  Gb  long.o [5]
?b0                     0x000000         Data  Gb  vregs.o [5]
?b1                     0x000001         Data  Gb  vregs.o [5]
?b10                    0x00000a         Data  Gb  vregs.o [5]
?b11                    0x00000b         Data  Gb  vregs.o [5]
?b12                    0x00000c         Data  Gb  vregs.o [5]
?b13                    0x00000d         Data  Gb  vregs.o [5]
?b14                    0x00000e         Data  Gb  vregs.o [5]
?b15                    0x00000f         Data  Gb  vregs.o [5]
?b2                     0x000002         Data  Gb  vregs.o [5]
?b3                     0x000003         Data  Gb  vregs.o [5]
?b4                     0x000004         Data  Gb  vregs.o [5]
?b5                     0x000005         Data  Gb  vregs.o [5]
?b6                     0x000006         Data  Gb  vregs.o [5]
?b7                     0x000007         Data  Gb  vregs.o [5]
?b8                     0x000008         Data  Gb  vregs.o [5]
?b9                     0x000009         Data  Gb  vregs.o [5]
?dc32_l0                0x011e87         Code  Gb  dc_util.o [5]
?dc32_l1                0x011eb3         Code  Gb  dc_util.o [5]
?dec32_0x_0x            0x00baf1         Code  Gb  long.o [5]
?dec32_l0_l0            0x00baec         Code  Gb  long.o [5]
?e0                     0x000001         Data  Gb  vregs.o [5]
?e1                     0x000005         Data  Gb  vregs.o [5]
?e2                     0x000009         Data  Gb  vregs.o [5]
?e3                     0x00000d         Data  Gb  vregs.o [5]
?epilogue_l2            0x00c2fd         Code  Gb  vreg_util.o [5]
?epilogue_l2_l3         0x00c2f9         Code  Gb  vreg_util.o [5]
?epilogue_l2_w6         0x00c302         Code  Gb  vreg_util.o [5]
?epilogue_w4            0x00c30b         Code  Gb  vreg_util.o [5]
?fadd32_l0_l0_dc32      0x00a243         Code  Gb  float.o [5]
?fadd32_l0_l0_l1        0x00a249         Code  Gb  float.o [5]
?fcastf32s16_l0_x       0x00a511         Code  Gb  float.o [5]
?fcastf32s32_l0_l0      0x00a5e5         Code  Gb  float.o [5]
?fcastf32u16_l0_x       0x00a518         Code  Gb  float.o [5]
?fcastf32u32_l0_l0      0x00a5f1         Code  Gb  float.o [5]
?fcasts16f32_x_l0       0x00a536         Code  Gb  float.o [5]
?fcasts32f32_l0_l0      0x00a582         Code  Gb  float.o [5]
?fcastu32f32_l0_l0      0x00a56b         Code  Gb  float.o [5]
?fcmpeq32_c_0x_fzero    0x00a475         Code  Gb  float.o [5]
?fcmpeq32_c_l0_0x       0x00a484         Code  Gb  float.o [5]
?fcmpeq32_c_l0_dc32     0x00a47d         Code  Gb  float.o [5]
?fcmpeq32_c_l0_fzero    0x00a472         Code  Gb  float.o [5]
?fcmpeq32_c_l0_l1       0x00a481         Code  Gb  float.o [5]
?fcmpge32_c_l0_0x       0x00a4b0         Code  Gb  float.o [5]
?fcmpge32_c_l0_dc32     0x00a4a9         Code  Gb  float.o [5]
?fcmpge32_c_l0_l1       0x00a4ad         Code  Gb  float.o [5]
?fcmplt32_c_l0_0x       0x00a4bb         Code  Gb  float.o [5]
?fcmplt32_c_l0_dc32     0x00a4b4         Code  Gb  float.o [5]
?fcmplt32_c_l0_l1       0x00a4b8         Code  Gb  float.o [5]
?fdiv32_l0_dc32_l1      0x00a3b8         Code  Gb  float.o [5]
?fdiv32_l0_l0_dc32      0x00a3be         Code  Gb  float.o [5]
?fdiv32_l0_l0_l1        0x00a3c4         Code  Gb  float.o [5]
?fmul32_l0_l0_dc32      0x00a317         Code  Gb  float.o [5]
?fmul32_l0_l0_l1        0x00a31d         Code  Gb  float.o [5]
?fsub32_l0_l0_l1        0x00a23d         Code  Gb  float.o [5]
?inc32_0x_0x            0x00bade         Code  Gb  long.o [5]
?inc32_l0_l0            0x00bad4         Code  Gb  long.o [5]
?inc32_l3_l3            0x00bad9         Code  Gb  long.o [5]
?l0                     0x000000         Data  Gb  vregs.o [5]
?l1                     0x000004         Data  Gb  vregs.o [5]
?l2                     0x000008         Data  Gb  vregs.o [5]
?l3                     0x00000c         Data  Gb  vregs.o [5]
?load24_0x_e0           0x011c42         Code  Gb  far_util.o [5]
?load24_0x_e2           0x011c50         Code  Gb  far_util.o [5]
?load24_e0_0x           0x011c00         Code  Gb  far_util.o [5]
?load24_e1_0x           0x011c0e         Code  Gb  far_util.o [5]
?load24_e2_0x           0x011c1c         Code  Gb  far_util.o [5]
?load24_e3_0x           0x011c2a         Code  Gb  far_util.o [5]
?load24_xsp_e0          0x011c38         Code  Gb  far_util.o [5]
?load32_0x_l0           0x010430         Code  Gb  long_util.o [5]
?load32_0x_l1           0x01043e         Code  Gb  long_util.o [5]
?load32_0x_l2           0x010456         Code  Gb  long_util.o [5]
?load32_0x_l3           0x01046e         Code  Gb  long_util.o [5]
?load32_l0_0x           0x0103c2         Code  Gb  long_util.o [5]
?load32_l0_asp          0x0103b6         Code  Gb  long_util.o [5]
?load32_l0_dbsp         0x0103a8         Code  Gb  long_util.o [5]
?load32_l0_xsp          0x0103b8         Code  Gb  long_util.o [5]
?load32_l1_0x           0x0103e8         Code  Gb  long_util.o [5]
?load32_l1_asp          0x0103dc         Code  Gb  long_util.o [5]
?load32_l1_dbsp         0x0103ce         Code  Gb  long_util.o [5]
?load32_l1_xsp          0x0103de         Code  Gb  long_util.o [5]
?load32_l2_0x           0x01040e         Code  Gb  long_util.o [5]
?load32_l2_asp          0x010402         Code  Gb  long_util.o [5]
?load32_l2_dbsp         0x0103f4         Code  Gb  long_util.o [5]
?load32_l2_xsp          0x010404         Code  Gb  long_util.o [5]
?load32_l3_0x           0x01041a         Code  Gb  long_util.o [5]
?load32_xsp_l0          0x010426         Code  Gb  long_util.o [5]
?load32_xsp_l2          0x01044c         Code  Gb  long_util.o [5]
?load32_xsp_l3          0x010464         Code  Gb  long_util.o [5]
?longfarg16_v_w0_a      0x012ee1         Code  Gb  move.o [5]
?longfarg16_v_w0_x      0x012ee3         Code  Gb  move.o [5]
?mov_e0_e1              0x00c39f         Code  Gb  vreg_util.o [5]
?mov_e0_e2              0x00c3ac         Code  Gb  vreg_util.o [5]
?mov_e0_e3              0x00c3b9         Code  Gb  vreg_util.o [5]
?mov_e1_e0              0x00c3c6         Code  Gb  vreg_util.o [5]
?mov_e1_e2              0x00c3d3         Code  Gb  vreg_util.o [5]
?mov_e1_e3              0x00c3e0         Code  Gb  vreg_util.o [5]
?mov_e2_e0              0x00c3ed         Code  Gb  vreg_util.o [5]
?mov_e2_e1              0x00c3fa         Code  Gb  vreg_util.o [5]
?mov_e3_e0              0x00c407         Code  Gb  vreg_util.o [5]
?mov_e3_e1              0x00c414         Code  Gb  vreg_util.o [5]
?mov_e3_e2              0x00c421         Code  Gb  vreg_util.o [5]
?mov_l0_l1              0x00c39c         Code  Gb  vreg_util.o [5]
?mov_l0_l2              0x00c3a9         Code  Gb  vreg_util.o [5]
?mov_l0_l3              0x00c3b6         Code  Gb  vreg_util.o [5]
?mov_l1_l0              0x00c3c3         Code  Gb  vreg_util.o [5]
?mov_l1_l2              0x00c3d0         Code  Gb  vreg_util.o [5]
?mov_l1_l3              0x00c3dd         Code  Gb  vreg_util.o [5]
?mov_l2_l0              0x00c3ea         Code  Gb  vreg_util.o [5]
?mov_l2_l1              0x00c3f7         Code  Gb  vreg_util.o [5]
?mov_l3_l0              0x00c404         Code  Gb  vreg_util.o [5]
?mov_l3_l1              0x00c411         Code  Gb  vreg_util.o [5]
?mov_l3_l2              0x00c41e         Code  Gb  vreg_util.o [5]
?mov_w0_w2              0x00c310         Code  Gb  vreg_util.o [5]
?mov_w0_w3              0x00c317         Code  Gb  vreg_util.o [5]
?mov_w0_w4              0x00c31e         Code  Gb  vreg_util.o [5]
?mov_w0_w5              0x00c325         Code  Gb  vreg_util.o [5]
?mov_w0_w6              0x00c32c         Code  Gb  vreg_util.o [5]
?mov_w0_w7              0x00c333         Code  Gb  vreg_util.o [5]
?mov_w1_w0              0x00c33a         Code  Gb  vreg_util.o [5]
?mov_w1_w3              0x00c3a2         Code  Gb  vreg_util.o [5]
?mov_w1_w5              0x00c3af         Code  Gb  vreg_util.o [5]
?mov_w1_w7              0x00c3bc         Code  Gb  vreg_util.o [5]
?mov_w2_w0              0x00c341         Code  Gb  vreg_util.o [5]
?mov_w2_w1              0x00c348         Code  Gb  vreg_util.o [5]
?mov_w3_w1              0x00c3c9         Code  Gb  vreg_util.o [5]
?mov_w3_w5              0x00c3d6         Code  Gb  vreg_util.o [5]
?mov_w3_w7              0x00c3e3         Code  Gb  vreg_util.o [5]
?mov_w4_w0              0x00c34f         Code  Gb  vreg_util.o [5]
?mov_w4_w1              0x00c356         Code  Gb  vreg_util.o [5]
?mov_w4_w6              0x00c35d         Code  Gb  vreg_util.o [5]
?mov_w5_w0              0x00c364         Code  Gb  vreg_util.o [5]
?mov_w5_w1              0x00c3f0         Code  Gb  vreg_util.o [5]
?mov_w5_w3              0x00c3fd         Code  Gb  vreg_util.o [5]
?mov_w5_w6              0x00c36b         Code  Gb  vreg_util.o [5]
?mov_w6_w0              0x00c372         Code  Gb  vreg_util.o [5]
?mov_w6_w4              0x00c379         Code  Gb  vreg_util.o [5]
?mov_w7_w0              0x00c380         Code  Gb  vreg_util.o [5]
?mov_w7_w1              0x00c40a         Code  Gb  vreg_util.o [5]
?mov_w7_w2              0x00c387         Code  Gb  vreg_util.o [5]
?mov_w7_w3              0x00c417         Code  Gb  vreg_util.o [5]
?mov_w7_w4              0x00c38e         Code  Gb  vreg_util.o [5]
?mov_w7_w5              0x00c424         Code  Gb  vreg_util.o [5]
?mov_w7_w6              0x00c395         Code  Gb  vreg_util.o [5]
?move1616_v_x_y_a       0x012ed4         Code  Gb  move.o [5]
?mul16_x_x_w0           0x011c5e         Code  Gb  short.o [5]
?mul32_l0_l0_0x         0x00bb3b         Code  Gb  long.o [5]
?mul32_l0_l0_l1         0x00bb44         Code  Gb  long.o [5]
?neg32_l0_l0            0x00bac4         Code  Gb  long.o [5]
?or32_l0_l0_0x          0x00bcd8         Code  Gb  long.o [5]
?or32_l0_l0_l1          0x00bcd5         Code  Gb  long.o [5]
?pop_e2                 0x00c26e         Code  Gb  vreg_util.o [5]
?pop_l0                 0x00c2c1         Code  Gb  vreg_util.o [5]
?pop_l1                 0x00c2cc         Code  Gb  vreg_util.o [5]
?pop_l2                 0x00c2d7         Code  Gb  vreg_util.o [5]
?pop_l3                 0x00c2e2         Code  Gb  vreg_util.o [5]
?pop_w4                 0x00c22a         Code  Gb  vreg_util.o [5]
?pop_w5                 0x00c231         Code  Gb  vreg_util.o [5]
?pop_w6                 0x00c238         Code  Gb  vreg_util.o [5]
?pop_w7                 0x00c23f         Code  Gb  vreg_util.o [5]
?push_e2                0x00c252         Code  Gb  vreg_util.o [5]
?push_l0                0x00c28c         Code  Gb  vreg_util.o [5]
?push_l1                0x00c291         Code  Gb  vreg_util.o [5]
?push_l2                0x00c296         Code  Gb  vreg_util.o [5]
?push_l3                0x00c29b         Code  Gb  vreg_util.o [5]
?push_w0                0x00c1f0         Code  Gb  vreg_util.o [5]
?push_w1                0x00c1f5         Code  Gb  vreg_util.o [5]
?push_w2                0x00c1fa         Code  Gb  vreg_util.o [5]
?push_w4                0x00c1ff         Code  Gb  vreg_util.o [5]
?push_w5                0x00c204         Code  Gb  vreg_util.o [5]
?push_w6                0x00c209         Code  Gb  vreg_util.o [5]
?push_w7                0x00c20e         Code  Gb  vreg_util.o [5]
?scmp32_c_l0_l1         0x00bca3         Code  Gb  long.o [5]
?sdiv16_x_x_y           0x011c7c         Code  Gb  short.o [5]
?sdiv32_l0_l0_dl        0x00bc39         Code  Gb  long.o [5]
?sdiv32_l0_l0_l1        0x00bc3d         Code  Gb  long.o [5]
?sext16_x_a             0x011cb5         Code  Gb  short.o [5]
?sext32_l0_a            0x00bd2e         Code  Gb  long.o [5]
?sext32_l0_x            0x00bd23         Code  Gb  long.o [5]
?sll16_x_x_a            0x011ca5         Code  Gb  short.o [5]
?sll32_0x_0x_a          0x00bcf3         Code  Gb  long.o [5]
?sll32_l0_l0_a          0x00bcf0         Code  Gb  long.o [5]
?sll8_a_a_5             0x013bf6         Code  Gb  char.o [5]
?sll8_a_a_6             0x013bf5         Code  Gb  char.o [5]
?smod16_y_x_y           0x011c95         Code  Gb  short.o [5]
?smod32_l1_l0_l1        0x00bc3d         Code  Gb  long.o [5]
?sra32_0x_0x_a          0x00bd15         Code  Gb  long.o [5]
?sra32_l0_l0_a          0x00bd12         Code  Gb  long.o [5]
?srl16_x_x_a            0x011cad         Code  Gb  short.o [5]
?srl32_0x_0x_a          0x00bd04         Code  Gb  long.o [5]
?srl32_l0_l0_a          0x00bd01         Code  Gb  long.o [5]
?srl8_a_a_5             0x013bfc         Code  Gb  char.o [5]
?srl8_a_a_6             0x013bfb         Code  Gb  char.o [5]
?sub32_l0_l0_0x         0x00bb23         Code  Gb  long.o [5]
?sub32_l0_l0_l1         0x00bb20         Code  Gb  long.o [5]
?switch8vlt_0x_a_0x     0x013c19         Code  Gb  switch.o [5]
?ucmp24_c_0x_e0         0x013e75         Code  Gb  far.o [5]
?ucmp32_c_l0_0x         0x00bc88         Code  Gb  long.o [5]
?ucmp32_c_l0_l1         0x00bc98         Code  Gb  long.o [5]
?udiv32_l0_l0_dl        0x00bbc8         Code  Gb  long.o [5]
?udiv32_l0_l0_l1        0x00bbcc         Code  Gb  long.o [5]
?umod32_l1_l0_dl        0x00bbc2         Code  Gb  long.o [5]
?umod32_l1_l0_l1        0x00bbcc         Code  Gb  long.o [5]
?w0                     0x000000         Data  Gb  vregs.o [5]
?w1                     0x000002         Data  Gb  vregs.o [5]
?w2                     0x000004         Data  Gb  vregs.o [5]
?w3                     0x000006         Data  Gb  vregs.o [5]
?w4                     0x000008         Data  Gb  vregs.o [5]
?w5                     0x00000a         Data  Gb  vregs.o [5]
?w6                     0x00000c         Data  Gb  vregs.o [5]
?w7                     0x00000e         Data  Gb  vregs.o [5]
ADC1_COMP_IRQHandler    0x014171    0x1  Code  Gb  stm8l15x_it.o [1]
AES_CMAC_Final          0x00dcfc  0x13d  Code  Gb  cmac.o [1]
AES_CMAC_Init           0x012a20   0x32  Code  Gb  cmac.o [1]
AES_CMAC_SetKey         0x013a95    0xd  Code  Gb  cmac.o [1]
AES_CMAC_Update         0x00d4e3  0x16a  Code  Gb  cmac.o [1]
AckTimeoutRetries       0x000015    0x1  Data  Lc  LoRaMac.o [1]
AckTimeoutRetriesCounter
                        0x000016    0x1  Data  Lc  LoRaMac.o [1]
AckTimeoutRetry         0x0009ee    0x1  Data  Lc  LoRaMac.o [1]
AckTimeoutTimer         0x0008e9    0xe  Data  Lc  LoRaMac.o [1]
AddMacCommand           0x010ac9   0xbd  Code  Lc  LoRaMac.o [1]
AdrAckCounter           0x000975    0x4  Data  Lc  LoRaMac.o [1]
AdrCtrlOn               0x0009e2    0x1  Data  Lc  LoRaMac.o [1]
AesCmacCtx              0x0000d7  0x115  Data  Lc  LoRaMacCrypto.o [1]
AesContext              0x0004e9   0xf1  Data  Lc  LoRaMacCrypto.o [1]
AggregatedDCycle        0x0009c1    0x2  Data  Lc  LoRaMac.o [1]
AggregatedLastTxDoneTime
                        0x000979    0x4  Data  Lc  LoRaMac.o [1]
AggregatedTimeOff       0x00097d    0x4  Data  Lc  LoRaMac.o [1]
AntPow                  0x000945    0x9  Data  Gb  sx1262-board.o [1]
AppData                 0x000884   0x10  Data  Lc  main.o [1]
AppDataSize             0x000074    0x1  Data  Lc  main.o [1]
AppEui                  0x000956    0x8  Data  Lc  main.o [1]
AppKey                  0x00003f   0x10  Data  Lc  main.o [1]
AppPort                 0x000073    0x1  Data  Lc  main.o [1]
AppSKey                 0x00005f   0x10  Data  Lc  main.o [1]
Bands                   0x0000c4    0xf  Data  Lc  RegionCN470.o [1]
Bandwidths              0x00873e    0x3  Data  Gb  radio.o [1]
BandwidthsCN470         0x00862d   0x18  Data  Lc  RegionCN470.o [1]
BlockLowPowerDuringTask
                        0x013670   0x16  Code  Gb  rtc-board.o [3]
BoardDeInitMcu          0x01352b   0x18  Code  Gb  board.o [1]
BoardDisableIrq         0x01415a    0x2  Code  Gb  board.o [1]
BoardEnableIrq          0x01415c    0x2  Code  Gb  board.o [1]
BoardGetBatteryLevel    0x01415e    0x2  Code  Gb  board.o [1]
BoardInitMcu            0x00e2d3  0x10e  Code  Gb  board.o [1]
BoardInitPeriph         0x014164    0x1  Code  Gb  board.o [1]
BoardUnusedIoInit       0x0122ee   0x4b  Code  Lc  board.o [1]
ByteToBcd2              0x013159   0x1e  Code  Lc  stm8l15x_rtc.o [1]
CLK_GetClockFreq        0x0127d5   0x39  Code  Gb  stm8l15x_clk.o [1]
CLK_GetFlagStatus       0x0116ed   0x81  Code  Gb  stm8l15x_clk.o [1]
CLK_LSEConfig           0x0137d2   0x13  Code  Gb  stm8l15x_clk.o [1]
CLK_PeripheralClockConfig
                        0x011ba1   0x5f  Code  Gb  stm8l15x_clk.o [1]
CLK_RTCClockConfig      0x013e2f    0xa  Code  Gb  stm8l15x_clk.o [1]
CLK_SYSCLKDivConfig     0x014125    0x4  Code  Gb  stm8l15x_clk.o [1]
COMDeInit               0x012ba7   0x2e  Code  Gb  board.o [1]
COMInit                 0x0117ed   0x76  Code  Gb  board.o [1]
COM_PORT                0x000012    0x2  Data  Gb  board.o [1]
COM_RX_PIN              0x008747    0x1  Data  Gb  board.o [1]
COM_TX_PIN              0x008746    0x1  Data  Gb  board.o [1]
COM_USART               0x000010    0x2  Data  Gb  board.o [1]
COM_USART_CLK           0x008745    0x1  Data  Gb  board.o [1]
CSTACK$$Base            0x000f00          --   Gb  - Linker created -
CSTACK$$Limit           0x001000          --   Gb  - Linker created -
CalculateBackOff        0x011d76   0x5c  Code  Lc  LoRaMac.o [1]
CalibrateSystemWakeupTimeTimer
                        0x0008a3    0xe  Data  Lc  board.o [1]
Channel                 0x0009eb    0x1  Data  Lc  LoRaMac.o [1]
ChannelsDefaultMask     0x00092d    0xc  Data  Lc  RegionCN470.o [1]
ChannelsMask            0x000921    0xc  Data  Lc  RegionCN470.o [1]
ChannelsNbRepCounter    0x0009e8    0x1  Data  Lc  LoRaMac.o [1]
CountNbOfEnabledChannels
                        0x011449   0x90  Code  Lc  RegionCN470.o [1]
DMA1_CHANNEL0_1_IRQHandler
                        0x01416a    0x1  Code  Gb  stm8l15x_it.o [1]
DMA1_CHANNEL2_3_IRQHandler
                        0x01416b    0x1  Code  Gb  stm8l15x_it.o [1]
DataratesCN470          0x008703    0x6  Data  Lc  RegionCN470.o [1]
DaysInMonth             0x008691    0xc  Data  Lc  rtc-board.o [3]
DaysInMonthLeapYear     0x00869d    0xc  Data  Lc  rtc-board.o [3]
DelayMs                 0x014101    0x4  Code  Gb  delay.o [1]
DelayMsMcu              0x01287e   0x36  Code  Gb  delay-board.o [1]
DevAddr                 0x00006f    0x4  Data  Lc  main.o [1]
DevEui                  0x000037    0x8  Data  Lc  main.o [1]
DeviceState             0x0009f2    0x1  Data  Lc  main.o [1]
DownLinkCounter         0x000971    0x4  Data  Lc  LoRaMac.o [1]
DutyCycleOn             0x0009ea    0x1  Data  Lc  LoRaMac.o [1]
EXTI0_IRQHandler        0x013441   0x1b  Code  Gb  stm8l15x_it.o [1]
EXTI1_IRQHandler        0x0132bb   0x1c  Code  Gb  stm8l15x_it.o [1]
EXTI2_IRQHandler        0x0132d7   0x1c  Code  Gb  stm8l15x_it.o [1]
EXTI3_IRQHandler        0x0132f3   0x1c  Code  Gb  stm8l15x_it.o [1]
EXTI4_IRQHandler        0x01330f   0x1c  Code  Gb  stm8l15x_it.o [1]
EXTI5_IRQHandler        0x01332b   0x1c  Code  Gb  stm8l15x_it.o [1]
EXTI6_IRQHandler        0x013347   0x1c  Code  Gb  stm8l15x_it.o [1]
EXTI7_IRQHandler        0x013363   0x1c  Code  Gb  stm8l15x_it.o [1]
EXTIB_IRQHandler        0x01416d    0x1  Code  Gb  stm8l15x_it.o [1]
EXTID_IRQHandler        0x01416e    0x1  Code  Gb  stm8l15x_it.o [1]
EXTIE_F_PVD_IRQHandler  0x01416c    0x1  Code  Gb  stm8l15x_it.o [1]
EXTI_ClearITPendingBit  0x013a41    0xe  Code  Gb  stm8l15x_exti.o [1]
EXTI_GetITStatus        0x013a33    0xe  Code  Gb  stm8l15x_exti.o [1]
EXTI_SetPinSensitivity  0x010edc   0xa2  Code  Gb  stm8l15x_exti.o [1]
FLASH_IRQHandler        0x014169    0x1  Code  Gb  stm8l15x_it.o [1]
FLASH_Lock              0x013cf6    0xb  Code  Gb  stm8l15x_flash.o [1]
FLASH_ProgramByte       0x014129    0x4  Code  Gb  stm8l15x_flash.o [1]
FLASH_SetProgrammingTime
                        0x0139cd    0xf  Code  Gb  stm8l15x_flash.o [1]
FLASH_Unlock            0x0134ab   0x1a  Code  Gb  stm8l15x_flash.o [1]
FrequencyError          0x00099d    0x4  Data  Gb  sx126x.o [1]
FskBandwidths           0x008447   0x6e  Data  Gb  radio.o [1]
GPIO_ExternalPullUpConfig
                        0x0136f1   0x15  Code  Gb  stm8l15x_gpio.o [1]
GPIO_Init               0x0119bb   0x64  Code  Gb  stm8l15x_gpio.o [1]
GPIO_ReadInputDataBit   0x014073    0x7  Code  Gb  stm8l15x_gpio.o [1]
GPIO_WriteBit           0x013855   0x12  Code  Gb  stm8l15x_gpio.o [1]
GetBoardPowerSource     0x014145    0x3  Code  Gb  board.o [1]
GpioInit                0x014105    0x4  Code  Gb  gpio.o [1]
GpioIrq                 0x00075a   0x30  Data  Lc  gpio-board.o [1]
GpioMcuInit             0x00e09c  0x11f  Code  Gb  gpio-board.o [1]
[...]
RegionCN470LinkAdrReq   0x00d7b7  0x169  Code  Gb  RegionCN470.o [1]
RegionCN470NewChannelReq
                        0x014160    0x2  Code  Gb  RegionCN470.o [1]
RegionCN470NextChannel  0x00e5eb  0x102  Code  Gb  RegionCN470.o [1]
RegionCN470RxConfig     0x00e3e1  0x106  Code  Gb  RegionCN470.o [1]
RegionCN470RxParamSetupReq
                        0x011320   0x95  Code  Gb  RegionCN470.o [1]
RegionCN470SetBandTxDone
                        0x013798   0x14  Code  Gb  RegionCN470.o [1]
RegionCN470SetContinuousWave
                        0x012383   0x4a  Code  Gb  RegionCN470.o [1]
RegionCN470TxConfig     0x01047c   0xd1  Code  Gb  RegionCN470.o [1]
RegionCN470TxParamSetupReq
                        0x01414b    0x3  Code  Gb  RegionCN470.o [1]
RegionCN470Verify       0x01279c   0x39  Code  Gb  RegionCN470.o [1]
RegionCalcBackOff       0x013ed0    0x9  Code  Gb  Region.o [1]
RegionChanMaskSet       0x013dc1    0xa  Code  Gb  Region.o [1]
RegionCommonCalcBackOff
                        0x010c3b   0xb3  Code  Gb  RegionCommon.o [1]
RegionCommonChanMaskCopy
                        0x012b78   0x2f  Code  Gb  RegionCommon.o [1]
RegionCommonComputeRxWindowParameters
                        0x0102cb   0xdd  Code  Gb  RegionCommon.o [1]
RegionCommonComputeSymbolTimeLoRa
                        0x012de6   0x29  Code  Gb  RegionCommon.o [1]
RegionCommonComputeTxPower
                        0x01267a   0x3a  Code  Gb  RegionCommon.o [1]
RegionCommonCountChannels
                        0x011e2d   0x5a  Code  Gb  RegionCommon.o [1]
RegionCommonLinkAdrReqVerifyParams
                        0x00e4e7  0x104  Code  Gb  RegionCommon.o [1]
RegionCommonParseLinkAdrReq
                        0x01194a   0x71  Code  Gb  RegionCommon.o [1]
RegionCommonSetBandTxDone
                        0x0136dc   0x15  Code  Gb  RegionCommon.o [1]
RegionCommonUpdateBandTimeOff
                        0x00e1bb  0x118  Code  Gb  RegionCommon.o [1]
RegionCommonValueInRange
                        0x0138ab   0x11  Code  Gb  RegionCommon.o [1]
RegionComputeRxWindowParameters
                        0x01389a   0x11  Code  Gb  Region.o [1]
RegionDlChannelReq      0x013e11    0xa  Code  Gb  Region.o [1]
RegionGetPhyParam       0x013491   0x1a  Code  Gb  Region.o [1]
RegionInitDefaults      0x013ca9    0xb  Code  Gb  Region.o [1]
RegionIsActive          0x013eb5    0x9  Code  Gb  Region.o [1]
RegionLinkAdrReq        0x013de9    0xa  Code  Gb  Region.o [1]
RegionNewChannelReq     0x013dfd    0xa  Code  Gb  Region.o [1]
RegionNextChannel       0x013cb4    0xb  Code  Gb  Region.o [1]
RegionRxConfig          0x013dd5    0xa  Code  Gb  Region.o [1]
RegionRxParamSetupReq   0x013df3    0xa  Code  Gb  Region.o [1]
RegionSetBandTxDone     0x013ebe    0x9  Code  Gb  Region.o [1]
RegionSetContinuousWave
                        0x013ed9    0x9  Code  Gb  Region.o [1]
RegionTxConfig          0x013ddf    0xa  Code  Gb  Region.o [1]
RegionTxParamSetupReq   0x013e07    0xa  Code  Gb  Region.o [1]
RegionVerify            0x013bad    0xc  Code  Gb  Region.o [1]
RepeaterSupport         0x0009de    0x1  Data  Lc  LoRaMac.o [1]
ResetMacParameters      0x008fc6   0xc3  Code  Lc  LoRaMac.o [1]
RtcAlarmSubSeconds      0x0009b1    0x4  Data  Lc  rtc-board.o [3]
RtcCalendarContext      0x000939    0xc  Data  Gb  rtc-board.o [3]
RtcComputeElapsedTime   0x011dd2   0x5b  Code  Gb  rtc-board.o [3]
RtcComputeTimerTimeToAlarmTick
                        0x00c849  0x1ca  Code  Lc  rtc-board.o [3]
RtcComputeWakeUpTime    0x011a81   0x61  Code  Lc  rtc-board.o [3]
RtcConvertCalendarTickToTimerTime
                        0x00ca13  0x1aa  Code  Lc  rtc-board.o [3]
RtcConvertMsToTick      0x010292   0x31  Code  Lc  rtc-board.o [3]
RtcConvertTickToMs      0x012ae7   0x31  Code  Lc  rtc-board.o [3]
RtcEnterLowPowerStopMode
                        0x012d68   0x2b  Code  Gb  rtc-board.o [3]
RtcGetAdjustedTimeoutValue
                        0x011a1f   0x62  Code  Gb  rtc-board.o [3]
RtcGetCalendar          0x0110be   0x9f  Code  Lc  rtc-board.o [3]
RtcGetElapsedAlarmTime  0x011863   0x76  Code  Gb  rtc-board.o [3]
RtcGetTimerValue        0x0131b3   0x1e  Code  Gb  rtc-board.o [3]
RtcInit                 0x011ae2   0x60  Code  Gb  rtc-board.o [3]
RtcInitialized          0x0009fe    0x1  Data  Lc  rtc-board.o [3]
RtcRecoverMcuStatus     0x0139fa    0xf  Code  Gb  rtc-board.o [3]
RtcSetTimeout           0x0102c3    0x8  Code  Gb  rtc-board.o [3]
RtcStartWakeUpAlarm     0x0101e5   0xad  Code  Lc  rtc-board.o [3]
RtcTimerEventAllowsLowPower
                        0x0009fc    0x1  Data  Lc  rtc-board.o [3]
RxContinuous            0x0009f3    0x1  Data  Gb  radio.o [1]
RxSlot                  0x0009f0    0x1  Data  Lc  LoRaMac.o [1]
RxTimeout               0x000999    0x4  Data  Gb  radio.o [1]
RxTimeoutTimer          0x000913    0xe  Data  Gb  radio.o [1]
RxWindow1Config         0x0007f7   0x14  Data  Lc  LoRaMac.o [1]
RxWindow1Delay          0x000989    0x4  Data  Lc  LoRaMac.o [1]
RxWindow2Config         0x00080b   0x14  Data  Lc  LoRaMac.o [1]
RxWindow2Delay          0x00098d    0x4  Data  Lc  LoRaMac.o [1]
RxWindowTimer1          0x0008cd    0xe  Data  Lc  LoRaMac.o [1]
RxWindowTimer2          0x0008db    0xe  Data  Lc  LoRaMac.o [1]
SPI1_IRQHandler         0x014179    0x1  Code  Gb  stm8l15x_it.o [1]
SPI_Cmd                 0x013b17    0xd  Code  Gb  stm8l15x_spi.o [1]
SPI_DeInit              0x013512   0x19  Code  Gb  stm8l15x_spi.o [1]
SPI_GetFlagStatus       0x0137e5   0x13  Code  Gb  stm8l15x_spi.o [1]
SPI_Init                0x012b18   0x30  Code  Gb  stm8l15x_spi.o [1]
SPI_ReceiveData         0x0140f7    0x5  Code  Gb  stm8l15x_spi.o [1]
SPI_SendData            0x0140f2    0x5  Code  Gb  stm8l15x_spi.o [1]
SWITCH_CSS_BREAK_DAC_IRQHandler
                        0x014170    0x1  Code  Gb  stm8l15x_it.o [1]
SX126x                  0x0006da   0x80  Data  Gb  radio.o [1]
SX126xAntSwOff          0x0139eb    0xf  Code  Gb  sx1262-board.o [1]
SX126xAntSwOn           0x013900   0x11  Code  Gb  sx1262-board.o [1]
SX126xCalibrate         0x013a79    0xe  Code  Gb  sx126x.o [1]
SX126xCalibrateImage    0x01176e   0x7f  Code  Gb  sx126x.o [1]
SX126xCheckDeviceReady  0x013745   0x15  Code  Gb  sx126x.o [1]
SX126xClearIrqStatus    0x013616   0x17  Code  Gb  sx126x.o [1]
SX126xGetBoardTcxoWakeupTime
                        0x013f0f    0x9  Code  Gb  sx1262-board.o [1]
SX126xGetIrqStatus      0x013282   0x1d  Code  Gb  sx126x.o [1]
SX126xGetOperatingMode  0x01412d    0x4  Code  Gb  sx126x.o [1]
SX126xGetPaSelect       0x014151    0x3  Code  Gb  sx1262-board.o [1]
SX126xGetPacketStatus   0x010e38   0xa4  Code  Gb  sx126x.o [1]
SX126xGetPacketType     0x014135    0x4  Code  Gb  sx126x.o [1]
SX126xGetPayload        0x011fda   0x52  Code  Gb  sx126x.o [1]
SX126xGetRssiInst       0x0134c5   0x1a  Code  Gb  sx126x.o [1]
SX126xInit              0x0114d9   0x88  Code  Gb  sx126x.o [1]
SX126xIoDeInit          0x013177   0x1e  Code  Gb  sx1262-board.o [1]
SX126xIoInit            0x0129ba   0x33  Code  Gb  sx1262-board.o [1]
SX126xIoIrqInit         0x013b31    0xd  Code  Gb  sx1262-board.o [1]
SX126xReadBuffer        0x0128b4   0x36  Code  Gb  sx1262-board.o [1]
SX126xReadCommand       0x012728   0x3a  Code  Gb  sx1262-board.o [1]
SX126xReadRegister      0x0135d1   0x17  Code  Gb  sx1262-board.o [1]
SX126xReadRegisters     0x01202c   0x51  Code  Gb  sx1262-board.o [1]
SX126xReset             0x012d3d   0x2b  Code  Gb  sx1262-board.o [1]
SX126xSendPayload       0x0129ed   0x33  Code  Gb  sx126x.o [1]
SX126xSetBufferBaseAddress
                        0x0135ff   0x17  Code  Gb  sx126x.o [1]
SX126xSetCad            0x013a6b    0xe  Code  Gb  sx126x.o [1]
SX126xSetDioIrqParams   0x012c31   0x2e  Code  Gb  sx126x.o [1]
SX126xSetLoRaSymbNumTimeout
                        0x013962   0x10  Code  Gb  sx126x.o [1]
SX126xSetModulationParams
                        0x010a06   0xc3  Code  Gb  sx126x.o [1]
SX126xSetOperatingMode  0x014131    0x4  Code  Gb  sx126x.o [1]
SX126xSetPacketParams   0x00dbb9  0x143  Code  Gb  sx126x.o [1]
SX126xSetPacketType     0x013b4b    0xd  Code  Gb  sx126x.o [1]
SX126xSetRegulatorMode  0x013972   0x10  Code  Gb  sx126x.o [1]
SX126xSetRfFrequency    0x01257b   0x45  Code  Gb  sx126x.o [1]
SX126xSetRfTxPower      0x01401b    0x8  Code  Gb  sx1262-board.o [1]
SX126xSetRx             0x013195   0x1e  Code  Gb  sx126x.o [1]
SX126xSetRxBoosted      0x012a84   0x32  Code  Gb  sx126x.o [1]
SX126xSetRxDutyCycle    0x012c8d   0x2d  Code  Gb  sx126x.o [1]
SX126xSetSleep          0x0135e8   0x17  Code  Gb  sx126x.o [1]
SX126xSetStandby        0x01345c   0x1b  Code  Gb  sx126x.o [1]
SX126xSetStopRxTimerOnPreambleDetect
                        0x01380b   0x13  Code  Gb  sx126x.o [1]
SX126xSetSyncWord       0x013911   0x11  Code  Gb  sx126x.o [1]
SX126xSetTxContinuousWave
                        0x013f57    0x9  Code  Gb  sx126x.o [1]
SX126xSetTxParams       0x01054d   0xd1  Code  Gb  sx126x.o [1]
SX126xSetWhiteningSeed  0x01291f   0x34  Code  Gb  sx126x.o [1]
SX126xWaitOnBusy        0x013d17    0xb  Code  Gb  sx1262-board.o [1]
SX126xWakeup            0x012f8a   0x24  Code  Gb  sx1262-board.o [1]
SX126xWriteBuffer       0x012a52   0x32  Code  Gb  sx1262-board.o [1]
SX126xWriteCommand      0x0126ee   0x3a  Code  Gb  sx1262-board.o [1]
SX126xWriteRegister     0x012e0f   0x29  Code  Gb  sx1262-board.o [1]
SX126xWriteRegisters    0x012b48   0x30  Code  Gb  sx1262-board.o [1]
SYSCFG_REMAPPinConfig   0x0123cd   0x49  Code  Gb  stm8l15x_syscfg.o [1]
SYSDivFactor            0x008715    0x5  Data  Gb  stm8l15x_clk.o [1]
ScheduleTx              0x00874b  0x167  Code  Lc  LoRaMac.o [1]
SecondsInDay            0x008722    0x4  Data  Lc  rtc-board.o [3]
SecondsInHour           0x008741    0x2  Data  Lc  rtc-board.o [3]
SecondsInLeapYear       0x008726    0x4  Data  Lc  rtc-board.o [3]
SecondsInMinute         0x008749    0x1  Data  Lc  rtc-board.o [3]
SecondsInYear           0x00872a    0x4  Data  Lc  rtc-board.o [3]
Send                    0x008fa0   0x26  Code  Gb  LoRaMac.o [1]
SendFrame               0x011cbc   0x5d  Code  Lc  main.o [1]
SendFrameOnChannel      0x01101f   0x9f  Code  Gb  LoRaMac.o [1]
SetTxContinuousWave     0x009090   0x43  Code  Gb  LoRaMac.o [1]
SetTxContinuousWave1    0x0090d3   0x13  Code  Gb  LoRaMac.o [1]
SpiDeInit               0x0115e7   0x84  Code  Gb  spi-board.o [1]
SpiInOut                0x0122a2   0x4c  Code  Gb  spi-board.o [1]
SpiInit                 0x00d64d  0x16a  Code  Gb  spi-board.o [1]
SpiInitialized          0x0009f5    0x1  Data  Lc  spi-board.o [1]
SrvAckRequested         0x0009e4    0x1  Data  Lc  LoRaMac.o [1]
SystemWakeupTimeCalibrated
                        0x0009da    0x1  Data  Lc  board.o [1]
TIM1_CAP_IRQHandler     0x014177    0x1  Code  Gb  stm8l15x_it.o [1]
TIM1_UPD_OVF_TRG_COM_IRQHandler
                        0x014176    0x1  Code  Gb  stm8l15x_it.o [1]
TIM2_CAP_IRQHandler     0x014173    0x1  Code  Gb  stm8l15x_it.o [1]
TIM2_UPD_OVF_TRG_BRK_IRQHandler
                        0x014172    0x1  Code  Gb  stm8l15x_it.o [1]
TIM3_CAP_IRQHandler     0x014175    0x1  Code  Gb  stm8l15x_it.o [1]
TIM3_UPD_OVF_TRG_BRK_IRQHandler
                        0x014174    0x1  Code  Gb  stm8l15x_it.o [1]
TIM4_UPD_OVF_TRG_IRQHandler
                        0x014178    0x1  Code  Gb  stm8l15x_it.o [1]
TRAP_IRQHandler         0x014168    0x1  Code  Gb  stm8l15x_it.o [1]
TimerGetCurrentTime     0x014139    0x4  Code  Gb  timer.o [1]
TimerGetElapsedTime     0x01413d    0x4  Code  Gb  timer.o [1]
TimerInit               0x012ce6   0x2c  Code  Gb  timer.o [1]
TimerInsertNewHeadTimer
                        0x012762   0x3a  Code  Lc  timer.o [1]
TimerInsertTimer        0x010f7e   0xa1  Code  Lc  timer.o [1]
TimerIrqHandler         0x01128a   0x96  Code  Gb  timer.o [1]
TimerListHead           0x0009d5    0x2  Data  Lc  timer.o [1]
TimerLowPowerHandler    0x012d93   0x2a  Code  Gb  timer.o [1]
TimerSetValue           0x0133ef   0x1c  Code  Gb  timer.o [1]
TimerStart              0x011561   0x86  Code  Gb  timer.o [1]
TimerStop               0x010b86   0xb5  Code  Gb  timer.o [1]
TxDelayedTimer          0x0008bf    0xe  Data  Lc  LoRaMac.o [1]
TxDutyCycleTime         0x000076    0x4  Data  Lc  main.o [1]
TxNextPacketTimer       0x0008f7    0xe  Data  Lc  main.o [1]
TxTimeOnAir             0x000991    0x4  Data  Gb  LoRaMac.o [1]
TxTimeout               0x000995    0x4  Data  Gb  radio.o [1]
TxTimeoutTimer          0x000905    0xe  Data  Gb  radio.o [1]
USART1_RX_IRQHandler    0x01417b    0x1  Code  Gb  stm8l15x_it.o [1]
USART1_TX_IRQHandler    0x01417a    0x1  Code  Gb  stm8l15x_it.o [1]
USART_Cmd               0x013932   0x10  Code  Gb  stm8l15x_usart.o [1]
USART_DeInit            0x012ff6   0x23  Code  Gb  stm8l15x_usart.o [1]
USART_GetFlagStatus     0x013265   0x1d  Code  Gb  stm8l15x_usart.o [1]
USART_Init              0x01166b   0x82  Code  Gb  stm8l15x_usart.o [1]
USART_SendData8         0x01414e    0x3  Code  Gb  stm8l15x_usart.o [1]
UpLinkCounter           0x00096d    0x4  Data  Lc  LoRaMac.o [1]
WakeUpTimeInitialized   0x0009ff    0x1  Data  Gb  rtc-board.o [3]
_GenldFull              0x00b01d  0x3b0  Code  Lc  xprintffull.o [5]
_LdtobFull              0x00a72c  0x47a  Code  Lc  xprintffull.o [5]
_LitobFull              0x00d1f7  0x181  Code  Lc  xprintffull.o [5]
_PrintfFull             0x00aba6  0x477  Code  Gb  xprintffull.o [5]
_Prout                  0x0130fe   0x1f  Code  Gb  xprout.o [5]
_PutcharFull            0x012c5f   0x2e  Code  Lc  xprintffull.o [5]
_PutcharsFull           0x0125ff   0x3e  Code  Lc  xprintffull.o [5]
__DebugBreak            0x01417d    0x1  Code  Gb  __dbg_break.o [4]
__exit                  0x01369c   0x16  Code  Gb  __dbg_xxexit.o [4]
__iar_Dint              0x0107b2   0xc9  Code  Gb  xdint.o [5]
__iar_Dnorm             0x00d095         Code  Gb  float_libsup.o [5]
__iar_Dscale            0x00d123         Code  Gb  float_libsup.o [5]
__iar_Dtest             0x00d075         Code  Gb  float_libsup.o [5]
__iar_Dunscale          0x00d0d1         Code  Gb  float_libsup.o [5]
__iar_Errno             0x0009d7    0x2  Data  Gb  errno.o [5]
__iar_Exp               0x00bd3b  0x26b  Code  Gb  xexp.o [5]
__iar_Logpoly           0x013c0d    0xc  Code  Gb  xlog.o [5]
__iar_Memchr            0x01307e   0x21  Code  Gb  memchr.o [5]
__iar_Strchr            0x01376f   0x15  Code  Gb  strchr.o [5]
__iar_copy_init2        0x012e60         Code  Gb  init_small.o [5]
__iar_data_init2        0x0131ef   0x1e  Code  Gb  init.o [5]
__iar_program_start     0x01362d         Code  Gb  cstartup.o [5]
__iar_unhandled_exception
                        0x014157         Code  Gb  unhandled_exception.o [5]
__iar_zero_init2        0x01320d         Code  Gb  init_small.o [5]
__intvec                0x008000         Data  Gb  interrupt.o [5]
__low_level_init        0x014154    0x3  Code  Gb  low_level_init.o [5]
_exit                   0x0140c9         Code  Gb  cexit.o [5]
_interrupt_1            0x014168         Code  Gb  stm8l15x_it.o [1]
_interrupt_10           0x013441         Code  Gb  stm8l15x_it.o [1]
_interrupt_11           0x0132bb         Code  Gb  stm8l15x_it.o [1]
_interrupt_12           0x0132d7         Code  Gb  stm8l15x_it.o [1]
_interrupt_13           0x0132f3         Code  Gb  stm8l15x_it.o [1]
_interrupt_14           0x01330f         Code  Gb  stm8l15x_it.o [1]
_interrupt_15           0x01332b         Code  Gb  stm8l15x_it.o [1]
_interrupt_16           0x013347         Code  Gb  stm8l15x_it.o [1]
_interrupt_17           0x013363         Code  Gb  stm8l15x_it.o [1]
_interrupt_18           0x01416f         Code  Gb  stm8l15x_it.o [1]
_interrupt_19           0x014170         Code  Gb  stm8l15x_it.o [1]
_interrupt_2            0x014167         Code  Gb  stm8l15x_it.o [1]
_interrupt_20           0x014171         Code  Gb  stm8l15x_it.o [1]
_interrupt_21           0x014172         Code  Gb  stm8l15x_it.o [1]
_interrupt_22           0x014173         Code  Gb  stm8l15x_it.o [1]
_interrupt_23           0x014174         Code  Gb  stm8l15x_it.o [1]
_interrupt_24           0x014175         Code  Gb  stm8l15x_it.o [1]
_interrupt_25           0x014176         Code  Gb  stm8l15x_it.o [1]
_interrupt_26           0x014177         Code  Gb  stm8l15x_it.o [1]
_interrupt_27           0x014178         Code  Gb  stm8l15x_it.o [1]
_interrupt_28           0x014179         Code  Gb  stm8l15x_it.o [1]
_interrupt_29           0x01417a         Code  Gb  stm8l15x_it.o [1]
_interrupt_3            0x014169         Code  Gb  stm8l15x_it.o [1]
_interrupt_30           0x01417b         Code  Gb  stm8l15x_it.o [1]
_interrupt_31           0x01417c         Code  Gb  stm8l15x_it.o [1]
_interrupt_4            0x01416a         Code  Gb  stm8l15x_it.o [1]
_interrupt_5            0x01416b         Code  Gb  stm8l15x_it.o [1]
_interrupt_6            0x01309f         Code  Gb  stm8l15x_it.o [1]
_interrupt_7            0x01416c         Code  Gb  stm8l15x_it.o [1]
_interrupt_8            0x01416d         Code  Gb  stm8l15x_it.o [1]
_interrupt_9            0x01416e         Code  Gb  stm8l15x_it.o [1]
aBlock                  0x000027   0x10  Data  Lc  LoRaMacCrypto.o [1]
aes_encrypt             0x0118d9   0x71  Code  Gb  aes.o [1]
aes_set_key             0x00da6e  0x14b  Code  Gb  aes.o [1]
ceil                    0x0124ef   0x46  Code  Gb  ceil.o [5]
copy_and_key            0x010000   0xff  Code  Lc  aes.o [1]
copy_block              0x010cee   0xa5  Code  Lc  aes.o [1]
div                     0x012953   0x34  Code  Gb  div.o [5]
exit                    0x014141    0x4  Code  Gb  exit.o [5]
floor                   0x012535   0x46  Code  Gb  floor.o [5]
gPaOptSetting           0x0009f6    0x1  Data  Gb  sx1262-board.o [1]
gfm2_sbox               0x008180  0x100  Data  Lc  aes.o [1]
gfm3_sbox               0x008280  0x100  Data  Lc  aes.o [1]
internal_Pow            0x00b750  0x358  Code  Lc  pow.o [5]
main                    0x00c640  0x209  Code  Gb  main.o [1]
memcpy                  0x0130bf   0x20  Code  Gb  memcpy.o [5]
memcpy1                 0x0134df   0x1a  Code  Gb  utilities.o [1]
memcpyr                 0x012e88   0x27  Code  Gb  utilities.o [1]
memset                  0x013686   0x16  Code  Gb  memset.o [5]
memset1                 0x01381e   0x13  Code  Gb  utilities.o [1]
misoIndex               0x0009cf    0x2  Data  Gb  spi-board.o [1]
mix_sub_columns         0x00bfa6  0x24a  Code  Lc  aes.o [1]
mosiIndex               0x0009cd    0x2  Data  Gb  spi-board.o [1]
next                    0x0000d3    0x4  Data  Lc  utilities.o [1]
nssIndex                0x0009d3    0x2  Data  Gb  spi-board.o [1]
pad                     0x01263d   0x3d  Code  Lc  xprintffull.o [5]
pow                     0x00babf    0x5  Code  Gb  pow.o [5]
printf                  0x012fd2   0x24  Code  Gb  printf.o [5]
putchar                 0x012f1e   0x24  Code  Gb  board.o [1]
randr                   0x01216c   0x4f  Code  Gb  utilities.o [1]
round                   0x01303b   0x22  Code  Lc  rtc-board.o [3]
sBlock                  0x000874   0x10  Data  Lc  LoRaMacCrypto.o [1]
sbox                    0x008080  0x100  Data  Lc  aes.o [1]
scale                   0x01207d   0x51  Code  Lc  xprintffull.o [5]
sclkIndex               0x0009d1    0x2  Data  Gb  spi-board.o [1]
shift_sub_rows          0x010d93   0xa5  Code  Lc  aes.o [1]
spi_port                0x0009cb    0x2  Data  Gb  spi-board.o [1]
srand1                  0x01409d    0x7  Code  Gb  utilities.o [1]
strlen                  0x013b58    0xd  Code  Gb  strlen.o [5]
xor_block               0x01061e   0xcb  Code  Lc  aes.o [1]


[1] = D:\lora_asr6505_pingpong\ChipMatrix_ASR6505\Projects\ClassA\EWSTM8\Debug\Obj
[2] = command line
[3] = asrlib.a
[4] = dbgstm8mmd.a
[5] = dlstm8mmn.a

  41 504 bytes of readonly  code memory
   1 867 bytes of readonly  data memory
   2 817 bytes of readwrite data memory

Errors: none
Warnings: none
