###############################################################################
#
# IAR ELF Linker V3.11.1.207 for STM8                     19/Oct/2021  15:47:46
# Copyright 2010-2019 IAR Systems AB.
#
#    Output file  =  
#        D:\lora_demos\ASR6505-EVB
#        Demo\Projects\ClassA\EWSTM8\Debug\Exe\project.out
#    Map file     =  
#        D:\lora_demos\ASR6505-EVB
#        Demo\Projects\ClassA\EWSTM8\Debug\List\project.map
#    Command line =  
#        -f C:\Users\ADMINI~1\AppData\Local\Temp\EWCBCD.tmp
#        ("D:\lora_demos\ASR6505-EVB
#        Demo\Projects\ClassA\EWSTM8\Debug\Obj\aes.o"
#        "D:\lora_demos\ASR6505-EVB
#        Demo\Projects\ClassA\EWSTM8\Debug\Obj\board.o"
#        "D:\lora_demos\ASR6505-EVB
#        Demo\Projects\ClassA\EWSTM8\Debug\Obj\cmac.o"
#        "D:\lora_demos\ASR6505-EVB
#        Demo\Projects\ClassA\EWSTM8\Debug\Obj\delay-board.o"
#        "D:\lora_demos\ASR6505-EVB
#        Demo\Projects\ClassA\EWSTM8\Debug\Obj\delay.o"
#        "D:\lora_demos\ASR6505-EVB
#        Demo\Projects\ClassA\EWSTM8\Debug\Obj\gpio-board.o"
#        "D:\lora_demos\ASR6505-EVB
#        Demo\Projects\ClassA\EWSTM8\Debug\Obj\gpio.o"
#        "D:\lora_demos\ASR6505-EVB
#        Demo\Projects\ClassA\EWSTM8\Debug\Obj\LoRaMac.o"
#        "D:\lora_demos\ASR6505-EVB
#        Demo\Projects\ClassA\EWSTM8\Debug\Obj\LoRaMacCrypto.o"
#        "D:\lora_demos\ASR6505-EVB
#        Demo\Projects\ClassA\EWSTM8\Debug\Obj\main.o"
#        "D:\lora_demos\ASR6505-EVB
#        Demo\Projects\ClassA\EWSTM8\Debug\Obj\radio.o"
#        "D:\lora_demos\ASR6505-EVB
#        Demo\Projects\ClassA\EWSTM8\Debug\Obj\Region.o"
#        "D:\lora_demos\ASR6505-EVB
#        Demo\Projects\ClassA\EWSTM8\Debug\Obj\RegionCN470.o"
#        "D:\lora_demos\ASR6505-EVB
#        Demo\Projects\ClassA\EWSTM8\Debug\Obj\RegionCommon.o"
#        "D:\lora_demos\ASR6505-EVB
#        Demo\Projects\ClassA\EWSTM8\Debug\Obj\spi-board.o"
#        "D:\lora_demos\ASR6505-EVB
#        Demo\Projects\ClassA\EWSTM8\Debug\Obj\stm8_interrupt_vector.o"
#        "D:\lora_demos\ASR6505-EVB
#        Demo\Projects\ClassA\EWSTM8\Debug\Obj\stm8l15x_aes.o"
#        "D:\lora_demos\ASR6505-EVB
#        Demo\Projects\ClassA\EWSTM8\Debug\Obj\stm8l15x_clk.o"
#        "D:\lora_demos\ASR6505-EVB
#        Demo\Projects\ClassA\EWSTM8\Debug\Obj\stm8l15x_dma.o"
#        "D:\lora_demos\ASR6505-EVB
#        Demo\Projects\ClassA\EWSTM8\Debug\Obj\stm8l15x_exti.o"
#        "D:\lora_demos\ASR6505-EVB
#        Demo\Projects\ClassA\EWSTM8\Debug\Obj\stm8l15x_flash.o"
#        "D:\lora_demos\ASR6505-EVB
#        Demo\Projects\ClassA\EWSTM8\Debug\Obj\stm8l15x_gpio.o"
#        "D:\lora_demos\ASR6505-EVB
#        Demo\Projects\ClassA\EWSTM8\Debug\Obj\stm8l15x_i2c.o"
#        "D:\lora_demos\ASR6505-EVB
#        Demo\Projects\ClassA\EWSTM8\Debug\Obj\stm8l15x_it.o"
#        "D:\lora_demos\ASR6505-EVB
#        Demo\Projects\ClassA\EWSTM8\Debug\Obj\stm8l15x_iwdg.o"
#        "D:\lora_demos\ASR6505-EVB
#        Demo\Projects\ClassA\EWSTM8\Debug\Obj\stm8l15x_pwr.o"
#        "D:\lora_demos\ASR6505-EVB
#        Demo\Projects\ClassA\EWSTM8\Debug\Obj\stm8l15x_rtc.o"
#        "D:\lora_demos\ASR6505-EVB
#        Demo\Projects\ClassA\EWSTM8\Debug\Obj\stm8l15x_spi.o"
#        "D:\lora_demos\ASR6505-EVB
#        Demo\Projects\ClassA\EWSTM8\Debug\Obj\stm8l15x_syscfg.o"
#        "D:\lora_demos\ASR6505-EVB
#        Demo\Projects\ClassA\EWSTM8\Debug\Obj\stm8l15x_tim1.o"
#        "D:\lora_demos\ASR6505-EVB
#        Demo\Projects\ClassA\EWSTM8\Debug\Obj\stm8l15x_tim2.o"
#        "D:\lora_demos\ASR6505-EVB
#        Demo\Projects\ClassA\EWSTM8\Debug\Obj\stm8l15x_tim3.o"
#        "D:\lora_demos\ASR6505-EVB
#        Demo\Projects\ClassA\EWSTM8\Debug\Obj\stm8l15x_tim4.o"
#        "D:\lora_demos\ASR6505-EVB
#        Demo\Projects\ClassA\EWSTM8\Debug\Obj\stm8l15x_tim5.o"
#        "D:\lora_demos\ASR6505-EVB
#        Demo\Projects\ClassA\EWSTM8\Debug\Obj\stm8l15x_usart.o"
#        "D:\lora_demos\ASR6505-EVB
#        Demo\Projects\ClassA\EWSTM8\Debug\Obj\stm8l15x_wwdg.o"
#        "D:\lora_demos\ASR6505-EVB
#        Demo\Projects\ClassA\EWSTM8\Debug\Obj\sx1262-board.o"
#        "D:\lora_demos\ASR6505-EVB
#        Demo\Projects\ClassA\EWSTM8\Debug\Obj\sx126x.o"
#        "D:\lora_demos\ASR6505-EVB
#        Demo\Projects\ClassA\EWSTM8\Debug\Obj\timer.o"
#        "D:\lora_demos\ASR6505-EVB
#        Demo\Projects\ClassA\EWSTM8\Debug\Obj\utilities.o" --redirect
#        _Printf=_PrintfFull --redirect _Scanf=_ScanfFullNoMb
#        --no_out_extension -o "D:\lora_demos\ASR6505-EVB
#        Demo\Projects\ClassA\EWSTM8\Debug\Exe\project.out" --map
#        "D:\lora_demos\ASR6505-EVB
#        Demo\Projects\ClassA\EWSTM8\Debug\List\project.map" --config
#        D:\IAR_STM8\stm8\config\lnkstm8l152m8.icf --config_def
#        _CSTACK_SIZE=0x100 --config_def _HEAP_SIZE=0x100
#        "D:\lora_demos\ASR6505-EVB
#        Demo\Projects\ClassA\EWSTM8\..\..\..\Libraries\asrlib\IAR\asrlib.a"
#        --entry __iar_program_start --debug_lib)
#
###############################################################################

*******************************************************************************
*** RUNTIME MODEL ATTRIBUTES
***

__SystemLibrary            = DLib
__code_model               = medium_or_large
__core                     = stm8
__data_model               = medium
__dlib_file_descriptor     = 0
__dlib_full_locale_support = 0
__rt_version               = 4


*******************************************************************************
*** PLACEMENT SUMMARY
***

"A0":  place at start of [0x000000-0x0000ff] { rw section .vregs };
"A1":  place at end of [0x000000-0x000fff] { block CSTACK };
"P2":  place in [from 0x000000 to 0x000fff] {
          block HEAP, rw section __DLIB_PERTHREAD, rw section .far.bss,
          rw section .far.data, rw section .far.noinit,
          rw section .far_func.textrw, rw section .huge.bss,
          rw section .huge.data, rw section .huge.noinit,
          rw section .huge_func.textrw, rw section .iar.dynexit,
          rw section .near.bss, rw section .near.data, rw section .near.noinit,
          rw section .near_func.textrw };
"A2":  place at start of [0x008000-0x00ffff] { block INTVEC };
"P3":  place in [from 0x008000 to 0x00ffff] {
          ro section __DLIB_PERTHREAD_init, ro section .far.data_init,
          ro section .far_func.textrw_init, ro section .huge.data_init,
          ro section .huge_func.textrw_init, ro section .iar.init_table,
          ro section .init_array, ro section .near.data_init,
          ro section .near.rodata, ro section .near_func.text,
          ro section .near_func.textrw_init, ro section .tiny.data_init,
          ro section .tiny.rodata_init };
"P4":  place in [from 0x008000 to 0x00ffff repeat 2] {
          ro section .far.rodata, ro section .far_func.text };
do not initialize {
   rw section .eeprom.noinit, rw section .far.noinit, rw section .huge.noinit,
   rw section .near.noinit, rw section .tiny.noinit, rw section .vregs };
initialize by copy {
   rw section .far.bss, rw section .far.data, rw section .far_func.textrw,
   rw section .huge.bss, rw section .huge.data, rw section .huge_func.textrw,
   rw section .iar.dynexit, rw section .near.bss, rw section .near.data,
   rw section .near_func.textrw, rw section .tiny.bss, rw section .tiny.data,
   ro section .tiny.rodata };

No sections matched the following patterns:

  ro section .far.data_init          in "P3"
  ro section .far.rodata             in "P4"
  ro section .far_func.textrw_init   in "P3"
  ro section .huge.data_init         in "P3"
  ro section .huge.rodata            in "P5"
  ro section .huge_func.text         in "P5"
  ro section .huge_func.textrw_init  in "P3"
  ro section .iar.init_table         in "P3"
  ro section .init_array             in "P3"
  ro section .near_func.textrw_init  in "P3"
  ro section .tiny.data_init         in "P3"
  ro section .tiny.rodata_init       in "P3"
  ro section __DLIB_PERTHREAD_init   in "P3"
  rw section .far.bss                in "P2"
  rw section .far.data               in "P2"
  rw section .far.noinit             in "P2"
  rw section .far_func.textrw        in "P2"
  rw section .huge.bss               in "P2"
  rw section .huge.data              in "P2"
  rw section .huge.noinit            in "P2"
  rw section .huge_func.textrw       in "P2"
  rw section .iar.dynexit            in "P2"
  rw section .near.noinit            in "P2"
  rw section .near_func.textrw       in "P2"
  rw section .tiny.bss               in "P1"
  rw section .tiny.data              in "P1"
  rw section .tiny.noinit            in "P1"
  rw section .tiny.rodata            in "P1"
  rw section __DLIB_PERTHREAD        in "P2"
  section .eeprom.data               in "P6-P8"
  section .eeprom.noinit             in "P6-P8"
  section .eeprom.rodata             in "P6-P8"


  Section            Kind      Address    Size  Object
  -------            ----      -------    ----  ------
"A0":                                     0x10
  .vregs             uninit   0x000000    0x10  vregs.o [5]
                            - 0x000010    0x10

"P2", part 1 of 2:                        0xc7
  P2-1                        0x000010    0xc7  <Init block>
    .near.data       inited   0x000010     0x2  board.o [1]
    .near.data       inited   0x000012     0x2  board.o [1]
    .near.data       inited   0x000014     0x1  LoRaMac.o [1]
    .near.data       inited   0x000015     0x1  LoRaMac.o [1]
    .near.data       inited   0x000016     0x1  LoRaMac.o [1]
    .near.data       inited   0x000017    0x10  LoRaMacCrypto.o [1]
    .near.data       inited   0x000027    0x10  LoRaMacCrypto.o [1]
    .near.data       inited   0x000037     0x8  main.o [1]
    .near.data       inited   0x00003f    0x10  main.o [1]
    .near.data       inited   0x00004f    0x10  main.o [1]
    .near.data       inited   0x00005f    0x10  main.o [1]
    .near.data       inited   0x00006f     0x4  main.o [1]
    .near.data       inited   0x000073     0x1  main.o [1]
    .near.data       inited   0x000074     0x1  main.o [1]
    .near.data       inited   0x000075     0x1  main.o [1]
    .near.data       inited   0x000076     0x4  main.o [1]
    .near.data       inited   0x00007a     0x1  main.o [1]
    .near.data       inited   0x00007b    0x48  radio.o [1]
    .near.data       inited   0x0000c3     0x1  radio.o [1]
    .near.data       inited   0x0000c4     0xf  RegionCN470.o [1]
    .near.data       inited   0x0000d3     0x4  utilities.o [1]
                            - 0x0000d7    0xc7

"P2", part 2 of 2:                       0x92a
  .near.bss          zero     0x0000d7   0x115  LoRaMacCrypto.o [1]
  .near.bss          zero     0x0001ec    0xff  LoRaMac.o [1]
  .near.bss          zero     0x0002eb    0xff  LoRaMac.o [1]
  .near.bss          zero     0x0003ea    0xff  radio.o [1]
  .near.bss          zero     0x0004e9    0xf1  LoRaMacCrypto.o [1]
  .near.bss          zero     0x0005da    0x80  LoRaMac.o [1]
  .near.bss          zero     0x00065a    0x80  LoRaMac.o [1]
  .near.bss          zero     0x0006da    0x80  radio.o [1]
  .near.bss          zero     0x00075a    0x30  gpio-board.o [1]
  .near.bss          zero     0x00078a    0x2c  LoRaMac.o [1]
  .near.bss          zero     0x0007b6    0x2c  LoRaMac.o [1]
  .near.bss          zero     0x0007e2    0x15  LoRaMac.o [1]
  .near.bss          zero     0x0007f7    0x14  LoRaMac.o [1]
  .near.bss          zero     0x00080b    0x14  LoRaMac.o [1]
  .near.bss          zero     0x00081f    0x13  LoRaMac.o [1]
  .near.bss          zero     0x000832    0x12  LoRaMac.o [1]
  .near.bss          zero     0x000844    0x10  LoRaMac.o [1]
  .near.bss          zero     0x000854    0x10  LoRaMac.o [1]
  .near.bss          zero     0x000864    0x10  LoRaMacCrypto.o [1]
  .near.bss          zero     0x000874    0x10  LoRaMacCrypto.o [1]
  .near.bss          zero     0x000884    0x10  main.o [1]
  .near.bss          zero     0x000894     0xf  radio.o [1]
  .near.bss          zero     0x0008a3     0xe  board.o [1]
  .near.bss          zero     0x0008b1     0xe  LoRaMac.o [1]
  .near.bss          zero     0x0008bf     0xe  LoRaMac.o [1]
  .near.bss          zero     0x0008cd     0xe  LoRaMac.o [1]
  .near.bss          zero     0x0008db     0xe  LoRaMac.o [1]
  .near.bss          zero     0x0008e9     0xe  LoRaMac.o [1]
  .near.bss          zero     0x0008f7     0xe  main.o [1]
  .near.bss          zero     0x000905     0xe  radio.o [1]
  .near.bss          zero     0x000913     0xe  radio.o [1]
  .near.bss          zero     0x000921     0xc  RegionCN470.o [1]
  .near.bss          zero     0x00092d     0xc  RegionCN470.o [1]
  .near.bss          zero     0x000939     0xc  rtc-board.o [3]
  .near.bss          zero     0x000945     0x9  sx1262-board.o [1]
  .near.bss          zero     0x00094e     0x8  LoRaMac.o [1]
  .near.bss          zero     0x000956     0x8  main.o [1]
  .near.bss          zero     0x00095e     0x7  rtc-board.o [3]
  .near.bss          zero     0x000965     0x4  LoRaMac.o [1]
  .near.bss          zero     0x000969     0x4  LoRaMac.o [1]
  .near.bss          zero     0x00096d     0x4  LoRaMac.o [1]
  .near.bss          zero     0x000971     0x4  LoRaMac.o [1]
  .near.bss          zero     0x000975     0x4  LoRaMac.o [1]
  .near.bss          zero     0x000979     0x4  LoRaMac.o [1]
  .near.bss          zero     0x00097d     0x4  LoRaMac.o [1]
  .near.bss          zero     0x000981     0x4  LoRaMac.o [1]
  .near.bss          zero     0x000985     0x4  LoRaMac.o [1]
  .near.bss          zero     0x000989     0x4  LoRaMac.o [1]
  .near.bss          zero     0x00098d     0x4  LoRaMac.o [1]
  .near.bss          zero     0x000991     0x4  LoRaMac.o [1]
  .near.bss          zero     0x000995     0x4  radio.o [1]
  .near.bss          zero     0x000999     0x4  radio.o [1]
  .near.bss          zero     0x00099d     0x4  sx126x.o [1]
  .near.bss          zero     0x0009a1     0x4  rtc-board.o [3]
  .near.bss          zero     0x0009a5     0x4  rtc-board.o [3]
  .near.bss          zero     0x0009a9     0x4  rtc-board.o [3]
  .near.bss          zero     0x0009ad     0x4  rtc-board.o [3]
  .near.bss          zero     0x0009b1     0x4  rtc-board.o [3]
  .near.bss          zero     0x0009b5     0x2  LoRaMac.o [1]
  .near.bss          zero     0x0009b7     0x2  LoRaMac.o [1]
  .near.bss          zero     0x0009b9     0x2  LoRaMac.o [1]
  .near.bss          zero     0x0009bb     0x2  LoRaMac.o [1]
  .near.bss          zero     0x0009bd     0x2  LoRaMac.o [1]
  .near.bss          zero     0x0009bf     0x2  LoRaMac.o [1]
  .near.bss          zero     0x0009c1     0x2  LoRaMac.o [1]
  .near.bss          zero     0x0009c3     0x2  LoRaMac.o [1]
  .near.bss          zero     0x0009c5     0x2  LoRaMac.o [1]
  .near.bss          zero     0x0009c7     0x2  radio.o [1]
  .near.bss          zero     0x0009c9     0x2  radio.o [1]
  .near.bss          zero     0x0009cb     0x2  spi-board.o [1]
  .near.bss          zero     0x0009cd     0x2  spi-board.o [1]
  .near.bss          zero     0x0009cf     0x2  spi-board.o [1]
  .near.bss          zero     0x0009d1     0x2  spi-board.o [1]
  .near.bss          zero     0x0009d3     0x2  spi-board.o [1]
  .near.bss          zero     0x0009d5     0x2  timer.o [1]
  .near.bss          zero     0x0009d7     0x2  errno.o [5]
  .near.bss          zero     0x0009d9     0x1  board.o [1]
  .near.bss          zero     0x0009da     0x1  board.o [1]
  .near.bss          zero     0x0009db     0x1  LoRaMac.o [1]
  .near.bss          zero     0x0009dc     0x1  LoRaMac.o [1]
  .near.bss          zero     0x0009dd     0x1  LoRaMac.o [1]
  .near.bss          zero     0x0009de     0x1  LoRaMac.o [1]
  .near.bss          zero     0x0009df     0x1  LoRaMac.o [1]
  .near.bss          zero     0x0009e0     0x1  LoRaMac.o [1]
  .near.bss          zero     0x0009e1     0x1  LoRaMac.o [1]
  .near.bss          zero     0x0009e2     0x1  LoRaMac.o [1]
  .near.bss          zero     0x0009e3     0x1  LoRaMac.o [1]
  .near.bss          zero     0x0009e4     0x1  LoRaMac.o [1]
  .near.bss          zero     0x0009e5     0x1  LoRaMac.o [1]
  .near.bss          zero     0x0009e6     0x1  LoRaMac.o [1]
  .near.bss          zero     0x0009e7     0x1  LoRaMac.o [1]
  .near.bss          zero     0x0009e8     0x1  LoRaMac.o [1]
  .near.bss          zero     0x0009e9     0x1  LoRaMac.o [1]
  .near.bss          zero     0x0009ea     0x1  LoRaMac.o [1]
  .near.bss          zero     0x0009eb     0x1  LoRaMac.o [1]
  .near.bss          zero     0x0009ec     0x1  LoRaMac.o [1]
  .near.bss          zero     0x0009ed     0x1  LoRaMac.o [1]
  .near.bss          zero     0x0009ee     0x1  LoRaMac.o [1]
  .near.bss          zero     0x0009ef     0x1  LoRaMac.o [1]
  .near.bss          zero     0x0009f0     0x1  LoRaMac.o [1]
  .near.bss          zero     0x0009f1     0x1  LoRaMac.o [1]
  .near.bss          zero     0x0009f2     0x1  main.o [1]
  .near.bss          zero     0x0009f3     0x1  radio.o [1]
  .near.bss          zero     0x0009f4     0x1  radio.o [1]
  .near.bss          zero     0x0009f5     0x1  spi-board.o [1]
  .near.bss          zero     0x0009f6     0x1  sx1262-board.o [1]
  .near.bss          zero     0x0009f7     0x1  sx126x.o [1]
  .near.bss          zero     0x0009f8     0x1  sx126x.o [1]
  .near.bss          zero     0x0009f9     0x1  sx126x.o [1]
  .near.bss          zero     0x0009fa     0x1  timer.o [1]
  .near.bss          zero     0x0009fb     0x1  rtc-board.o [3]
  .near.bss          zero     0x0009fc     0x1  rtc-board.o [3]
  .near.bss          zero     0x0009fd     0x1  rtc-board.o [3]
  .near.bss          zero     0x0009fe     0x1  rtc-board.o [3]
  .near.bss          zero     0x0009ff     0x1  rtc-board.o [3]
  .near.bss          zero     0x000a00     0x1  rtc-board.o [3]
                            - 0x000a01   0x92a

"A1":                                    0x100
  CSTACK                      0x000f00   0x100  <Block>
    CSTACK           uninit   0x000f00   0x100  <Block tail>
                            - 0x001000   0x100

"A2":                                     0x80
  INTVEC                      0x008000    0x80  <Block>
    .intvec          const    0x008000    0x80  interrupt.o [5]
                            - 0x008080    0x80

"P3":                                    0x776
  .near.rodata       const    0x008080   0x100  aes.o [1]
  .near.rodata       const    0x008180   0x100  aes.o [1]
  .near.rodata       const    0x008280   0x100  aes.o [1]
  Initializer bytes  const    0x008380    0xc7  <for P2-1>
  .near.rodata       const    0x008447    0x6e  radio.o [1]
  .near.rodata       const    0x0084b5    0x60  RegionCN470.o [1]
  .near.rodata       const    0x008515    0x51  radio.o [1]
  .near_func.text    const    0x008566    0x3c  xprintffull.o [5]
  .near.rodata       const    0x0085a2    0x3b  main.o [1]
  .iar.init_table    const    0x0085dd    0x14  - Linker created -
  .near.rodata       const    0x0085f1    0x20  radio.o [1]
  .near.rodata       const    0x008611    0x20  radio.o [1]
  .near.rodata       const    0x008631    0x1e  radio.o [1]
  .near.rodata       const    0x00864f    0x1e  radio.o [1]
  .near.rodata       const    0x00866d    0x1e  RegionCN470.o [1]
  .near.rodata       const    0x00868b    0x1e  RegionCN470.o [1]
  .near.rodata       const    0x0086a9    0x1d  radio.o [1]
  .near.rodata       const    0x0086c6    0x1d  radio.o [1]
  .near.rodata       const    0x0086e3    0x18  RegionCN470.o [1]
  .near.rodata       const    0x0086fb    0x13  main.o [1]
  .near.rodata       const    0x00870e    0x10  LoRaMac.o [1]
  .near.rodata       const    0x00871e     0xf  LoRaMac.o [1]
  .near.rodata       const    0x00872d     0xe  main.o [1]
  .near.rodata       const    0x00873b     0xc  RegionCN470.o [1]
  .near.rodata       const    0x008747     0xc  rtc-board.o [3]
  .near.rodata       const    0x008753     0xc  rtc-board.o [3]
  .near.rodata       const    0x00875f     0xa  main.o [1]
  .near.rodata       const    0x008769     0xa  main.o [1]
  .near.rodata       const    0x008773     0xa  main.o [1]
  .near.rodata       const    0x00877d     0x9  main.o [1]
  .near.rodata       const    0x008786     0x9  sx126x.o [1]
  .near.rodata       const    0x00878f     0x8  radio.o [1]
  .near.rodata       const    0x008797     0x8  radio.o [1]
  .near.rodata       const    0x00879f     0x8  sx126x.o [1]
  .near.rodata       const    0x0087a7     0x7  xprintffull.o [5]
  .near.rodata       const    0x0087ae     0x6  RegionCN470.o [1]
  .near.rodata       const    0x0087b4     0x6  RegionCN470.o [1]
  .near.rodata       const    0x0087ba     0x6  RegionCN470.o [1]
  .near.rodata       const    0x0087c0     0x5  stm8l15x_clk.o [1]
  .near.rodata       const    0x0087c5     0x4  Region.o [1]
  .near.rodata       const    0x0087c9     0x4  RegionCN470.o [1]
  .near.rodata       const    0x0087cd     0x4  rtc-board.o [3]
  .near.rodata       const    0x0087d1     0x4  rtc-board.o [3]
  .near.rodata       const    0x0087d5     0x4  rtc-board.o [3]
  .near.rodata       const    0x0087d9     0x4  xprintffull.o [5]
  .near.rodata       const    0x0087dd     0x4  xprintffull.o [5]
  .near.rodata       const    0x0087e1     0x4  xprintffull.o [5]
  .near.rodata       const    0x0087e5     0x4  xprintffull.o [5]
  .near.rodata       const    0x0087e9     0x3  radio.o [1]
  .near.rodata       const    0x0087ec     0x2  rtc-board.o [3]
  .near.rodata       const    0x0087ee     0x2  xprintffull.o [5]
  .near.rodata       const    0x0087f0     0x1  board.o [1]
  .near.rodata       const    0x0087f1     0x1  board.o [1]
  .near.rodata       const    0x0087f2     0x1  board.o [1]
  .near.rodata       const    0x0087f3     0x1  radio.o [1]
  .near.rodata       const    0x0087f4     0x1  rtc-board.o [3]
  .near.rodata       const    0x0087f5     0x1  rtc-board.o [3]
                            - 0x0087f6   0x776

"P4", part 1 of 2:                      0x5fbf
  .far_func.text     ro code  0x0087f6  0x14df  LoRaMac.o [1]
  .far_func.text     ro code  0x009cd5   0x5f5  LoRaMac.o [1]
  .far_func.text     ro code  0x00a2ca   0x50d  float.o [5]
  .far_func.text     ro code  0x00a7d7   0x47a  xprintffull.o [5]
  .far_func.text     ro code  0x00ac51   0x477  xprintffull.o [5]
  .far_func.text     ro code  0x00b0c8   0x3b0  xprintffull.o [5]
  .far_func.text     ro code  0x00b478   0x383  LoRaMac.o [1]
  .far_func.text     ro code  0x00b7fb   0x374  pow.o [5]
  .far_func.text     ro code  0x00bb6f   0x277  long.o [5]
  .far_func.text     ro code  0x00bde6   0x26b  xexp.o [5]
  .far_func.text     ro code  0x00c051   0x24a  aes.o [1]
  .far_func.text     ro code  0x00c29b   0x23b  vreg_util.o [5]
  .far_func.text     ro code  0x00c4d6   0x215  LoRaMacCrypto.o [1]
  .far_func.text     ro code  0x00c6eb   0x201  main.o [1]
  .far_func.text     ro code  0x00c8ec   0x1ca  rtc-board.o [3]
  .far_func.text     ro code  0x00cab6   0x1aa  rtc-board.o [3]
  .far_func.text     ro code  0x00cc60   0x1a9  radio.o [1]
  .far_func.text     ro code  0x00ce09   0x18d  radio.o [1]
  .far_func.text     ro code  0x00cf96   0x184  radio.o [1]
  .far_func.text     ro code  0x00d11a   0x182  RegionCN470.o [1]
  .far_func.text     ro code  0x00d29c   0x182  float_libsup.o [5]
  .far_func.text     ro code  0x00d41e   0x181  xprintffull.o [5]
  .far_func.text     ro code  0x00d59f   0x16a  cmac.o [1]
  .far_func.text     ro code  0x00d709   0x16a  spi-board.o [1]
  .far_func.text     ro code  0x00d873   0x169  RegionCN470.o [1]
  .far_func.text     ro code  0x00d9dc   0x14e  radio.o [1]
  .far_func.text     ro code  0x00db2a   0x14b  aes.o [1]
  .far_func.text     ro code  0x00dc75   0x145  LoRaMac.o [1]
  .far_func.text     ro code  0x00ddba   0x143  sx126x.o [1]
  .far_func.text     ro code  0x00defd   0x13d  cmac.o [1]
  .far_func.text     ro code  0x00e03a   0x12a  radio.o [1]
  .far_func.text     ro code  0x00e164   0x11f  gpio-board.o [1]
  .far_func.text     ro code  0x00e283   0x118  RegionCommon.o [1]
  .far_func.text     ro code  0x00e39b   0x10e  board.o [1]
  .far_func.text     ro code  0x00e4a9   0x106  RegionCN470.o [1]
  .far_func.text     ro code  0x00e5af   0x104  RegionCommon.o [1]
  .far_func.text     ro code  0x00e6b3   0x102  RegionCN470.o [1]
                            - 0x00e7b5  0x5fbf

"P4", part 2 of 2:                      0x4297
  .far_func.text     ro code  0x010000   0x100  stm8l15x_rtc.o [1]
  .far_func.text     ro code  0x010100    0xff  aes.o [1]
  .far_func.text     ro code  0x0101ff    0xe6  LoRaMac.o [1]
  .far_func.text     ro code  0x0102e5    0xe6  rtc-board.o [3]
  .far_func.text     ro code  0x0103cb    0xdd  RegionCommon.o [1]
  .far_func.text     ro code  0x0104a8    0xd4  long_util.o [5]
  .far_func.text     ro code  0x01057c    0xd1  RegionCN470.o [1]
  .far_func.text     ro code  0x01064d    0xd1  sx126x.o [1]
  .far_func.text     ro code  0x01071e    0xcb  aes.o [1]
  .far_func.text     ro code  0x0107e9    0xc9  stm8l15x_rtc.o [1]
  .far_func.text     ro code  0x0108b2    0xc9  xdint.o [5]
  .far_func.text     ro code  0x01097b    0xc7  stm8l15x_rtc.o [1]
  .far_func.text     ro code  0x010a42    0xc4  gpio-board.o [1]
  .far_func.text     ro code  0x010b06    0xc3  sx126x.o [1]
  .far_func.text     ro code  0x010bc9    0xbd  LoRaMac.o [1]
  .far_func.text     ro code  0x010c86    0xb5  timer.o [1]
  .far_func.text     ro code  0x010d3b    0xb3  RegionCommon.o [1]
  .far_func.text     ro code  0x010dee    0xa5  aes.o [1]
  .far_func.text     ro code  0x010e93    0xa5  aes.o [1]
  .far_func.text     ro code  0x010f38    0xa4  sx126x.o [1]
  .far_func.text     ro code  0x010fdc    0xa2  stm8l15x_exti.o [1]
  .far_func.text     ro code  0x01107e    0xa1  timer.o [1]
  .far_func.text     ro code  0x01111f    0x9f  LoRaMac.o [1]
  .far_func.text     ro code  0x0111be    0x9f  rtc-board.o [3]
  .far_func.text     ro code  0x01125d    0x97  RegionCN470.o [1]
  .far_func.text     ro code  0x0112f4    0x96  RegionCN470.o [1]
  .far_func.text     ro code  0x01138a    0x96  timer.o [1]
  .far_func.text     ro code  0x011420    0x95  RegionCN470.o [1]
  .far_func.text     ro code  0x0114b5    0x94  LoRaMacCrypto.o [1]
  .far_func.text     ro code  0x011549    0x90  RegionCN470.o [1]
  .far_func.text     ro code  0x0115d9    0x88  sx126x.o [1]
  .far_func.text     ro code  0x011661    0x86  timer.o [1]
  .far_func.text     ro code  0x0116e7    0x84  spi-board.o [1]
  .far_func.text     ro code  0x01176b    0x82  stm8l15x_usart.o [1]
  .far_func.text     ro code  0x0117ed    0x81  stm8l15x_clk.o [1]
  .far_func.text     ro code  0x01186e    0x7f  sx126x.o [1]
  .far_func.text     ro code  0x0118ed    0x76  board.o [1]
  .far_func.text     ro code  0x011963    0x76  rtc-board.o [3]
  .far_func.text     ro code  0x0119d9    0x71  aes.o [1]
  .far_func.text     ro code  0x011a4a    0x71  RegionCommon.o [1]
  .far_func.text     ro code  0x011abb    0x64  stm8l15x_gpio.o [1]
  .far_func.text     ro code  0x011b1f    0x62  rtc-board.o [3]
  .far_func.text     ro code  0x011b81    0x61  rtc-board.o [3]
  .far_func.text     ro code  0x011be2    0x60  rtc-board.o [3]
  .far_func.text     ro code  0x011c42    0x5f  radio.o [1]
  .far_func.text     ro code  0x011ca1    0x5f  stm8l15x_clk.o [1]
  .far_func.text     ro code  0x011d00    0x5e  far_util.o [5]
  .far_func.text     ro code  0x011d5e    0x5e  short.o [5]
  .far_func.text     ro code  0x011dbc    0x5d  main.o [1]
  .far_func.text     ro code  0x011e19    0x5d  radio.o [1]
  .far_func.text     ro code  0x011e76    0x5c  LoRaMac.o [1]
  .far_func.text     ro code  0x011ed2    0x5b  rtc-board.o [3]
  .far_func.text     ro code  0x011f2d    0x5a  RegionCommon.o [1]
  .far_func.text     ro code  0x011f87    0x58  dc_util.o [5]
  .far_func.text     ro code  0x011fdf    0x55  stm8l15x_rtc.o [1]
  .far_func.text     ro code  0x012034    0x53  LoRaMac.o [1]
  .far_func.text     ro code  0x012087    0x53  main.o [1]
  .far_func.text     ro code  0x0120da    0x52  sx126x.o [1]
  .far_func.text     ro code  0x01212c    0x51  sx1262-board.o [1]
  .far_func.text     ro code  0x01217d    0x51  xprintffull.o [5]
  .far_func.text     ro code  0x0121ce    0x4f  LoRaMac.o [1]
  .far_func.text     ro code  0x01221d    0x4f  LoRaMac.o [1]
  .far_func.text     ro code  0x01226c    0x4f  utilities.o [1]
  .far_func.text     ro code  0x0122bb    0x4e  main.o [1]
  .far_func.text     ro code  0x012309    0x4d  LoRaMacCrypto.o [1]
  .far_func.text     ro code  0x012356    0x4c  main.o [1]
  .far_func.text     ro code  0x0123a2    0x4c  spi-board.o [1]
  .far_func.text     ro code  0x0123ee    0x4b  board.o [1]
  .far_func.text     ro code  0x012439    0x4a  radio.o [1]
  .far_func.text     ro code  0x012483    0x4a  RegionCN470.o [1]
  .far_func.text     ro code  0x0124cd    0x49  stm8l15x_syscfg.o [1]
  .far_func.text     ro code  0x012516    0x49  xprintffull.o [5]
  .far_func.text     ro code  0x01255f    0x48  main.o [1]
  .far_func.text     ro code  0x0125a7    0x48  RegionCN470.o [1]
  .far_func.text     ro code  0x0125ef    0x46  ceil.o [5]
  .far_func.text     ro code  0x012635    0x46  floor.o [5]
  .far_func.text     ro code  0x01267b    0x45  sx126x.o [1]
  .far_func.text     ro code  0x0126c0    0x3f  stm8l15x_rtc.o [1]
  .far_func.text     ro code  0x0126ff    0x3e  xprintffull.o [5]
  .far_func.text     ro code  0x01273d    0x3d  xprintffull.o [5]
  .far_func.text     ro code  0x01277a    0x3a  RegionCommon.o [1]
  .far_func.text     ro code  0x0127b4    0x3a  stm8l15x_rtc.o [1]
  .far_func.text     ro code  0x0127ee    0x3a  sx1262-board.o [1]
  .far_func.text     ro code  0x012828    0x3a  sx1262-board.o [1]
  .far_func.text     ro code  0x012862    0x3a  timer.o [1]
  .far_func.text     ro code  0x01289c    0x39  RegionCN470.o [1]
  .far_func.text     ro code  0x0128d5    0x39  stm8l15x_clk.o [1]
  .far_func.text     ro code  0x01290e    0x39  stm8l15x_rtc.o [1]
  .far_func.text     ro code  0x012947    0x37  stm8l15x_rtc.o [1]
  .far_func.text     ro code  0x01297e    0x36  delay-board.o [1]
  .far_func.text     ro code  0x0129b4    0x36  sx1262-board.o [1]
  .far_func.text     ro code  0x0129ea    0x35  gpio-board.o [1]
  .far_func.text     ro code  0x012a1f    0x34  sx126x.o [1]
  .far_func.text     ro code  0x012a53    0x34  div.o [5]
  .far_func.text     ro code  0x012a87    0x33  stm8l15x_rtc.o [1]
  .far_func.text     ro code  0x012aba    0x33  sx1262-board.o [1]
  .far_func.text     ro code  0x012aed    0x33  sx126x.o [1]
  .far_func.text     ro code  0x012b20    0x32  cmac.o [1]
  .far_func.text     ro code  0x012b52    0x32  sx1262-board.o [1]
  .far_func.text     ro code  0x012b84    0x32  sx126x.o [1]
  .far_func.text     ro code  0x012bb6    0x31  LoRaMac.o [1]
  .far_func.text     ro code  0x012be7    0x31  rtc-board.o [3]
  .far_func.text     ro code  0x012c18    0x30  stm8l15x_spi.o [1]
  .far_func.text     ro code  0x012c48    0x30  sx1262-board.o [1]
  .far_func.text     ro code  0x012c78    0x2f  RegionCommon.o [1]
  .far_func.text     ro code  0x012ca7    0x2e  board.o [1]
  .far_func.text     ro code  0x012cd5    0x2e  radio.o [1]
  .far_func.text     ro code  0x012d03    0x2e  radio.o [1]
  .far_func.text     ro code  0x012d31    0x2e  sx126x.o [1]
  .far_func.text     ro code  0x012d5f    0x2e  xprintffull.o [5]
  .far_func.text     ro code  0x012d8d    0x2d  sx126x.o [1]
  .far_func.text     ro code  0x012dba    0x2c  LoRaMac.o [1]
  .far_func.text     ro code  0x012de6    0x2c  timer.o [1]
  .far_func.text     ro code  0x012e12    0x2b  RegionCN470.o [1]
  .far_func.text     ro code  0x012e3d    0x2b  sx1262-board.o [1]
  .far_func.text     ro code  0x012e68    0x2b  rtc-board.o [3]
  .far_func.text     ro code  0x012e93    0x2a  timer.o [1]
  .far_func.text     ro code  0x012ebd    0x29  radio.o [1]
  .far_func.text     ro code  0x012ee6    0x29  RegionCommon.o [1]
  .far_func.text     ro code  0x012f0f    0x29  sx1262-board.o [1]
  .far_func.text     ro code  0x012f38    0x28  radio.o [1]
  .far_func.text     ro code  0x012f60    0x28  init_small.o [5]
  .far_func.text     ro code  0x012f88    0x27  utilities.o [1]
  .far_func.text     ro code  0x012faf    0x25  RegionCN470.o [1]
  .far_func.text     ro code  0x012fd4    0x25  move.o [5]
  .far_func.text     ro code  0x012ff9    0x25  xlog.o [5]
  .far_func.text     ro code  0x01301e    0x24  board.o [1]
  .far_func.text     ro code  0x013042    0x24  gpio-board.o [1]
  .far_func.text     ro code  0x013066    0x24  radio.o [1]
  .far_func.text     ro code  0x01308a    0x24  sx1262-board.o [1]
  .far_func.text     ro code  0x0130ae    0x24  utilities.o [1]
  .far_func.text     ro code  0x0130d2    0x24  printf.o [5]
  .far_func.text     ro code  0x0130f6    0x23  stm8l15x_usart.o [1]
  .far_func.text     ro code  0x013119    0x22  sx1262-board.o [1]
  .far_func.text     ro code  0x01313b    0x22  rtc-board.o [3]
  .far_func.text     ro code  0x01315d    0x21  gpio-board.o [1]
  .far_func.text     ro code  0x01317e    0x21  memchr.o [5]
  .far_func.text     ro code  0x01319f    0x20  stm8l15x_it.o [1]
  .far_func.text     ro code  0x0131bf    0x20  memcpy.o [5]
  .far_func.text     ro code  0x0131df    0x1f  LoRaMac.o [1]
  .far_func.text     ro code  0x0131fe    0x1f  radio.o [1]
  .far_func.text     ro code  0x01321d    0x1f  xprout.o [5]
  .far_func.text     ro code  0x01323c    0x1e  stm8l15x_rtc.o [1]
  .far_func.text     ro code  0x01325a    0x1e  stm8l15x_rtc.o [1]
  .far_func.text     ro code  0x013278    0x1e  sx1262-board.o [1]
  .far_func.text     ro code  0x013296    0x1e  sx126x.o [1]
  .far_func.text     ro code  0x0132b4    0x1e  rtc-board.o [3]
  .far_func.text     ro code  0x0132d2    0x1e  rtc-board.o [3]
  .far_func.text     ro code  0x0132f0    0x1e  init.o [5]
  .far_func.text     ro code  0x01330e    0x1e  init_small.o [5]
  .far_func.text     ro code  0x01332c    0x1d  LoRaMac.o [1]
  .far_func.text     ro code  0x013349    0x1d  spi-board.o [1]
  .far_func.text     ro code  0x013366    0x1d  stm8l15x_usart.o [1]
  .far_func.text     ro code  0x013383    0x1d  sx126x.o [1]
  .far_func.text     ro code  0x0133a0    0x1c  radio.o [1]
  .far_func.text     ro code  0x0133bc    0x1c  RegionCN470.o [1]
  .far_func.text     ro code  0x0133d8    0x1c  stm8l15x_it.o [1]
  .far_func.text     ro code  0x0133f4    0x1c  stm8l15x_it.o [1]
  .far_func.text     ro code  0x013410    0x1c  stm8l15x_it.o [1]
  .far_func.text     ro code  0x01342c    0x1c  stm8l15x_it.o [1]
  .far_func.text     ro code  0x013448    0x1c  stm8l15x_it.o [1]
  .far_func.text     ro code  0x013464    0x1c  stm8l15x_it.o [1]
  .far_func.text     ro code  0x013480    0x1c  stm8l15x_it.o [1]
  .far_func.text     ro code  0x01349c    0x1c  stm8l15x_rtc.o [1]
  .far_func.text     ro code  0x0134b8    0x1c  stm8l15x_rtc.o [1]
  .far_func.text     ro code  0x0134d4    0x1c  sx126x.o [1]
  .far_func.text     ro code  0x0134f0    0x1c  timer.o [1]
  .far_func.text     ro code  0x01350c    0x1c  timer.o [1]
  .far_func.text     ro code  0x013528    0x1b  radio.o [1]
  .far_func.text     ro code  0x013543    0x1b  stm8l15x_it.o [1]
  .far_func.text     ro code  0x01355e    0x1b  sx126x.o [1]
  .far_func.text     ro code  0x013579    0x1a  LoRaMac.o [1]
  .far_func.text     ro code  0x013593    0x1a  Region.o [1]
  .far_func.text     ro code  0x0135ad    0x1a  stm8l15x_flash.o [1]
  .far_func.text     ro code  0x0135c7    0x1a  sx126x.o [1]
  .far_func.text     ro code  0x0135e1    0x1a  utilities.o [1]
  .far_func.text     ro code  0x0135fb    0x19  cmac.o [1]
  .far_func.text     ro code  0x013614    0x19  stm8l15x_spi.o [1]
  .far_func.text     ro code  0x01362d    0x18  board.o [1]
  .far_func.text     ro code  0x013645    0x18  RegionCN470.o [1]
  .far_func.text     ro code  0x01365d    0x18  RegionCommon.o [1]
  .far_func.text     ro code  0x013675    0x18  stm8l15x_rtc.o [1]
  .far_func.text     ro code  0x01368d    0x18  sx1262-board.o [1]
  .far_func.text     ro code  0x0136a5    0x17  gpio-board.o [1]
  .far_func.text     ro code  0x0136bc    0x17  stm8l15x_rtc.o [1]
  .far_func.text     ro code  0x0136d3    0x17  sx1262-board.o [1]
  .far_func.text     ro code  0x0136ea    0x17  sx126x.o [1]
  .far_func.text     ro code  0x013701    0x17  sx126x.o [1]
  .far_func.text     ro code  0x013718    0x17  sx126x.o [1]
  .far_func.text     ro code  0x01372f    0x17  cstartup.o [5]
  .far_func.text     ro code  0x013746    0x16  Region.o [1]
  .far_func.text     ro code  0x01375c    0x16  stm8l15x_rtc.o [1]
  .far_func.text     ro code  0x013772    0x16  rtc-board.o [3]
  .far_func.text     ro code  0x013788    0x16  memset.o [5]
  .far_func.text     ro code  0x01379e    0x16  __dbg_xxexit.o [4]
  .far_func.text     ro code  0x0137b4    0x15  cmac.o [1]
  .far_func.text     ro code  0x0137c9    0x15  RegionCN470.o [1]
  .far_func.text     ro code  0x0137de    0x15  RegionCommon.o [1]
  .far_func.text     ro code  0x0137f3    0x15  stm8l15x_gpio.o [1]
  .far_func.text     ro code  0x013808    0x15  stm8l15x_rtc.o [1]
  .far_func.text     ro code  0x01381d    0x15  stm8l15x_rtc.o [1]
  .far_func.text     ro code  0x013832    0x15  sx1262-board.o [1]
  .far_func.text     ro code  0x013847    0x15  sx126x.o [1]
  .far_func.text     ro code  0x01385c    0x15  xprintffull.o [5]
  .far_func.text     ro code  0x013871    0x15  strchr.o [5]
  .far_func.text     ro code  0x013886    0x14  gpio-board.o [1]
  .far_func.text     ro code  0x01389a    0x14  RegionCN470.o [1]
  .far_func.text     ro code  0x0138ae    0x13  LoRaMacCrypto.o [1]
  .far_func.text     ro code  0x0138c1    0x13  radio.o [1]
  .far_func.text     ro code  0x0138d4    0x13  stm8l15x_clk.o [1]
  .far_func.text     ro code  0x0138e7    0x13  stm8l15x_spi.o [1]
  .far_func.text     ro code  0x0138fa    0x13  sx1262-board.o [1]
  .far_func.text     ro code  0x01390d    0x13  sx126x.o [1]
  .far_func.text     ro code  0x013920    0x13  utilities.o [1]
  .far_func.text     ro code  0x013933    0x12  LoRaMac.o [1]
  .far_func.text     ro code  0x013945    0x12  radio.o [1]
  .far_func.text     ro code  0x013957    0x12  stm8l15x_gpio.o [1]
  .far_func.text     ro code  0x013969    0x11  cmac.o [1]
  .far_func.text     ro code  0x01397a    0x11  LoRaMac.o [1]
  .far_func.text     ro code  0x01398b    0x11  LoRaMacCrypto.o [1]
  .far_func.text     ro code  0x01399c    0x11  Region.o [1]
  .far_func.text     ro code  0x0139ad    0x11  RegionCommon.o [1]
  .far_func.text     ro code  0x0139be    0x11  stm8l15x_rtc.o [1]
  .far_func.text     ro code  0x0139cf    0x11  stm8l15x_rtc.o [1]
  .far_func.text     ro code  0x0139e0    0x11  stm8l15x_rtc.o [1]
  .far_func.text     ro code  0x0139f1    0x11  sx1262-board.o [1]
  .far_func.text     ro code  0x013a02    0x11  sx1262-board.o [1]
  .far_func.text     ro code  0x013a13    0x11  sx126x.o [1]
  .far_func.text     ro code  0x013a24    0x10  radio.o [1]
  .far_func.text     ro code  0x013a34    0x10  stm8l15x_usart.o [1]
  .far_func.text     ro code  0x013a44    0x10  sx1262-board.o [1]
  .far_func.text     ro code  0x013a54    0x10  sx1262-board.o [1]
  .far_func.text     ro code  0x013a64    0x10  sx126x.o [1]
  .far_func.text     ro code  0x013a74    0x10  sx126x.o [1]
  .far_func.text     ro code  0x013a84     0xf  LoRaMac.o [1]
  .far_func.text     ro code  0x013a93     0xf  radio.o [1]
  .far_func.text     ro code  0x013aa2     0xf  radio.o [1]
  .far_func.text     ro code  0x013ab1     0xf  radio.o [1]
  .far_func.text     ro code  0x013ac0     0xf  RegionCN470.o [1]
  .far_func.text     ro code  0x013acf     0xf  stm8l15x_flash.o [1]
  .far_func.text     ro code  0x013ade     0xf  stm8l15x_rtc.o [1]
  .far_func.text     ro code  0x013aed     0xf  sx1262-board.o [1]
  .far_func.text     ro code  0x013afc     0xf  rtc-board.o [3]
  .far_func.text     ro code  0x013b0b     0xe  board.o [1]
  .far_func.text     ro code  0x013b19     0xe  LoRaMac.o [1]
  .far_func.text     ro code  0x013b27     0xe  RegionCN470.o [1]
  .far_func.text     ro code  0x013b35     0xe  stm8l15x_exti.o [1]
  .far_func.text     ro code  0x013b43     0xe  stm8l15x_exti.o [1]
  .far_func.text     ro code  0x013b51     0xe  stm8l15x_rtc.o [1]
  .far_func.text     ro code  0x013b5f     0xe  stm8l15x_rtc.o [1]
  .far_func.text     ro code  0x013b6d     0xe  sx126x.o [1]
  .far_func.text     ro code  0x013b7b     0xe  sx126x.o [1]
  .far_func.text     ro code  0x013b89     0xe  xprintffull.o [5]
  .far_func.text     ro code  0x013b97     0xd  cmac.o [1]
  .far_func.text     ro code  0x013ba4     0xd  cmac.o [1]
  .far_func.text     ro code  0x013bb1     0xd  LoRaMac.o [1]
  .far_func.text     ro code  0x013bbe     0xd  LoRaMac.o [1]
  .far_func.text     ro code  0x013bcb     0xd  LoRaMac.o [1]
  .far_func.text     ro code  0x013bd8     0xd  LoRaMacCrypto.o [1]
  .far_func.text     ro code  0x013be5     0xd  radio.o [1]
  .far_func.text     ro code  0x013bf2     0xd  radio.o [1]
  .far_func.text     ro code  0x013bff     0xd  spi-board.o [1]
  .far_func.text     ro code  0x013c0c     0xd  stm8l15x_pwr.o [1]
  .far_func.text     ro code  0x013c19     0xd  stm8l15x_spi.o [1]
  .far_func.text     ro code  0x013c26     0xd  sx1262-board.o [1]
  .far_func.text     ro code  0x013c33     0xd  sx1262-board.o [1]
  .far_func.text     ro code  0x013c40     0xd  sx126x.o [1]
  .far_func.text     ro code  0x013c4d     0xd  sx126x.o [1]
  .far_func.text     ro code  0x013c5a     0xd  strlen.o [5]
  .far_func.text     ro code  0x013c67     0xc  LoRaMac.o [1]
  .far_func.text     ro code  0x013c73     0xc  LoRaMac.o [1]
  .far_func.text     ro code  0x013c7f     0xc  LoRaMac.o [1]
  .far_func.text     ro code  0x013c8b     0xc  radio.o [1]
  .far_func.text     ro code  0x013c97     0xc  radio.o [1]
  .far_func.text     ro code  0x013ca3     0xc  radio.o [1]
  .far_func.text     ro code  0x013caf     0xc  radio.o [1]
  .far_func.text     ro code  0x013cbb     0xc  Region.o [1]
  .far_func.text     ro code  0x013cc7     0xc  Region.o [1]
  .far_func.text     ro code  0x013cd3     0xc  stm8l15x_rtc.o [1]
  .far_func.text     ro code  0x013cdf     0xc  sx1262-board.o [1]
  .far_func.text     ro code  0x013ceb     0xc  sx126x.o [1]
  .far_func.text     ro code  0x013cf7     0xc  sx126x.o [1]
  .far_func.text     ro code  0x013d03     0xc  char.o [5]
  .far_func.text     ro code  0x013d0f     0xc  xprintffull.o [5]
  .far_func.text     ro code  0x013d1b     0xc  xlog.o [5]
  .far_func.text     ro code  0x013d27     0xc  switch.o [5]
  .far_func.text     ro code  0x013d33     0xb  aes.o [1]
  .far_func.text     ro code  0x013d3e     0xb  board.o [1]
  .far_func.text     ro code  0x013d49     0xb  gpio-board.o [1]
  .far_func.text     ro code  0x013d54     0xb  LoRaMac.o [1]
  .far_func.text     ro code  0x013d5f     0xb  LoRaMac.o [1]
  .far_func.text     ro code  0x013d6a     0xb  LoRaMac.o [1]
  .far_func.text     ro code  0x013d75     0xb  LoRaMac.o [1]
  .far_func.text     ro code  0x013d80     0xb  LoRaMac.o [1]
  .far_func.text     ro code  0x013d8b     0xb  radio.o [1]
  .far_func.text     ro code  0x013d96     0xb  radio.o [1]
  .far_func.text     ro code  0x013da1     0xb  radio.o [1]
  .far_func.text     ro code  0x013dac     0xb  radio.o [1]
  .far_func.text     ro code  0x013db7     0xb  Region.o [1]
  .far_func.text     ro code  0x013dc2     0xb  Region.o [1]
  .far_func.text     ro code  0x013dcd     0xb  RegionCN470.o [1]
  .far_func.text     ro code  0x013dd8     0xb  RegionCN470.o [1]
  .far_func.text     ro code  0x013de3     0xb  RegionCN470.o [1]
  .far_func.text     ro code  0x013dee     0xb  RegionCommon.o [1]
  .far_func.text     ro code  0x013df9     0xb  stm8l15x_exti.o [1]
  .far_func.text     ro code  0x013e04     0xb  stm8l15x_flash.o [1]
  .far_func.text     ro code  0x013e0f     0xb  stm8l15x_rtc.o [1]
  .far_func.text     ro code  0x013e1a     0xb  sx1262-board.o [1]
  .far_func.text     ro code  0x013e25     0xb  sx1262-board.o [1]
  .far_func.text     ro code  0x013e30     0xb  sx126x.o [1]
  .far_func.text     ro code  0x013e3b     0xb  timer.o [1]
  .far_func.text     ro code  0x013e46     0xb  timer.o [1]
  .far_func.text     ro code  0x013e51     0xb  xprintffull.o [5]
  .far_func.text     ro code  0x013e5c     0xb  xprintffull.o [5]
  .far_func.text     ro code  0x013e67     0xb  xprintffull.o [5]
  .far_func.text     ro code  0x013e72     0xb  xprintffull.o [5]
  .far_func.text     ro code  0x013e7d     0xb  xprintffull.o [5]
  .far_func.text     ro code  0x013e88     0xb  xprintffull.o [5]
  .far_func.text     ro code  0x013e93     0xa  aes.o [1]
  .far_func.text     ro code  0x013e9d     0xa  LoRaMac.o [1]
  .far_func.text     ro code  0x013ea7     0xa  LoRaMac.o [1]
  .far_func.text     ro code  0x013eb1     0xa  LoRaMac.o [1]
  .far_func.text     ro code  0x013ebb     0xa  radio.o [1]
  .far_func.text     ro code  0x013ec5     0xa  radio.o [1]
  .far_func.text     ro code  0x013ecf     0xa  Region.o [1]
  .far_func.text     ro code  0x013ed9     0xa  Region.o [1]
  .far_func.text     ro code  0x013ee3     0xa  Region.o [1]
  .far_func.text     ro code  0x013eed     0xa  Region.o [1]
  .far_func.text     ro code  0x013ef7     0xa  Region.o [1]
  .far_func.text     ro code  0x013f01     0xa  Region.o [1]
  .far_func.text     ro code  0x013f0b     0xa  Region.o [1]
  .far_func.text     ro code  0x013f15     0xa  Region.o [1]
  .far_func.text     ro code  0x013f1f     0xa  Region.o [1]
  .far_func.text     ro code  0x013f29     0xa  RegionCN470.o [1]
  .far_func.text     ro code  0x013f33     0xa  RegionCommon.o [1]
  .far_func.text     ro code  0x013f3d     0xa  stm8l15x_clk.o [1]
  .far_func.text     ro code  0x013f47     0xa  stm8l15x_rtc.o [1]
  .far_func.text     ro code  0x013f51     0xa  sx1262-board.o [1]
  .far_func.text     ro code  0x013f5b     0xa  sx1262-board.o [1]
  .far_func.text     ro code  0x013f65     0xa  sx1262-board.o [1]
  .far_func.text     ro code  0x013f6f     0xa  sx126x.o [1]
  .far_func.text     ro code  0x013f79     0xa  timer.o [1]
  .far_func.text     ro code  0x013f83     0xa  far.o [5]
  .far_func.text     ro code  0x013f8d     0x9  aes.o [1]
  .far_func.text     ro code  0x013f96     0x9  aes.o [1]
  .far_func.text     ro code  0x013f9f     0x9  board.o [1]
  .far_func.text     ro code  0x013fa8     0x9  LoRaMac.o [1]
  .far_func.text     ro code  0x013fb1     0x9  LoRaMac.o [1]
  .far_func.text     ro code  0x013fba     0x9  LoRaMac.o [1]
  .far_func.text     ro code  0x013fc3     0x9  Region.o [1]
  .far_func.text     ro code  0x013fcc     0x9  Region.o [1]
  .far_func.text     ro code  0x013fd5     0x9  Region.o [1]
  .far_func.text     ro code  0x013fde     0x9  Region.o [1]
  .far_func.text     ro code  0x013fe7     0x9  Region.o [1]
  .far_func.text     ro code  0x013ff0     0x9  RegionCN470.o [1]
  .far_func.text     ro code  0x013ff9     0x9  spi-board.o [1]
  .far_func.text     ro code  0x014002     0x9  stm8l15x_rtc.o [1]
  .far_func.text     ro code  0x01400b     0x9  stm8l15x_rtc.o [1]
  .far_func.text     ro code  0x014014     0x9  stm8l15x_rtc.o [1]
  .far_func.text     ro code  0x01401d     0x9  sx1262-board.o [1]
  .far_func.text     ro code  0x014026     0x9  sx1262-board.o [1]
  .far_func.text     ro code  0x01402f     0x9  sx1262-board.o [1]
  .far_func.text     ro code  0x014038     0x9  sx1262-board.o [1]
  .far_func.text     ro code  0x014041     0x9  sx1262-board.o [1]
  .far_func.text     ro code  0x01404a     0x9  sx1262-board.o [1]
  .far_func.text     ro code  0x014053     0x9  sx126x.o [1]
  .far_func.text     ro code  0x01405c     0x9  sx126x.o [1]
  .far_func.text     ro code  0x014065     0x9  sx126x.o [1]
  .far_func.text     ro code  0x01406e     0x9  sx126x.o [1]
  .far_func.text     ro code  0x014077     0x9  xprintffull.o [5]
  .far_func.text     ro code  0x014080     0x9  xprintffull.o [5]
  .far_func.text     ro code  0x014089     0x8  aes.o [1]
  .far_func.text     ro code  0x014091     0x8  aes.o [1]
  .far_func.text     ro code  0x014099     0x8  LoRaMac.o [1]
  .far_func.text     ro code  0x0140a1     0x8  LoRaMac.o [1]
  .far_func.text     ro code  0x0140a9     0x8  LoRaMac.o [1]
  .far_func.text     ro code  0x0140b1     0x8  LoRaMac.o [1]
  .far_func.text     ro code  0x0140b9     0x8  LoRaMac.o [1]
  .far_func.text     ro code  0x0140c1     0x8  LoRaMac.o [1]
  .far_func.text     ro code  0x0140c9     0x8  main.o [1]
  .far_func.text     ro code  0x0140d1     0x8  radio.o [1]
  .far_func.text     ro code  0x0140d9     0x8  radio.o [1]
  .far_func.text     ro code  0x0140e1     0x8  radio.o [1]
  .far_func.text     ro code  0x0140e9     0x8  radio.o [1]
  .far_func.text     ro code  0x0140f1     0x8  radio.o [1]
  .far_func.text     ro code  0x0140f9     0x8  RegionCN470.o [1]
  .far_func.text     ro code  0x014101     0x8  RegionCN470.o [1]
  .far_func.text     ro code  0x014109     0x8  RegionCN470.o [1]
  .far_func.text     ro code  0x014111     0x8  RegionCommon.o [1]
  .far_func.text     ro code  0x014119     0x8  spi-board.o [1]
  .far_func.text     ro code  0x014121     0x8  stm8l15x_rtc.o [1]
  .far_func.text     ro code  0x014129     0x8  stm8l15x_rtc.o [1]
  .far_func.text     ro code  0x014131     0x8  stm8l15x_rtc.o [1]
  .far_func.text     ro code  0x014139     0x8  sx1262-board.o [1]
  .far_func.text     ro code  0x014141     0x8  sx126x.o [1]
  .far_func.text     ro code  0x014149     0x8  timer.o [1]
  .far_func.text     ro code  0x014151     0x8  xprintffull.o [5]
  .far_func.text     ro code  0x014159     0x7  aes.o [1]
  .far_func.text     ro code  0x014160     0x7  aes.o [1]
  .far_func.text     ro code  0x014167     0x7  LoRaMac.o [1]
  .far_func.text     ro code  0x01416e     0x7  LoRaMac.o [1]
  .far_func.text     ro code  0x014175     0x7  LoRaMac.o [1]
  .far_func.text     ro code  0x01417c     0x7  LoRaMac.o [1]
  .far_func.text     ro code  0x014183     0x7  radio.o [1]
  .far_func.text     ro code  0x01418a     0x7  radio.o [1]
  .far_func.text     ro code  0x014191     0x7  stm8l15x_gpio.o [1]
  .far_func.text     ro code  0x014198     0x7  stm8l15x_it.o [1]
  .far_func.text     ro code  0x01419f     0x7  sx126x.o [1]
  .far_func.text     ro code  0x0141a6     0x7  sx126x.o [1]
  .far_func.text     ro code  0x0141ad     0x7  sx126x.o [1]
  .far_func.text     ro code  0x0141b4     0x7  timer.o [1]
  .far_func.text     ro code  0x0141bb     0x7  utilities.o [1]
  .far_func.text     ro code  0x0141c2     0x7  xprintffull.o [5]
  .far_func.text     ro code  0x0141c9     0x6  aes.o [1]
  .far_func.text     ro code  0x0141cf     0x6  aes.o [1]
  .far_func.text     ro code  0x0141d5     0x6  radio.o [1]
  .far_func.text     ro code  0x0141db     0x6  stm8l15x_rtc.o [1]
  .far_func.text     ro code  0x0141e1     0x6  sx1262-board.o [1]
  .far_func.text     ro code  0x0141e7     0x6  cexit.o [5]
  .far_func.text     ro code  0x0141ed     0x5  board.o [1]
  .far_func.text     ro code  0x0141f2     0x5  LoRaMac.o [1]
  .far_func.text     ro code  0x0141f7     0x5  main.o [1]
  .far_func.text     ro code  0x0141fc     0x5  main.o [1]
  .far_func.text     ro code  0x014201     0x5  radio.o [1]
  .far_func.text     ro code  0x014206     0x5  radio.o [1]
  .far_func.text     ro code  0x01420b     0x5  stm8l15x_spi.o [1]
  .far_func.text     ro code  0x014210     0x5  stm8l15x_spi.o [1]
  .far_func.text     ro code  0x014215     0x5  sx1262-board.o [1]
  .far_func.text     ro code  0x01421a     0x4  delay.o [1]
  .far_func.text     ro code  0x01421e     0x4  gpio.o [1]
  .far_func.text     ro code  0x014222     0x4  gpio.o [1]
  .far_func.text     ro code  0x014226     0x4  gpio.o [1]
  .far_func.text     ro code  0x01422a     0x4  gpio.o [1]
  .far_func.text     ro code  0x01422e     0x4  radio.o [1]
  .far_func.text     ro code  0x014232     0x4  radio.o [1]
  .far_func.text     ro code  0x014236     0x4  radio.o [1]
  .far_func.text     ro code  0x01423a     0x4  radio.o [1]
  .far_func.text     ro code  0x01423e     0x4  stm8l15x_clk.o [1]
  .far_func.text     ro code  0x014242     0x4  stm8l15x_flash.o [1]
  .far_func.text     ro code  0x014246     0x4  sx126x.o [1]
  .far_func.text     ro code  0x01424a     0x4  sx126x.o [1]
  .far_func.text     ro code  0x01424e     0x4  sx126x.o [1]
  .far_func.text     ro code  0x014252     0x4  timer.o [1]
  .far_func.text     ro code  0x014256     0x4  timer.o [1]
  .far_func.text     ro code  0x01425a     0x4  exit.o [5]
  .far_func.text     ro code  0x01425e     0x3  board.o [1]
  .far_func.text     ro code  0x014261     0x3  radio.o [1]
  .far_func.text     ro code  0x014264     0x3  RegionCN470.o [1]
  .far_func.text     ro code  0x014267     0x3  stm8l15x_usart.o [1]
  .far_func.text     ro code  0x01426a     0x3  sx1262-board.o [1]
  .far_func.text     ro code  0x01426d     0x3  low_level_init.o [5]
  .far_func.text     ro code  0x014270     0x3  unhandled_exception.o [5]
  .far_func.text     ro code  0x014273     0x2  board.o [1]
  .far_func.text     ro code  0x014275     0x2  board.o [1]
  .far_func.text     ro code  0x014277     0x2  board.o [1]
  .far_func.text     ro code  0x014279     0x2  RegionCN470.o [1]
  .far_func.text     ro code  0x01427b     0x2  RegionCN470.o [1]
  .far_func.text     ro code  0x01427d     0x1  board.o [1]
  .far_func.text     ro code  0x01427e     0x1  RegionCN470.o [1]
  .far_func.text     ro code  0x01427f     0x1  RegionCN470.o [1]
  .far_func.text     ro code  0x014280     0x1  stm8l15x_it.o [1]
  .far_func.text     ro code  0x014281     0x1  stm8l15x_it.o [1]
  .far_func.text     ro code  0x014282     0x1  stm8l15x_it.o [1]
  .far_func.text     ro code  0x014283     0x1  stm8l15x_it.o [1]
  .far_func.text     ro code  0x014284     0x1  stm8l15x_it.o [1]
  .far_func.text     ro code  0x014285     0x1  stm8l15x_it.o [1]
  .far_func.text     ro code  0x014286     0x1  stm8l15x_it.o [1]
  .far_func.text     ro code  0x014287     0x1  stm8l15x_it.o [1]
  .far_func.text     ro code  0x014288     0x1  stm8l15x_it.o [1]
  .far_func.text     ro code  0x014289     0x1  stm8l15x_it.o [1]
  .far_func.text     ro code  0x01428a     0x1  stm8l15x_it.o [1]
  .far_func.text     ro code  0x01428b     0x1  stm8l15x_it.o [1]
  .far_func.text     ro code  0x01428c     0x1  stm8l15x_it.o [1]
  .far_func.text     ro code  0x01428d     0x1  stm8l15x_it.o [1]
  .far_func.text     ro code  0x01428e     0x1  stm8l15x_it.o [1]
  .far_func.text     ro code  0x01428f     0x1  stm8l15x_it.o [1]
  .far_func.text     ro code  0x014290     0x1  stm8l15x_it.o [1]
  .far_func.text     ro code  0x014291     0x1  stm8l15x_it.o [1]
  .far_func.text     ro code  0x014292     0x1  stm8l15x_it.o [1]
  .far_func.text     ro code  0x014293     0x1  stm8l15x_it.o [1]
  .far_func.text     ro code  0x014294     0x1  stm8l15x_it.o [1]
  .far_func.text     ro code  0x014295     0x1  stm8l15x_it.o [1]
  .far_func.text     ro code  0x014296     0x1  __dbg_break.o [4]
                            - 0x014297  0x4297


*******************************************************************************
*** INIT TABLE
***

          Address   Size
          -------   ----
Zero (__iar_zero_init2)
    1 destination range, total size 0x92a:
          0x0000d7  0x92a

Copy (__iar_copy_init2)
    1 source range, total size 0xc7:
          0x008380   0xc7
    1 destination range, total size 0xc7:
          0x000010   0xc7



*******************************************************************************
*** MODULE SUMMARY
***

    Module                 ro code  ro data  rw data
    ------                 -------  -------  -------
D:\lora_demos\ASR6505-EVB Demo\Projects\ClassA\EWSTM8\Debug\Obj: [1]
    LoRaMac.o                9 514       34    1 154
    LoRaMacCrypto.o            807       32      582
    Region.o                   246        4
    RegionCN470.o            2 560      229       39
    RegionCommon.o           1 380
    aes.o                    1 899      768
    board.o                    618        7       20
    cmac.o                     818
    delay-board.o               54
    delay.o                      4
    gpio-board.o               659                48
    gpio.o                      16
    main.o                     933      199      107
    radio.o                  2 724      466      513
    spi-board.o                629                11
    stm8l15x_clk.o             314        5
    stm8l15x_exti.o            201
    stm8l15x_flash.o            56
    stm8l15x_gpio.o            146
    stm8l15x_it.o              284
    stm8l15x_pwr.o              13
    stm8l15x_rtc.o           1 436
    stm8l15x_spi.o             115
    stm8l15x_syscfg.o           73
    stm8l15x_usart.o           213
    sx1262-board.o             918                10
    sx126x.o                 2 023       17        7
    timer.o                    881                 3
    utilities.o                206        4        4
    ------------------------------------------------
    Total:                  29 740    1 765    2 498

command line: [2]
    ------------------------------------------------
    Total:

asrlib.a: [3]
    rtc-board.o              1 996       40       45
    ------------------------------------------------
    Total:                   1 996       40       45

dbgstm8mmd.a: [4]
    __dbg_break.o                1
    __dbg_xxexit.o              22
    ------------------------------------------------
    Total:                      23

dlstm8mmn.a: [5]
    ceil.o                      70
    cexit.o                      6
    char.o                      12
    cstartup.o                  23
    dc_util.o                   88
    div.o                       52
    errno.o                                        2
    exit.o                       4
    far.o                       10
    far_util.o                  94
    float.o                  1 293
    float_libsup.o             386
    floor.o                     70
    init.o                      30
    init_small.o                70
    interrupt.o                         128
    long.o                     631
    long_util.o                212
    low_level_init.o             3
    memchr.o                    33
    memcpy.o                    32
    memset.o                    22
    move.o                      37
    pow.o                      884
    printf.o                    36
    short.o                     94
    strchr.o                    21
    strlen.o                    13
    switch.o                    12
    unhandled_exception.o        3
    vreg_util.o                571
    vregs.o                                       16
    xdint.o                    201
    xexp.o                     619
    xlog.o                      49
    xprintffull.o            4 087       85
    xprout.o                    31
    ------------------------------------------------
    Total:                   9 799      213       18

    Linker created                       20      256
----------------------------------------------------
    Grand Total:            41 558    2 038    2 817


*******************************************************************************
*** ENTRY LIST
***

Entry                    Address   Size  Type      Object
-----                    -------   ----  ----      ------
.iar.init_table$$Base   0x0085dd          --   Gb  - Linker created -
.iar.init_table$$Limit  0x0085f1          --   Gb  - Linker created -
?add32_l0_l0_0x         0x00bbb3         Code  Gb  long.o [5]
?add32_l0_l0_l1         0x00bbb0         Code  Gb  long.o [5]
?and32_l0_l0_0x         0x00bd68         Code  Gb  long.o [5]
?and32_l0_l0_l1         0x00bd65         Code  Gb  long.o [5]
?b0                     0x000000         Data  Gb  vregs.o [5]
?b1                     0x000001         Data  Gb  vregs.o [5]
?b10                    0x00000a         Data  Gb  vregs.o [5]
?b11                    0x00000b         Data  Gb  vregs.o [5]
?b12                    0x00000c         Data  Gb  vregs.o [5]
?b13                    0x00000d         Data  Gb  vregs.o [5]
?b14                    0x00000e         Data  Gb  vregs.o [5]
?b15                    0x00000f         Data  Gb  vregs.o [5]
?b2                     0x000002         Data  Gb  vregs.o [5]
?b3                     0x000003         Data  Gb  vregs.o [5]
?b4                     0x000004         Data  Gb  vregs.o [5]
?b5                     0x000005         Data  Gb  vregs.o [5]
?b6                     0x000006         Data  Gb  vregs.o [5]
?b7                     0x000007         Data  Gb  vregs.o [5]
?b8                     0x000008         Data  Gb  vregs.o [5]
?b9                     0x000009         Data  Gb  vregs.o [5]
?dc32_l0                0x011f87         Code  Gb  dc_util.o [5]
?dc32_l1                0x011fb3         Code  Gb  dc_util.o [5]
?dec32_0x_0x            0x00bb9c         Code  Gb  long.o [5]
?dec32_l0_l0            0x00bb97         Code  Gb  long.o [5]
?e0                     0x000001         Data  Gb  vregs.o [5]
?e1                     0x000005         Data  Gb  vregs.o [5]
?e2                     0x000009         Data  Gb  vregs.o [5]
?e3                     0x00000d         Data  Gb  vregs.o [5]
?epilogue_l2            0x00c3a8         Code  Gb  vreg_util.o [5]
?epilogue_l2_l3         0x00c3a4         Code  Gb  vreg_util.o [5]
?epilogue_l2_w6         0x00c3ad         Code  Gb  vreg_util.o [5]
?epilogue_w4            0x00c3b6         Code  Gb  vreg_util.o [5]
?fadd32_l0_l0_dc32      0x00a2ee         Code  Gb  float.o [5]
?fadd32_l0_l0_l1        0x00a2f4         Code  Gb  float.o [5]
?fcastf32s16_l0_x       0x00a5bc         Code  Gb  float.o [5]
?fcastf32s32_l0_l0      0x00a690         Code  Gb  float.o [5]
?fcastf32u16_l0_x       0x00a5c3         Code  Gb  float.o [5]
?fcastf32u32_l0_l0      0x00a69c         Code  Gb  float.o [5]
?fcasts16f32_x_l0       0x00a5e1         Code  Gb  float.o [5]
?fcasts32f32_l0_l0      0x00a62d         Code  Gb  float.o [5]
?fcastu32f32_l0_l0      0x00a616         Code  Gb  float.o [5]
?fcmpeq32_c_0x_fzero    0x00a520         Code  Gb  float.o [5]
?fcmpeq32_c_l0_0x       0x00a52f         Code  Gb  float.o [5]
?fcmpeq32_c_l0_dc32     0x00a528         Code  Gb  float.o [5]
?fcmpeq32_c_l0_fzero    0x00a51d         Code  Gb  float.o [5]
?fcmpeq32_c_l0_l1       0x00a52c         Code  Gb  float.o [5]
?fcmpge32_c_l0_0x       0x00a55b         Code  Gb  float.o [5]
?fcmpge32_c_l0_dc32     0x00a554         Code  Gb  float.o [5]
?fcmpge32_c_l0_l1       0x00a558         Code  Gb  float.o [5]
?fcmplt32_c_l0_0x       0x00a566         Code  Gb  float.o [5]
?fcmplt32_c_l0_dc32     0x00a55f         Code  Gb  float.o [5]
?fcmplt32_c_l0_l1       0x00a563         Code  Gb  float.o [5]
?fdiv32_l0_dc32_l1      0x00a463         Code  Gb  float.o [5]
?fdiv32_l0_l0_dc32      0x00a469         Code  Gb  float.o [5]
?fdiv32_l0_l0_l1        0x00a46f         Code  Gb  float.o [5]
?fmul32_l0_l0_dc32      0x00a3c2         Code  Gb  float.o [5]
?fmul32_l0_l0_l1        0x00a3c8         Code  Gb  float.o [5]
?fsub32_l0_l0_l1        0x00a2e8         Code  Gb  float.o [5]
?inc32_0x_0x            0x00bb89         Code  Gb  long.o [5]
?inc32_l0_l0            0x00bb7f         Code  Gb  long.o [5]
?inc32_l3_l3            0x00bb84         Code  Gb  long.o [5]
?l0                     0x000000         Data  Gb  vregs.o [5]
?l1                     0x000004         Data  Gb  vregs.o [5]
?l2                     0x000008         Data  Gb  vregs.o [5]
?l3                     0x00000c         Data  Gb  vregs.o [5]
?load24_0x_e0           0x011d42         Code  Gb  far_util.o [5]
?load24_0x_e2           0x011d50         Code  Gb  far_util.o [5]
?load24_e0_0x           0x011d00         Code  Gb  far_util.o [5]
?load24_e1_0x           0x011d0e         Code  Gb  far_util.o [5]
?load24_e2_0x           0x011d1c         Code  Gb  far_util.o [5]
?load24_e3_0x           0x011d2a         Code  Gb  far_util.o [5]
?load24_xsp_e0          0x011d38         Code  Gb  far_util.o [5]
?load32_0x_l0           0x010530         Code  Gb  long_util.o [5]
?load32_0x_l1           0x01053e         Code  Gb  long_util.o [5]
?load32_0x_l2           0x010556         Code  Gb  long_util.o [5]
?load32_0x_l3           0x01056e         Code  Gb  long_util.o [5]
?load32_l0_0x           0x0104c2         Code  Gb  long_util.o [5]
?load32_l0_asp          0x0104b6         Code  Gb  long_util.o [5]
?load32_l0_dbsp         0x0104a8         Code  Gb  long_util.o [5]
?load32_l0_xsp          0x0104b8         Code  Gb  long_util.o [5]
?load32_l1_0x           0x0104e8         Code  Gb  long_util.o [5]
?load32_l1_asp          0x0104dc         Code  Gb  long_util.o [5]
?load32_l1_dbsp         0x0104ce         Code  Gb  long_util.o [5]
?load32_l1_xsp          0x0104de         Code  Gb  long_util.o [5]
?load32_l2_0x           0x01050e         Code  Gb  long_util.o [5]
?load32_l2_asp          0x010502         Code  Gb  long_util.o [5]
?load32_l2_dbsp         0x0104f4         Code  Gb  long_util.o [5]
?load32_l2_xsp          0x010504         Code  Gb  long_util.o [5]
?load32_l3_0x           0x01051a         Code  Gb  long_util.o [5]
?load32_xsp_l0          0x010526         Code  Gb  long_util.o [5]
?load32_xsp_l2          0x01054c         Code  Gb  long_util.o [5]
?load32_xsp_l3          0x010564         Code  Gb  long_util.o [5]
?longfarg16_v_w0_a      0x012fe1         Code  Gb  move.o [5]
?longfarg16_v_w0_x      0x012fe3         Code  Gb  move.o [5]
?mov_e0_e1              0x00c44a         Code  Gb  vreg_util.o [5]
?mov_e0_e2              0x00c457         Code  Gb  vreg_util.o [5]
?mov_e0_e3              0x00c464         Code  Gb  vreg_util.o [5]
?mov_e1_e0              0x00c471         Code  Gb  vreg_util.o [5]
?mov_e1_e2              0x00c47e         Code  Gb  vreg_util.o [5]
?mov_e1_e3              0x00c48b         Code  Gb  vreg_util.o [5]
?mov_e2_e0              0x00c498         Code  Gb  vreg_util.o [5]
?mov_e2_e1              0x00c4a5         Code  Gb  vreg_util.o [5]
?mov_e3_e0              0x00c4b2         Code  Gb  vreg_util.o [5]
?mov_e3_e1              0x00c4bf         Code  Gb  vreg_util.o [5]
?mov_e3_e2              0x00c4cc         Code  Gb  vreg_util.o [5]
?mov_l0_l1              0x00c447         Code  Gb  vreg_util.o [5]
?mov_l0_l2              0x00c454         Code  Gb  vreg_util.o [5]
?mov_l0_l3              0x00c461         Code  Gb  vreg_util.o [5]
?mov_l1_l0              0x00c46e         Code  Gb  vreg_util.o [5]
?mov_l1_l2              0x00c47b         Code  Gb  vreg_util.o [5]
?mov_l1_l3              0x00c488         Code  Gb  vreg_util.o [5]
?mov_l2_l0              0x00c495         Code  Gb  vreg_util.o [5]
?mov_l2_l1              0x00c4a2         Code  Gb  vreg_util.o [5]
?mov_l3_l0              0x00c4af         Code  Gb  vreg_util.o [5]
?mov_l3_l1              0x00c4bc         Code  Gb  vreg_util.o [5]
?mov_l3_l2              0x00c4c9         Code  Gb  vreg_util.o [5]
?mov_w0_w2              0x00c3bb         Code  Gb  vreg_util.o [5]
?mov_w0_w3              0x00c3c2         Code  Gb  vreg_util.o [5]
?mov_w0_w4              0x00c3c9         Code  Gb  vreg_util.o [5]
?mov_w0_w5              0x00c3d0         Code  Gb  vreg_util.o [5]
?mov_w0_w6              0x00c3d7         Code  Gb  vreg_util.o [5]
?mov_w0_w7              0x00c3de         Code  Gb  vreg_util.o [5]
?mov_w1_w0              0x00c3e5         Code  Gb  vreg_util.o [5]
?mov_w1_w3              0x00c44d         Code  Gb  vreg_util.o [5]
?mov_w1_w5              0x00c45a         Code  Gb  vreg_util.o [5]
?mov_w1_w7              0x00c467         Code  Gb  vreg_util.o [5]
?mov_w2_w0              0x00c3ec         Code  Gb  vreg_util.o [5]
?mov_w2_w1              0x00c3f3         Code  Gb  vreg_util.o [5]
?mov_w3_w1              0x00c474         Code  Gb  vreg_util.o [5]
?mov_w3_w5              0x00c481         Code  Gb  vreg_util.o [5]
?mov_w3_w7              0x00c48e         Code  Gb  vreg_util.o [5]
?mov_w4_w0              0x00c3fa         Code  Gb  vreg_util.o [5]
?mov_w4_w1              0x00c401         Code  Gb  vreg_util.o [5]
?mov_w4_w6              0x00c408         Code  Gb  vreg_util.o [5]
?mov_w5_w0              0x00c40f         Code  Gb  vreg_util.o [5]
?mov_w5_w1              0x00c49b         Code  Gb  vreg_util.o [5]
?mov_w5_w3              0x00c4a8         Code  Gb  vreg_util.o [5]
?mov_w5_w6              0x00c416         Code  Gb  vreg_util.o [5]
?mov_w6_w0              0x00c41d         Code  Gb  vreg_util.o [5]
?mov_w6_w4              0x00c424         Code  Gb  vreg_util.o [5]
?mov_w7_w0              0x00c42b         Code  Gb  vreg_util.o [5]
?mov_w7_w1              0x00c4b5         Code  Gb  vreg_util.o [5]
?mov_w7_w2              0x00c432         Code  Gb  vreg_util.o [5]
?mov_w7_w3              0x00c4c2         Code  Gb  vreg_util.o [5]
?mov_w7_w4              0x00c439         Code  Gb  vreg_util.o [5]
?mov_w7_w5              0x00c4cf         Code  Gb  vreg_util.o [5]
?mov_w7_w6              0x00c440         Code  Gb  vreg_util.o [5]
?move1616_v_x_y_a       0x012fd4         Code  Gb  move.o [5]
?mul16_x_x_w0           0x011d5e         Code  Gb  short.o [5]
?mul32_l0_l0_0x         0x00bbe6         Code  Gb  long.o [5]
?mul32_l0_l0_l1         0x00bbef         Code  Gb  long.o [5]
?neg32_l0_l0            0x00bb6f         Code  Gb  long.o [5]
?or32_l0_l0_0x          0x00bd83         Code  Gb  long.o [5]
?or32_l0_l0_l1          0x00bd80         Code  Gb  long.o [5]
?pop_e2                 0x00c319         Code  Gb  vreg_util.o [5]
?pop_l0                 0x00c36c         Code  Gb  vreg_util.o [5]
?pop_l1                 0x00c377         Code  Gb  vreg_util.o [5]
?pop_l2                 0x00c382         Code  Gb  vreg_util.o [5]
?pop_l3                 0x00c38d         Code  Gb  vreg_util.o [5]
?pop_w4                 0x00c2d5         Code  Gb  vreg_util.o [5]
?pop_w5                 0x00c2dc         Code  Gb  vreg_util.o [5]
?pop_w6                 0x00c2e3         Code  Gb  vreg_util.o [5]
?pop_w7                 0x00c2ea         Code  Gb  vreg_util.o [5]
?push_e2                0x00c2fd         Code  Gb  vreg_util.o [5]
?push_l0                0x00c337         Code  Gb  vreg_util.o [5]
?push_l1                0x00c33c         Code  Gb  vreg_util.o [5]
?push_l2                0x00c341         Code  Gb  vreg_util.o [5]
?push_l3                0x00c346         Code  Gb  vreg_util.o [5]
?push_w0                0x00c29b         Code  Gb  vreg_util.o [5]
?push_w1                0x00c2a0         Code  Gb  vreg_util.o [5]
?push_w2                0x00c2a5         Code  Gb  vreg_util.o [5]
?push_w4                0x00c2aa         Code  Gb  vreg_util.o [5]
?push_w5                0x00c2af         Code  Gb  vreg_util.o [5]
?push_w6                0x00c2b4         Code  Gb  vreg_util.o [5]
?push_w7                0x00c2b9         Code  Gb  vreg_util.o [5]
?scmp32_c_l0_l1         0x00bd4e         Code  Gb  long.o [5]
?sdiv16_x_x_y           0x011d7c         Code  Gb  short.o [5]
?sdiv32_l0_l0_dl        0x00bce4         Code  Gb  long.o [5]
?sdiv32_l0_l0_l1        0x00bce8         Code  Gb  long.o [5]
?sext16_x_a             0x011db5         Code  Gb  short.o [5]
?sext32_l0_a            0x00bdd9         Code  Gb  long.o [5]
?sext32_l0_x            0x00bdce         Code  Gb  long.o [5]
?sll16_x_x_a            0x011da5         Code  Gb  short.o [5]
?sll32_0x_0x_a          0x00bd9e         Code  Gb  long.o [5]
?sll32_l0_l0_a          0x00bd9b         Code  Gb  long.o [5]
?sll8_a_a_5             0x013d04         Code  Gb  char.o [5]
?sll8_a_a_6             0x013d03         Code  Gb  char.o [5]
?smod16_y_x_y           0x011d95         Code  Gb  short.o [5]
?smod32_l1_l0_l1        0x00bce8         Code  Gb  long.o [5]
?sra32_0x_0x_a          0x00bdc0         Code  Gb  long.o [5]
?sra32_l0_l0_a          0x00bdbd         Code  Gb  long.o [5]
?srl16_x_x_a            0x011dad         Code  Gb  short.o [5]
?srl32_0x_0x_a          0x00bdaf         Code  Gb  long.o [5]
?srl32_l0_l0_a          0x00bdac         Code  Gb  long.o [5]
?srl8_a_a_5             0x013d0a         Code  Gb  char.o [5]
?srl8_a_a_6             0x013d09         Code  Gb  char.o [5]
?sub32_l0_l0_0x         0x00bbce         Code  Gb  long.o [5]
?sub32_l0_l0_l1         0x00bbcb         Code  Gb  long.o [5]
?switch8vlt_0x_a_0x     0x013d27         Code  Gb  switch.o [5]
?ucmp24_c_0x_e0         0x013f83         Code  Gb  far.o [5]
?ucmp32_c_l0_0x         0x00bd33         Code  Gb  long.o [5]
?ucmp32_c_l0_l1         0x00bd43         Code  Gb  long.o [5]
?udiv32_l0_l0_dl        0x00bc73         Code  Gb  long.o [5]
?udiv32_l0_l0_l1        0x00bc77         Code  Gb  long.o [5]
?umod32_l1_l0_dl        0x00bc6d         Code  Gb  long.o [5]
?umod32_l1_l0_l1        0x00bc77         Code  Gb  long.o [5]
?w0                     0x000000         Data  Gb  vregs.o [5]
?w1                     0x000002         Data  Gb  vregs.o [5]
?w2                     0x000004         Data  Gb  vregs.o [5]
?w3                     0x000006         Data  Gb  vregs.o [5]
?w4                     0x000008         Data  Gb  vregs.o [5]
?w5                     0x00000a         Data  Gb  vregs.o [5]
?w6                     0x00000c         Data  Gb  vregs.o [5]
?w7                     0x00000e         Data  Gb  vregs.o [5]
ADC1_COMP_IRQHandler    0x01428a    0x1  Code  Gb  stm8l15x_it.o [1]
AES_CMAC_Final          0x00defd  0x13d  Code  Gb  cmac.o [1]
AES_CMAC_Init           0x012b20   0x32  Code  Gb  cmac.o [1]
AES_CMAC_SetKey         0x013b97    0xd  Code  Gb  cmac.o [1]
AES_CMAC_Update         0x00d59f  0x16a  Code  Gb  cmac.o [1]
AckTimeoutRetries       0x000015    0x1  Data  Lc  LoRaMac.o [1]
AckTimeoutRetriesCounter
                        0x000016    0x1  Data  Lc  LoRaMac.o [1]
AckTimeoutRetry         0x0009ee    0x1  Data  Lc  LoRaMac.o [1]
AckTimeoutTimer         0x0008e9    0xe  Data  Lc  LoRaMac.o [1]
AddMacCommand           0x010bc9   0xbd  Code  Lc  LoRaMac.o [1]
AdrAckCounter           0x000975    0x4  Data  Lc  LoRaMac.o [1]
AdrCtrlOn               0x0009e2    0x1  Data  Lc  LoRaMac.o [1]
AesCmacCtx              0x0000d7  0x115  Data  Lc  LoRaMacCrypto.o [1]
AesContext              0x0004e9   0xf1  Data  Lc  LoRaMacCrypto.o [1]
AggregatedDCycle        0x0009c1    0x2  Data  Lc  LoRaMac.o [1]
AggregatedLastTxDoneTime
                        0x000979    0x4  Data  Lc  LoRaMac.o [1]
AggregatedTimeOff       0x00097d    0x4  Data  Lc  LoRaMac.o [1]
AntPow                  0x000945    0x9  Data  Gb  sx1262-board.o [1]
AppData                 0x000884   0x10  Data  Lc  main.o [1]
AppDataSize             0x000074    0x1  Data  Lc  main.o [1]
AppEui                  0x000956    0x8  Data  Lc  main.o [1]
AppKey                  0x00003f   0x10  Data  Lc  main.o [1]
AppPort                 0x000073    0x1  Data  Lc  main.o [1]
AppSKey                 0x00005f   0x10  Data  Lc  main.o [1]
Bands                   0x0000c4    0xf  Data  Lc  RegionCN470.o [1]
Bandwidths              0x0087e9    0x3  Data  Gb  radio.o [1]
BandwidthsCN470         0x0086e3   0x18  Data  Lc  RegionCN470.o [1]
BlockLowPowerDuringTask
                        0x013772   0x16  Code  Gb  rtc-board.o [3]
BoardDeInitMcu          0x01362d   0x18  Code  Gb  board.o [1]
BoardDisableIrq         0x014273    0x2  Code  Gb  board.o [1]
BoardEnableIrq          0x014275    0x2  Code  Gb  board.o [1]
BoardGetBatteryLevel    0x014277    0x2  Code  Gb  board.o [1]
BoardInitMcu            0x00e39b  0x10e  Code  Gb  board.o [1]
BoardInitPeriph         0x01427d    0x1  Code  Gb  board.o [1]
BoardUnusedIoInit       0x0123ee   0x4b  Code  Lc  board.o [1]
ByteToBcd2              0x01325a   0x1e  Code  Lc  stm8l15x_rtc.o [1]
CLK_GetClockFreq        0x0128d5   0x39  Code  Gb  stm8l15x_clk.o [1]
CLK_GetFlagStatus       0x0117ed   0x81  Code  Gb  stm8l15x_clk.o [1]
CLK_LSEConfig           0x0138d4   0x13  Code  Gb  stm8l15x_clk.o [1]
CLK_PeripheralClockConfig
                        0x011ca1   0x5f  Code  Gb  stm8l15x_clk.o [1]
CLK_RTCClockConfig      0x013f3d    0xa  Code  Gb  stm8l15x_clk.o [1]
CLK_SYSCLKDivConfig     0x01423e    0x4  Code  Gb  stm8l15x_clk.o [1]
COMDeInit               0x012ca7   0x2e  Code  Gb  board.o [1]
COMInit                 0x0118ed   0x76  Code  Gb  board.o [1]
COM_PORT                0x000012    0x2  Data  Gb  board.o [1]
COM_RX_PIN              0x0087f2    0x1  Data  Gb  board.o [1]
COM_TX_PIN              0x0087f1    0x1  Data  Gb  board.o [1]
COM_USART               0x000010    0x2  Data  Gb  board.o [1]
COM_USART_CLK           0x0087f0    0x1  Data  Gb  board.o [1]
CSTACK$$Base            0x000f00          --   Gb  - Linker created -
CSTACK$$Limit           0x001000          --   Gb  - Linker created -
CalculateBackOff        0x011e76   0x5c  Code  Lc  LoRaMac.o [1]
CalibrateSystemWakeupTimeTimer
                        0x0008a3    0xe  Data  Lc  board.o [1]
Channel                 0x0009eb    0x1  Data  Lc  LoRaMac.o [1]
ChannelsDefaultMask     0x00092d    0xc  Data  Lc  RegionCN470.o [1]
ChannelsMask            0x000921    0xc  Data  Lc  RegionCN470.o [1]
ChannelsNbRepCounter    0x0009e8    0x1  Data  Lc  LoRaMac.o [1]
CountNbOfEnabledChannels
                        0x011549   0x90  Code  Lc  RegionCN470.o [1]
DMA1_CHANNEL0_1_IRQHandler
                        0x014283    0x1  Code  Gb  stm8l15x_it.o [1]
DMA1_CHANNEL2_3_IRQHandler
                        0x014284    0x1  Code  Gb  stm8l15x_it.o [1]
DataratesCN470          0x0087ae    0x6  Data  Lc  RegionCN470.o [1]
DaysInMonth             0x008747    0xc  Data  Lc  rtc-board.o [3]
DaysInMonthLeapYear     0x008753    0xc  Data  Lc  rtc-board.o [3]
DelayMs                 0x01421a    0x4  Code  Gb  delay.o [1]
DelayMsMcu              0x01297e   0x36  Code  Gb  delay-board.o [1]
DevAddr                 0x00006f    0x4  Data  Lc  main.o [1]
DevEui                  0x000037    0x8  Data  Lc  main.o [1]
DeviceState             0x0009f2    0x1  Data  Lc  main.o [1]
DownLinkCounter         0x000971    0x4  Data  Lc  LoRaMac.o [1]
DutyCycleOn             0x0009ea    0x1  Data  Lc  LoRaMac.o [1]
EXTI0_IRQHandler        0x013543   0x1b  Code  Gb  stm8l15x_it.o [1]
EXTI1_IRQHandler        0x0133d8   0x1c  Code  Gb  stm8l15x_it.o [1]
EXTI2_IRQHandler        0x0133f4   0x1c  Code  Gb  stm8l15x_it.o [1]
EXTI3_IRQHandler        0x013410   0x1c  Code  Gb  stm8l15x_it.o [1]
EXTI4_IRQHandler        0x01342c   0x1c  Code  Gb  stm8l15x_it.o [1]
EXTI5_IRQHandler        0x013448   0x1c  Code  Gb  stm8l15x_it.o [1]
EXTI6_IRQHandler        0x013464   0x1c  Code  Gb  stm8l15x_it.o [1]
EXTI7_IRQHandler        0x013480   0x1c  Code  Gb  stm8l15x_it.o [1]
EXTIB_IRQHandler        0x014286    0x1  Code  Gb  stm8l15x_it.o [1]
EXTID_IRQHandler        0x014287    0x1  Code  Gb  stm8l15x_it.o [1]
EXTIE_F_PVD_IRQHandler  0x014285    0x1  Code  Gb  stm8l15x_it.o [1]
EXTI_ClearITPendingBit  0x013b43    0xe  Code  Gb  stm8l15x_exti.o [1]
EXTI_GetITStatus        0x013b35    0xe  Code  Gb  stm8l15x_exti.o [1]
EXTI_SetPinSensitivity  0x010fdc   0xa2  Code  Gb  stm8l15x_exti.o [1]
FLASH_IRQHandler        0x014282    0x1  Code  Gb  stm8l15x_it.o [1]
FLASH_Lock              0x013e04    0xb  Code  Gb  stm8l15x_flash.o [1]
FLASH_ProgramByte       0x014242    0x4  Code  Gb  stm8l15x_flash.o [1]
FLASH_SetProgrammingTime
                        0x013acf    0xf  Code  Gb  stm8l15x_flash.o [1]
FLASH_Unlock            0x0135ad   0x1a  Code  Gb  stm8l15x_flash.o [1]
FrequencyError          0x00099d    0x4  Data  Gb  sx126x.o [1]
FskBandwidths           0x008447   0x6e  Data  Gb  radio.o [1]
GPIO_ExternalPullUpConfig
                        0x0137f3   0x15  Code  Gb  stm8l15x_gpio.o [1]
GPIO_Init               0x011abb   0x64  Code  Gb  stm8l15x_gpio.o [1]
GPIO_ReadInputDataBit   0x014191    0x7  Code  Gb  stm8l15x_gpio.o [1]
[...]
RegionCN470LinkAdrReq   0x00d873  0x169  Code  Gb  RegionCN470.o [1]
RegionCN470NewChannelReq
                        0x014279    0x2  Code  Gb  RegionCN470.o [1]
RegionCN470NextChannel  0x00e6b3  0x102  Code  Gb  RegionCN470.o [1]
RegionCN470RxConfig     0x00e4a9  0x106  Code  Gb  RegionCN470.o [1]
RegionCN470RxParamSetupReq
                        0x011420   0x95  Code  Gb  RegionCN470.o [1]
RegionCN470SetBandTxDone
                        0x01389a   0x14  Code  Gb  RegionCN470.o [1]
RegionCN470SetContinuousWave
                        0x012483   0x4a  Code  Gb  RegionCN470.o [1]
RegionCN470TxConfig     0x01057c   0xd1  Code  Gb  RegionCN470.o [1]
RegionCN470TxParamSetupReq
                        0x014264    0x3  Code  Gb  RegionCN470.o [1]
RegionCN470Verify       0x01289c   0x39  Code  Gb  RegionCN470.o [1]
RegionCalcBackOff       0x013fde    0x9  Code  Gb  Region.o [1]
RegionChanMaskSet       0x013ecf    0xa  Code  Gb  Region.o [1]
RegionCommonCalcBackOff
                        0x010d3b   0xb3  Code  Gb  RegionCommon.o [1]
RegionCommonChanMaskCopy
                        0x012c78   0x2f  Code  Gb  RegionCommon.o [1]
RegionCommonComputeRxWindowParameters
                        0x0103cb   0xdd  Code  Gb  RegionCommon.o [1]
RegionCommonComputeSymbolTimeLoRa
                        0x012ee6   0x29  Code  Gb  RegionCommon.o [1]
RegionCommonComputeTxPower
                        0x01277a   0x3a  Code  Gb  RegionCommon.o [1]
RegionCommonCountChannels
                        0x011f2d   0x5a  Code  Gb  RegionCommon.o [1]
RegionCommonLinkAdrReqVerifyParams
                        0x00e5af  0x104  Code  Gb  RegionCommon.o [1]
RegionCommonParseLinkAdrReq
                        0x011a4a   0x71  Code  Gb  RegionCommon.o [1]
RegionCommonSetBandTxDone
                        0x0137de   0x15  Code  Gb  RegionCommon.o [1]
RegionCommonUpdateBandTimeOff
                        0x00e283  0x118  Code  Gb  RegionCommon.o [1]
RegionCommonValueInRange
                        0x0139ad   0x11  Code  Gb  RegionCommon.o [1]
RegionComputeRxWindowParameters
                        0x01399c   0x11  Code  Gb  Region.o [1]
RegionDlChannelReq      0x013f1f    0xa  Code  Gb  Region.o [1]
RegionGetPhyParam       0x013593   0x1a  Code  Gb  Region.o [1]
RegionInitDefaults      0x013db7    0xb  Code  Gb  Region.o [1]
RegionIsActive          0x013fc3    0x9  Code  Gb  Region.o [1]
RegionLinkAdrReq        0x013ef7    0xa  Code  Gb  Region.o [1]
RegionNewChannelReq     0x013f0b    0xa  Code  Gb  Region.o [1]
RegionNextChannel       0x013dc2    0xb  Code  Gb  Region.o [1]
RegionRxConfig          0x013ee3    0xa  Code  Gb  Region.o [1]
RegionRxParamSetupReq   0x013f01    0xa  Code  Gb  Region.o [1]
RegionSetBandTxDone     0x013fcc    0x9  Code  Gb  Region.o [1]
RegionSetContinuousWave
                        0x013fe7    0x9  Code  Gb  Region.o [1]
RegionTxConfig          0x013eed    0xa  Code  Gb  Region.o [1]
RegionTxParamSetupReq   0x013f15    0xa  Code  Gb  Region.o [1]
RegionVerify            0x013cbb    0xc  Code  Gb  Region.o [1]
RepeaterSupport         0x0009de    0x1  Data  Lc  LoRaMac.o [1]
ResetMacParameters      0x009071   0xc3  Code  Lc  LoRaMac.o [1]
RtcAlarmSubSeconds      0x0009b1    0x4  Data  Lc  rtc-board.o [3]
RtcCalendarContext      0x000939    0xc  Data  Gb  rtc-board.o [3]
RtcComputeElapsedTime   0x011ed2   0x5b  Code  Gb  rtc-board.o [3]
RtcComputeTimerTimeToAlarmTick
                        0x00c8ec  0x1ca  Code  Lc  rtc-board.o [3]
RtcComputeWakeUpTime    0x011b81   0x61  Code  Lc  rtc-board.o [3]
RtcConvertCalendarTickToTimerTime
                        0x00cab6  0x1aa  Code  Lc  rtc-board.o [3]
RtcConvertMsToTick      0x010392   0x31  Code  Lc  rtc-board.o [3]
RtcConvertTickToMs      0x012be7   0x31  Code  Lc  rtc-board.o [3]
RtcEnterLowPowerStopMode
                        0x012e68   0x2b  Code  Gb  rtc-board.o [3]
RtcGetAdjustedTimeoutValue
                        0x011b1f   0x62  Code  Gb  rtc-board.o [3]
RtcGetCalendar          0x0111be   0x9f  Code  Lc  rtc-board.o [3]
RtcGetElapsedAlarmTime  0x011963   0x76  Code  Gb  rtc-board.o [3]
RtcGetTimerValue        0x0132b4   0x1e  Code  Gb  rtc-board.o [3]
RtcInit                 0x011be2   0x60  Code  Gb  rtc-board.o [3]
RtcInitialized          0x0009fe    0x1  Data  Lc  rtc-board.o [3]
RtcRecoverMcuStatus     0x013afc    0xf  Code  Gb  rtc-board.o [3]
RtcSetTimeout           0x0103c3    0x8  Code  Gb  rtc-board.o [3]
RtcStartWakeUpAlarm     0x0102e5   0xad  Code  Lc  rtc-board.o [3]
RtcTimerEventAllowsLowPower
                        0x0009fc    0x1  Data  Lc  rtc-board.o [3]
RxContinuous            0x0009f3    0x1  Data  Gb  radio.o [1]
RxSlot                  0x0009f0    0x1  Data  Lc  LoRaMac.o [1]
RxTimeout               0x000999    0x4  Data  Gb  radio.o [1]
RxTimeoutTimer          0x000913    0xe  Data  Gb  radio.o [1]
RxWindow1Config         0x0007f7   0x14  Data  Lc  LoRaMac.o [1]
RxWindow1Delay          0x000989    0x4  Data  Lc  LoRaMac.o [1]
RxWindow2Config         0x00080b   0x14  Data  Lc  LoRaMac.o [1]
RxWindow2Delay          0x00098d    0x4  Data  Lc  LoRaMac.o [1]
RxWindowTimer1          0x0008cd    0xe  Data  Lc  LoRaMac.o [1]
RxWindowTimer2          0x0008db    0xe  Data  Lc  LoRaMac.o [1]
SPI1_IRQHandler         0x014292    0x1  Code  Gb  stm8l15x_it.o [1]
SPI_Cmd                 0x013c19    0xd  Code  Gb  stm8l15x_spi.o [1]
SPI_DeInit              0x013614   0x19  Code  Gb  stm8l15x_spi.o [1]
SPI_GetFlagStatus       0x0138e7   0x13  Code  Gb  stm8l15x_spi.o [1]
SPI_Init                0x012c18   0x30  Code  Gb  stm8l15x_spi.o [1]
SPI_ReceiveData         0x014210    0x5  Code  Gb  stm8l15x_spi.o [1]
SPI_SendData            0x01420b    0x5  Code  Gb  stm8l15x_spi.o [1]
SWITCH_CSS_BREAK_DAC_IRQHandler
                        0x014289    0x1  Code  Gb  stm8l15x_it.o [1]
SX126x                  0x0006da   0x80  Data  Gb  radio.o [1]
SX126xAntSwOff          0x013aed    0xf  Code  Gb  sx1262-board.o [1]
SX126xAntSwOn           0x013a02   0x11  Code  Gb  sx1262-board.o [1]
SX126xCalibrate         0x013b7b    0xe  Code  Gb  sx126x.o [1]
SX126xCalibrateImage    0x01186e   0x7f  Code  Gb  sx126x.o [1]
SX126xCheckDeviceReady  0x013847   0x15  Code  Gb  sx126x.o [1]
SX126xClearIrqStatus    0x013718   0x17  Code  Gb  sx126x.o [1]
SX126xGetBoardTcxoWakeupTime
                        0x01401d    0x9  Code  Gb  sx1262-board.o [1]
SX126xGetIrqStatus      0x013383   0x1d  Code  Gb  sx126x.o [1]
SX126xGetOperatingMode  0x014246    0x4  Code  Gb  sx126x.o [1]
SX126xGetPaSelect       0x01426a    0x3  Code  Gb  sx1262-board.o [1]
SX126xGetPacketStatus   0x010f38   0xa4  Code  Gb  sx126x.o [1]
SX126xGetPacketType     0x01424e    0x4  Code  Gb  sx126x.o [1]
SX126xGetPayload        0x0120da   0x52  Code  Gb  sx126x.o [1]
SX126xGetRssiInst       0x0135c7   0x1a  Code  Gb  sx126x.o [1]
SX126xInit              0x0115d9   0x88  Code  Gb  sx126x.o [1]
SX126xIoDeInit          0x013278   0x1e  Code  Gb  sx1262-board.o [1]
SX126xIoInit            0x012aba   0x33  Code  Gb  sx1262-board.o [1]
SX126xIoIrqInit         0x013c33    0xd  Code  Gb  sx1262-board.o [1]
SX126xReadBuffer        0x0129b4   0x36  Code  Gb  sx1262-board.o [1]
SX126xReadCommand       0x012828   0x3a  Code  Gb  sx1262-board.o [1]
SX126xReadRegister      0x0136d3   0x17  Code  Gb  sx1262-board.o [1]
SX126xReadRegisters     0x01212c   0x51  Code  Gb  sx1262-board.o [1]
SX126xReset             0x012e3d   0x2b  Code  Gb  sx1262-board.o [1]
SX126xSendPayload       0x012aed   0x33  Code  Gb  sx126x.o [1]
SX126xSetBufferBaseAddress
                        0x013701   0x17  Code  Gb  sx126x.o [1]
SX126xSetCad            0x013b6d    0xe  Code  Gb  sx126x.o [1]
SX126xSetDioIrqParams   0x012d31   0x2e  Code  Gb  sx126x.o [1]
SX126xSetLoRaSymbNumTimeout
                        0x013a64   0x10  Code  Gb  sx126x.o [1]
SX126xSetModulationParams
                        0x010b06   0xc3  Code  Gb  sx126x.o [1]
SX126xSetOperatingMode  0x01424a    0x4  Code  Gb  sx126x.o [1]
SX126xSetPacketParams   0x00ddba  0x143  Code  Gb  sx126x.o [1]
SX126xSetPacketType     0x013c4d    0xd  Code  Gb  sx126x.o [1]
SX126xSetRegulatorMode  0x013a74   0x10  Code  Gb  sx126x.o [1]
SX126xSetRfFrequency    0x01267b   0x45  Code  Gb  sx126x.o [1]
SX126xSetRfTxPower      0x014139    0x8  Code  Gb  sx1262-board.o [1]
SX126xSetRx             0x013296   0x1e  Code  Gb  sx126x.o [1]
SX126xSetRxBoosted      0x012b84   0x32  Code  Gb  sx126x.o [1]
SX126xSetRxDutyCycle    0x012d8d   0x2d  Code  Gb  sx126x.o [1]
SX126xSetSleep          0x0136ea   0x17  Code  Gb  sx126x.o [1]
SX126xSetStandby        0x01355e   0x1b  Code  Gb  sx126x.o [1]
SX126xSetStopRxTimerOnPreambleDetect
                        0x01390d   0x13  Code  Gb  sx126x.o [1]
SX126xSetSyncWord       0x013a13   0x11  Code  Gb  sx126x.o [1]
SX126xSetTxContinuousWave
                        0x014065    0x9  Code  Gb  sx126x.o [1]
SX126xSetTxParams       0x01064d   0xd1  Code  Gb  sx126x.o [1]
SX126xSetWhiteningSeed  0x012a1f   0x34  Code  Gb  sx126x.o [1]
SX126xWaitOnBusy        0x013e25    0xb  Code  Gb  sx1262-board.o [1]
SX126xWakeup            0x01308a   0x24  Code  Gb  sx1262-board.o [1]
SX126xWriteBuffer       0x012b52   0x32  Code  Gb  sx1262-board.o [1]
SX126xWriteCommand      0x0127ee   0x3a  Code  Gb  sx1262-board.o [1]
SX126xWriteRegister     0x012f0f   0x29  Code  Gb  sx1262-board.o [1]
SX126xWriteRegisters    0x012c48   0x30  Code  Gb  sx1262-board.o [1]
SYSCFG_REMAPPinConfig   0x0124cd   0x49  Code  Gb  stm8l15x_syscfg.o [1]
SYSDivFactor            0x0087c0    0x5  Data  Gb  stm8l15x_clk.o [1]
ScheduleTx              0x0087f6  0x167  Code  Lc  LoRaMac.o [1]
SecondsInDay            0x0087cd    0x4  Data  Lc  rtc-board.o [3]
SecondsInHour           0x0087ec    0x2  Data  Lc  rtc-board.o [3]
SecondsInLeapYear       0x0087d1    0x4  Data  Lc  rtc-board.o [3]
SecondsInMinute         0x0087f4    0x1  Data  Lc  rtc-board.o [3]
SecondsInYear           0x0087d5    0x4  Data  Lc  rtc-board.o [3]
Send                    0x00904b   0x26  Code  Gb  LoRaMac.o [1]
SendFrame               0x011dbc   0x5d  Code  Lc  main.o [1]
SendFrameOnChannel      0x01111f   0x9f  Code  Gb  LoRaMac.o [1]
SetTxContinuousWave     0x00913b   0x43  Code  Gb  LoRaMac.o [1]
SetTxContinuousWave1    0x00917e   0x13  Code  Gb  LoRaMac.o [1]
SpiDeInit               0x0116e7   0x84  Code  Gb  spi-board.o [1]
SpiInOut                0x0123a2   0x4c  Code  Gb  spi-board.o [1]
SpiInit                 0x00d709  0x16a  Code  Gb  spi-board.o [1]
SpiInitialized          0x0009f5    0x1  Data  Lc  spi-board.o [1]
SrvAckRequested         0x0009e4    0x1  Data  Lc  LoRaMac.o [1]
SystemWakeupTimeCalibrated
                        0x0009da    0x1  Data  Lc  board.o [1]
TIM1_CAP_IRQHandler     0x014290    0x1  Code  Gb  stm8l15x_it.o [1]
TIM1_UPD_OVF_TRG_COM_IRQHandler
                        0x01428f    0x1  Code  Gb  stm8l15x_it.o [1]
TIM2_CAP_IRQHandler     0x01428c    0x1  Code  Gb  stm8l15x_it.o [1]
TIM2_UPD_OVF_TRG_BRK_IRQHandler
                        0x01428b    0x1  Code  Gb  stm8l15x_it.o [1]
TIM3_CAP_IRQHandler     0x01428e    0x1  Code  Gb  stm8l15x_it.o [1]
TIM3_UPD_OVF_TRG_BRK_IRQHandler
                        0x01428d    0x1  Code  Gb  stm8l15x_it.o [1]
TIM4_UPD_OVF_TRG_IRQHandler
                        0x014291    0x1  Code  Gb  stm8l15x_it.o [1]
TRAP_IRQHandler         0x014281    0x1  Code  Gb  stm8l15x_it.o [1]
TimerGetCurrentTime     0x014252    0x4  Code  Gb  timer.o [1]
TimerGetElapsedTime     0x014256    0x4  Code  Gb  timer.o [1]
TimerInit               0x012de6   0x2c  Code  Gb  timer.o [1]
TimerInsertNewHeadTimer
                        0x012862   0x3a  Code  Lc  timer.o [1]
TimerInsertTimer        0x01107e   0xa1  Code  Lc  timer.o [1]
TimerIrqHandler         0x01138a   0x96  Code  Gb  timer.o [1]
TimerListHead           0x0009d5    0x2  Data  Lc  timer.o [1]
TimerLowPowerHandler    0x012e93   0x2a  Code  Gb  timer.o [1]
TimerSetValue           0x01350c   0x1c  Code  Gb  timer.o [1]
TimerStart              0x011661   0x86  Code  Gb  timer.o [1]
TimerStop               0x010c86   0xb5  Code  Gb  timer.o [1]
TxDelayedTimer          0x0008bf    0xe  Data  Lc  LoRaMac.o [1]
TxDutyCycleTime         0x000076    0x4  Data  Lc  main.o [1]
TxNextPacketTimer       0x0008f7    0xe  Data  Lc  main.o [1]
TxTimeOnAir             0x000991    0x4  Data  Gb  LoRaMac.o [1]
TxTimeout               0x000995    0x4  Data  Gb  radio.o [1]
TxTimeoutTimer          0x000905    0xe  Data  Gb  radio.o [1]
USART1_RX_IRQHandler    0x014294    0x1  Code  Gb  stm8l15x_it.o [1]
USART1_TX_IRQHandler    0x014293    0x1  Code  Gb  stm8l15x_it.o [1]
USART_Cmd               0x013a34   0x10  Code  Gb  stm8l15x_usart.o [1]
USART_DeInit            0x0130f6   0x23  Code  Gb  stm8l15x_usart.o [1]
USART_GetFlagStatus     0x013366   0x1d  Code  Gb  stm8l15x_usart.o [1]
USART_Init              0x01176b   0x82  Code  Gb  stm8l15x_usart.o [1]
USART_SendData8         0x014267    0x3  Code  Gb  stm8l15x_usart.o [1]
UpLinkCounter           0x00096d    0x4  Data  Lc  LoRaMac.o [1]
WakeUpTimeInitialized   0x0009ff    0x1  Data  Gb  rtc-board.o [3]
_GenldFull              0x00b0c8  0x3b0  Code  Lc  xprintffull.o [5]
_LdtobFull              0x00a7d7  0x47a  Code  Lc  xprintffull.o [5]
_LitobFull              0x00d41e  0x181  Code  Lc  xprintffull.o [5]
_PrintfFull             0x00ac51  0x477  Code  Gb  xprintffull.o [5]
_Prout                  0x01321d   0x1f  Code  Gb  xprout.o [5]
_PutcharFull            0x012d5f   0x2e  Code  Lc  xprintffull.o [5]
_PutcharsFull           0x0126ff   0x3e  Code  Lc  xprintffull.o [5]
__DebugBreak            0x014296    0x1  Code  Gb  __dbg_break.o [4]
__exit                  0x01379e   0x16  Code  Gb  __dbg_xxexit.o [4]
__iar_Dint              0x0108b2   0xc9  Code  Gb  xdint.o [5]
__iar_Dnorm             0x00d2bc         Code  Gb  float_libsup.o [5]
__iar_Dscale            0x00d34a         Code  Gb  float_libsup.o [5]
__iar_Dtest             0x00d29c         Code  Gb  float_libsup.o [5]
__iar_Dunscale          0x00d2f8         Code  Gb  float_libsup.o [5]
__iar_Errno             0x0009d7    0x2  Data  Gb  errno.o [5]
__iar_Exp               0x00bde6  0x26b  Code  Gb  xexp.o [5]
__iar_Logpoly           0x013d1b    0xc  Code  Gb  xlog.o [5]
__iar_Memchr            0x01317e   0x21  Code  Gb  memchr.o [5]
__iar_Strchr            0x013871   0x15  Code  Gb  strchr.o [5]
__iar_copy_init2        0x012f60         Code  Gb  init_small.o [5]
__iar_data_init2        0x0132f0   0x1e  Code  Gb  init.o [5]
__iar_program_start     0x01372f         Code  Gb  cstartup.o [5]
__iar_unhandled_exception
                        0x014270         Code  Gb  unhandled_exception.o [5]
__iar_zero_init2        0x01330e         Code  Gb  init_small.o [5]
__intvec                0x008000         Data  Gb  interrupt.o [5]
__low_level_init        0x01426d    0x3  Code  Gb  low_level_init.o [5]
_exit                   0x0141e7         Code  Gb  cexit.o [5]
_interrupt_1            0x014281         Code  Gb  stm8l15x_it.o [1]
_interrupt_10           0x013543         Code  Gb  stm8l15x_it.o [1]
_interrupt_11           0x0133d8         Code  Gb  stm8l15x_it.o [1]
_interrupt_12           0x0133f4         Code  Gb  stm8l15x_it.o [1]
_interrupt_13           0x013410         Code  Gb  stm8l15x_it.o [1]
_interrupt_14           0x01342c         Code  Gb  stm8l15x_it.o [1]
_interrupt_15           0x013448         Code  Gb  stm8l15x_it.o [1]
_interrupt_16           0x013464         Code  Gb  stm8l15x_it.o [1]
_interrupt_17           0x013480         Code  Gb  stm8l15x_it.o [1]
_interrupt_18           0x014288         Code  Gb  stm8l15x_it.o [1]
_interrupt_19           0x014289         Code  Gb  stm8l15x_it.o [1]
_interrupt_2            0x014280         Code  Gb  stm8l15x_it.o [1]
_interrupt_20           0x01428a         Code  Gb  stm8l15x_it.o [1]
_interrupt_21           0x01428b         Code  Gb  stm8l15x_it.o [1]
_interrupt_22           0x01428c         Code  Gb  stm8l15x_it.o [1]
_interrupt_23           0x01428d         Code  Gb  stm8l15x_it.o [1]
_interrupt_24           0x01428e         Code  Gb  stm8l15x_it.o [1]
_interrupt_25           0x01428f         Code  Gb  stm8l15x_it.o [1]
_interrupt_26           0x014290         Code  Gb  stm8l15x_it.o [1]
_interrupt_27           0x014291         Code  Gb  stm8l15x_it.o [1]
_interrupt_28           0x014292         Code  Gb  stm8l15x_it.o [1]
_interrupt_29           0x014293         Code  Gb  stm8l15x_it.o [1]
_interrupt_3            0x014282         Code  Gb  stm8l15x_it.o [1]
_interrupt_30           0x014294         Code  Gb  stm8l15x_it.o [1]
_interrupt_31           0x014295         Code  Gb  stm8l15x_it.o [1]
_interrupt_4            0x014283         Code  Gb  stm8l15x_it.o [1]
_interrupt_5            0x014284         Code  Gb  stm8l15x_it.o [1]
_interrupt_6            0x01319f         Code  Gb  stm8l15x_it.o [1]
_interrupt_7            0x014285         Code  Gb  stm8l15x_it.o [1]
_interrupt_8            0x014286         Code  Gb  stm8l15x_it.o [1]
_interrupt_9            0x014287         Code  Gb  stm8l15x_it.o [1]
aBlock                  0x000027   0x10  Data  Lc  LoRaMacCrypto.o [1]
aes_encrypt             0x0119d9   0x71  Code  Gb  aes.o [1]
aes_set_key             0x00db2a  0x14b  Code  Gb  aes.o [1]
ceil                    0x0125ef   0x46  Code  Gb  ceil.o [5]
copy_and_key            0x010100   0xff  Code  Lc  aes.o [1]
copy_block              0x010dee   0xa5  Code  Lc  aes.o [1]
div                     0x012a53   0x34  Code  Gb  div.o [5]
exit                    0x01425a    0x4  Code  Gb  exit.o [5]
floor                   0x012635   0x46  Code  Gb  floor.o [5]
gPaOptSetting           0x0009f6    0x1  Data  Gb  sx1262-board.o [1]
gfm2_sbox               0x008180  0x100  Data  Lc  aes.o [1]
gfm3_sbox               0x008280  0x100  Data  Lc  aes.o [1]
internal_Pow            0x00b7fb  0x358  Code  Lc  pow.o [5]
main                    0x00c6eb  0x201  Code  Gb  main.o [1]
memcpy                  0x0131bf   0x20  Code  Gb  memcpy.o [5]
memcpy1                 0x0135e1   0x1a  Code  Gb  utilities.o [1]
memcpyr                 0x012f88   0x27  Code  Gb  utilities.o [1]
memset                  0x013788   0x16  Code  Gb  memset.o [5]
memset1                 0x013920   0x13  Code  Gb  utilities.o [1]
misoIndex               0x0009cf    0x2  Data  Gb  spi-board.o [1]
mix_sub_columns         0x00c051  0x24a  Code  Lc  aes.o [1]
mosiIndex               0x0009cd    0x2  Data  Gb  spi-board.o [1]
next                    0x0000d3    0x4  Data  Lc  utilities.o [1]
nssIndex                0x0009d3    0x2  Data  Gb  spi-board.o [1]
pad                     0x01273d   0x3d  Code  Lc  xprintffull.o [5]
pow                     0x00bb6a    0x5  Code  Gb  pow.o [5]
printf                  0x0130d2   0x24  Code  Gb  printf.o [5]
putchar                 0x01301e   0x24  Code  Gb  board.o [1]
randr                   0x01226c   0x4f  Code  Gb  utilities.o [1]
round                   0x01313b   0x22  Code  Lc  rtc-board.o [3]
sBlock                  0x000874   0x10  Data  Lc  LoRaMacCrypto.o [1]
sbox                    0x008080  0x100  Data  Lc  aes.o [1]
scale                   0x01217d   0x51  Code  Lc  xprintffull.o [5]
sclkIndex               0x0009d1    0x2  Data  Gb  spi-board.o [1]
shift_sub_rows          0x010e93   0xa5  Code  Lc  aes.o [1]
spi_port                0x0009cb    0x2  Data  Gb  spi-board.o [1]
srand1                  0x0141bb    0x7  Code  Gb  utilities.o [1]
strlen                  0x013c5a    0xd  Code  Gb  strlen.o [5]
xor_block               0x01071e   0xcb  Code  Lc  aes.o [1]


[1] = D:\lora_demos\ASR6505-EVB Demo\Projects\ClassA\EWSTM8\Debug\Obj
[2] = command line
[3] = asrlib.a
[4] = dbgstm8mmd.a
[5] = dlstm8mmn.a

  41 558 bytes of readonly  code memory
   2 038 bytes of readonly  data memory
   2 817 bytes of readwrite data memory

Errors: none
Warnings: none
