###############################################################################
#
# IAR ELF Linker V3.11.1.207 for STM8                     27/Nov/2021  11:37:38
# Copyright 2010-2019 IAR Systems AB.
#
#    Output file  =  
#        D:\lora_asr6505_pingpong\RenYu_ASR6505\Projects\ClassA\EWSTM8\Debug\Exe\project.out
#    Map file     =  
#        D:\lora_asr6505_pingpong\RenYu_ASR6505\Projects\ClassA\EWSTM8\Debug\List\project.map
#    Command line =  
#        -f C:\Users\ADMINI~1\AppData\Local\Temp\EW6FC5.tmp
#        (D:\lora_asr6505_pingpong\RenYu_ASR6505\Projects\ClassA\EWSTM8\Debug\Obj\aes.o
#        D:\lora_asr6505_pingpong\RenYu_ASR6505\Projects\ClassA\EWSTM8\Debug\Obj\board.o
#        D:\lora_asr6505_pingpong\RenYu_ASR6505\Projects\ClassA\EWSTM8\Debug\Obj\cmac.o
#        D:\lora_asr6505_pingpong\RenYu_ASR6505\Projects\ClassA\EWSTM8\Debug\Obj\delay-board.o
#        D:\lora_asr6505_pingpong\RenYu_ASR6505\Projects\ClassA\EWSTM8\Debug\Obj\delay.o
#        D:\lora_asr6505_pingpong\RenYu_ASR6505\Projects\ClassA\EWSTM8\Debug\Obj\gpio-board.o
#        D:\lora_asr6505_pingpong\RenYu_ASR6505\Projects\ClassA\EWSTM8\Debug\Obj\gpio.o
#        D:\lora_asr6505_pingpong\RenYu_ASR6505\Projects\ClassA\EWSTM8\Debug\Obj\LoRaMac.o
#        D:\lora_asr6505_pingpong\RenYu_ASR6505\Projects\ClassA\EWSTM8\Debug\Obj\LoRaMacCrypto.o
#        D:\lora_asr6505_pingpong\RenYu_ASR6505\Projects\ClassA\EWSTM8\Debug\Obj\main.o
#        D:\lora_asr6505_pingpong\RenYu_ASR6505\Projects\ClassA\EWSTM8\Debug\Obj\radio.o
#        D:\lora_asr6505_pingpong\RenYu_ASR6505\Projects\ClassA\EWSTM8\Debug\Obj\Region.o
#        D:\lora_asr6505_pingpong\RenYu_ASR6505\Projects\ClassA\EWSTM8\Debug\Obj\RegionCN470.o
#        D:\lora_asr6505_pingpong\RenYu_ASR6505\Projects\ClassA\EWSTM8\Debug\Obj\RegionCommon.o
#        D:\lora_asr6505_pingpong\RenYu_ASR6505\Projects\ClassA\EWSTM8\Debug\Obj\spi-board.o
#        D:\lora_asr6505_pingpong\RenYu_ASR6505\Projects\ClassA\EWSTM8\Debug\Obj\stm8_interrupt_vector.o
#        D:\lora_asr6505_pingpong\RenYu_ASR6505\Projects\ClassA\EWSTM8\Debug\Obj\stm8l15x_aes.o
#        D:\lora_asr6505_pingpong\RenYu_ASR6505\Projects\ClassA\EWSTM8\Debug\Obj\stm8l15x_clk.o
#        D:\lora_asr6505_pingpong\RenYu_ASR6505\Projects\ClassA\EWSTM8\Debug\Obj\stm8l15x_dma.o
#        D:\lora_asr6505_pingpong\RenYu_ASR6505\Projects\ClassA\EWSTM8\Debug\Obj\stm8l15x_exti.o
#        D:\lora_asr6505_pingpong\RenYu_ASR6505\Projects\ClassA\EWSTM8\Debug\Obj\stm8l15x_flash.o
#        D:\lora_asr6505_pingpong\RenYu_ASR6505\Projects\ClassA\EWSTM8\Debug\Obj\stm8l15x_gpio.o
#        D:\lora_asr6505_pingpong\RenYu_ASR6505\Projects\ClassA\EWSTM8\Debug\Obj\stm8l15x_i2c.o
#        D:\lora_asr6505_pingpong\RenYu_ASR6505\Projects\ClassA\EWSTM8\Debug\Obj\stm8l15x_it.o
#        D:\lora_asr6505_pingpong\RenYu_ASR6505\Projects\ClassA\EWSTM8\Debug\Obj\stm8l15x_iwdg.o
#        D:\lora_asr6505_pingpong\RenYu_ASR6505\Projects\ClassA\EWSTM8\Debug\Obj\stm8l15x_pwr.o
#        D:\lora_asr6505_pingpong\RenYu_ASR6505\Projects\ClassA\EWSTM8\Debug\Obj\stm8l15x_rtc.o
#        D:\lora_asr6505_pingpong\RenYu_ASR6505\Projects\ClassA\EWSTM8\Debug\Obj\stm8l15x_spi.o
#        D:\lora_asr6505_pingpong\RenYu_ASR6505\Projects\ClassA\EWSTM8\Debug\Obj\stm8l15x_syscfg.o
#        D:\lora_asr6505_pingpong\RenYu_ASR6505\Projects\ClassA\EWSTM8\Debug\Obj\stm8l15x_tim1.o
#        D:\lora_asr6505_pingpong\RenYu_ASR6505\Projects\ClassA\EWSTM8\Debug\Obj\stm8l15x_tim2.o
#        D:\lora_asr6505_pingpong\RenYu_ASR6505\Projects\ClassA\EWSTM8\Debug\Obj\stm8l15x_tim3.o
#        D:\lora_asr6505_pingpong\RenYu_ASR6505\Projects\ClassA\EWSTM8\Debug\Obj\stm8l15x_tim4.o
#        D:\lora_asr6505_pingpong\RenYu_ASR6505\Projects\ClassA\EWSTM8\Debug\Obj\stm8l15x_tim5.o
#        D:\lora_asr6505_pingpong\RenYu_ASR6505\Projects\ClassA\EWSTM8\Debug\Obj\stm8l15x_usart.o
#        D:\lora_asr6505_pingpong\RenYu_ASR6505\Projects\ClassA\EWSTM8\Debug\Obj\stm8l15x_wwdg.o
#        D:\lora_asr6505_pingpong\RenYu_ASR6505\Projects\ClassA\EWSTM8\Debug\Obj\sx1262-board.o
#        D:\lora_asr6505_pingpong\RenYu_ASR6505\Projects\ClassA\EWSTM8\Debug\Obj\sx126x.o
#        D:\lora_asr6505_pingpong\RenYu_ASR6505\Projects\ClassA\EWSTM8\Debug\Obj\timer.o
#        D:\lora_asr6505_pingpong\RenYu_ASR6505\Projects\ClassA\EWSTM8\Debug\Obj\utilities.o
#        --redirect _Printf=_PrintfFull --redirect _Scanf=_ScanfFullNoMb
#        --no_out_extension -o
#        D:\lora_asr6505_pingpong\RenYu_ASR6505\Projects\ClassA\EWSTM8\Debug\Exe\project.out
#        --map
#        D:\lora_asr6505_pingpong\RenYu_ASR6505\Projects\ClassA\EWSTM8\Debug\List\project.map
#        --config D:\IAR_STM8\stm8\config\lnkstm8l152m8.icf --config_def
#        _CSTACK_SIZE=0x100 --config_def _HEAP_SIZE=0x100
#        D:\lora_asr6505_pingpong\RenYu_ASR6505\Projects\ClassA\EWSTM8\..\..\..\Libraries\asrlib\IAR\asrlib.a
#        --entry __iar_program_start --debug_lib)
#
###############################################################################

*******************************************************************************
*** RUNTIME MODEL ATTRIBUTES
***

__SystemLibrary            = DLib
__code_model               = medium_or_large
__core                     = stm8
__data_model               = medium
__dlib_file_descriptor     = 0
__dlib_full_locale_support = 0
__rt_version               = 4


*******************************************************************************
*** PLACEMENT SUMMARY
***

"A0":  place at start of [0x000000-0x0000ff] { rw section .vregs };
"A1":  place at end of [0x000000-0x000fff] { block CSTACK };
"P2":  place in [from 0x000000 to 0x000fff] {
          block HEAP, rw section __DLIB_PERTHREAD, rw section .far.bss,
          rw section .far.data, rw section .far.noinit,
          rw section .far_func.textrw, rw section .huge.bss,
          rw section .huge.data, rw section .huge.noinit,
          rw section .huge_func.textrw, rw section .iar.dynexit,
          rw section .near.bss, rw section .near.data, rw section .near.noinit,
          rw section .near_func.textrw };
"A2":  place at start of [0x008000-0x00ffff] { block INTVEC };
"P3":  place in [from 0x008000 to 0x00ffff] {
          ro section __DLIB_PERTHREAD_init, ro section .far.data_init,
          ro section .far_func.textrw_init, ro section .huge.data_init,
          ro section .huge_func.textrw_init, ro section .iar.init_table,
          ro section .init_array, ro section .near.data_init,
          ro section .near.rodata, ro section .near_func.text,
          ro section .near_func.textrw_init, ro section .tiny.data_init,
          ro section .tiny.rodata_init };
"P4":  place in [from 0x008000 to 0x00ffff repeat 2] {
          ro section .far.rodata, ro section .far_func.text };
do not initialize {
   rw section .eeprom.noinit, rw section .far.noinit, rw section .huge.noinit,
   rw section .near.noinit, rw section .tiny.noinit, rw section .vregs };
initialize by copy {
   rw section .far.bss, rw section .far.data, rw section .far_func.textrw,
   rw section .huge.bss, rw section .huge.data, rw section .huge_func.textrw,
   rw section .iar.dynexit, rw section .near.bss, rw section .near.data,
   rw section .near_func.textrw, rw section .tiny.bss, rw section .tiny.data,
   ro section .tiny.rodata };

No sections matched the following patterns:

  ro section .far.data_init          in "P3"
  ro section .far.rodata             in "P4"
  ro section .far_func.textrw_init   in "P3"
  ro section .huge.data_init         in "P3"
  ro section .huge.rodata            in "P5"
  ro section .huge_func.text         in "P5"
  ro section .huge_func.textrw_init  in "P3"
  ro section .iar.init_table         in "P3"
  ro section .init_array             in "P3"
  ro section .near_func.textrw_init  in "P3"
  ro section .tiny.data_init         in "P3"
  ro section .tiny.rodata_init       in "P3"
  ro section __DLIB_PERTHREAD_init   in "P3"
  rw section .far.bss                in "P2"
  rw section .far.data               in "P2"
  rw section .far.noinit             in "P2"
  rw section .far_func.textrw        in "P2"
  rw section .huge.bss               in "P2"
  rw section .huge.data              in "P2"
  rw section .huge.noinit            in "P2"
  rw section .huge_func.textrw       in "P2"
  rw section .iar.dynexit            in "P2"
  rw section .near.noinit            in "P2"
  rw section .near_func.textrw       in "P2"
  rw section .tiny.bss               in "P1"
  rw section .tiny.data              in "P1"
  rw section .tiny.noinit            in "P1"
  rw section .tiny.rodata            in "P1"
  rw section __DLIB_PERTHREAD        in "P2"
  section .eeprom.data               in "P6-P8"
  section .eeprom.noinit             in "P6-P8"
  section .eeprom.rodata             in "P6-P8"


  Section            Kind      Address    Size  Object
  -------            ----      -------    ----  ------
"A0":                                     0x10
  .vregs             uninit   0x000000    0x10  vregs.o [5]
                            - 0x000010    0x10

"P2", part 1 of 2:                        0xc7
  P2-1                        0x000010    0xc7  <Init block>
    .near.data       inited   0x000010     0x2  board.o [1]
    .near.data       inited   0x000012     0x2  board.o [1]
    .near.data       inited   0x000014     0x1  LoRaMac.o [1]
    .near.data       inited   0x000015     0x1  LoRaMac.o [1]
    .near.data       inited   0x000016     0x1  LoRaMac.o [1]
    .near.data       inited   0x000017    0x10  LoRaMacCrypto.o [1]
    .near.data       inited   0x000027    0x10  LoRaMacCrypto.o [1]
    .near.data       inited   0x000037     0x8  main.o [1]
    .near.data       inited   0x00003f    0x10  main.o [1]
    .near.data       inited   0x00004f    0x10  main.o [1]
    .near.data       inited   0x00005f    0x10  main.o [1]
    .near.data       inited   0x00006f     0x4  main.o [1]
    .near.data       inited   0x000073     0x1  main.o [1]
    .near.data       inited   0x000074     0x1  main.o [1]
    .near.data       inited   0x000075     0x1  main.o [1]
    .near.data       inited   0x000076     0x4  main.o [1]
    .near.data       inited   0x00007a     0x1  main.o [1]
    .near.data       inited   0x00007b    0x48  radio.o [1]
    .near.data       inited   0x0000c3     0x1  radio.o [1]
    .near.data       inited   0x0000c4     0xf  RegionCN470.o [1]
    .near.data       inited   0x0000d3     0x4  utilities.o [1]
                            - 0x0000d7    0xc7

"P2", part 2 of 2:                       0x92d
  .near.bss          zero     0x0000d7   0x115  LoRaMacCrypto.o [1]
  .near.bss          zero     0x0001ec    0xff  LoRaMac.o [1]
  .near.bss          zero     0x0002eb    0xff  LoRaMac.o [1]
  .near.bss          zero     0x0003ea    0xff  radio.o [1]
  .near.bss          zero     0x0004e9    0xf1  LoRaMacCrypto.o [1]
  .near.bss          zero     0x0005da    0x80  LoRaMac.o [1]
  .near.bss          zero     0x00065a    0x80  LoRaMac.o [1]
  .near.bss          zero     0x0006da    0x80  radio.o [1]
  .near.bss          zero     0x00075a    0x30  gpio-board.o [1]
  .near.bss          zero     0x00078a    0x2c  LoRaMac.o [1]
  .near.bss          zero     0x0007b6    0x2c  LoRaMac.o [1]
  .near.bss          zero     0x0007e2    0x15  LoRaMac.o [1]
  .near.bss          zero     0x0007f7    0x14  LoRaMac.o [1]
  .near.bss          zero     0x00080b    0x14  LoRaMac.o [1]
  .near.bss          zero     0x00081f    0x13  LoRaMac.o [1]
  .near.bss          zero     0x000832    0x12  LoRaMac.o [1]
  .near.bss          zero     0x000844    0x10  LoRaMac.o [1]
  .near.bss          zero     0x000854    0x10  LoRaMac.o [1]
  .near.bss          zero     0x000864    0x10  LoRaMacCrypto.o [1]
  .near.bss          zero     0x000874    0x10  LoRaMacCrypto.o [1]
  .near.bss          zero     0x000884    0x10  main.o [1]
  .near.bss          zero     0x000894     0xf  radio.o [1]
  .near.bss          zero     0x0008a3     0xe  board.o [1]
  .near.bss          zero     0x0008b1     0xe  LoRaMac.o [1]
  .near.bss          zero     0x0008bf     0xe  LoRaMac.o [1]
  .near.bss          zero     0x0008cd     0xe  LoRaMac.o [1]
  .near.bss          zero     0x0008db     0xe  LoRaMac.o [1]
  .near.bss          zero     0x0008e9     0xe  LoRaMac.o [1]
  .near.bss          zero     0x0008f7     0xe  main.o [1]
  .near.bss          zero     0x000905     0xe  radio.o [1]
  .near.bss          zero     0x000913     0xe  radio.o [1]
  .near.bss          zero     0x000921     0xc  RegionCN470.o [1]
  .near.bss          zero     0x00092d     0xc  RegionCN470.o [1]
  .near.bss          zero     0x000939     0xc  rtc-board.o [3]
  .near.bss          zero     0x000945     0x9  LoRaMac.o [1]
  .near.bss          zero     0x00094e     0x9  sx1262-board.o [1]
  .near.bss          zero     0x000957     0x8  main.o [1]
  .near.bss          zero     0x00095f     0x7  rtc-board.o [3]
  .near.bss          zero     0x000966     0x4  LoRaMac.o [1]
  .near.bss          zero     0x00096a     0x4  LoRaMac.o [1]
  .near.bss          zero     0x00096e     0x4  LoRaMac.o [1]
  .near.bss          zero     0x000972     0x4  LoRaMac.o [1]
  .near.bss          zero     0x000976     0x4  LoRaMac.o [1]
  .near.bss          zero     0x00097a     0x4  LoRaMac.o [1]
  .near.bss          zero     0x00097e     0x4  LoRaMac.o [1]
  .near.bss          zero     0x000982     0x4  LoRaMac.o [1]
  .near.bss          zero     0x000986     0x4  LoRaMac.o [1]
  .near.bss          zero     0x00098a     0x4  LoRaMac.o [1]
  .near.bss          zero     0x00098e     0x4  LoRaMac.o [1]
  .near.bss          zero     0x000992     0x4  LoRaMac.o [1]
  .near.bss          zero     0x000996     0x4  radio.o [1]
  .near.bss          zero     0x00099a     0x4  radio.o [1]
  .near.bss          zero     0x00099e     0x4  sx126x.o [1]
  .near.bss          zero     0x0009a2     0x4  rtc-board.o [3]
  .near.bss          zero     0x0009a6     0x4  rtc-board.o [3]
  .near.bss          zero     0x0009aa     0x4  rtc-board.o [3]
  .near.bss          zero     0x0009ae     0x4  rtc-board.o [3]
  .near.bss          zero     0x0009b2     0x4  rtc-board.o [3]
  .near.bss          zero     0x0009b6     0x2  LoRaMac.o [1]
  .near.bss          zero     0x0009b8     0x2  LoRaMac.o [1]
  .near.bss          zero     0x0009ba     0x2  LoRaMac.o [1]
  .near.bss          zero     0x0009bc     0x2  LoRaMac.o [1]
  .near.bss          zero     0x0009be     0x2  LoRaMac.o [1]
  .near.bss          zero     0x0009c0     0x2  LoRaMac.o [1]
  .near.bss          zero     0x0009c2     0x2  LoRaMac.o [1]
  .near.bss          zero     0x0009c4     0x2  LoRaMac.o [1]
  .near.bss          zero     0x0009c6     0x2  LoRaMac.o [1]
  .near.bss          zero     0x0009c8     0x2  radio.o [1]
  .near.bss          zero     0x0009ca     0x2  radio.o [1]
  .near.bss          zero     0x0009cc     0x2  spi-board.o [1]
  .near.bss          zero     0x0009ce     0x2  spi-board.o [1]
  .near.bss          zero     0x0009d0     0x2  spi-board.o [1]
  .near.bss          zero     0x0009d2     0x2  spi-board.o [1]
  .near.bss          zero     0x0009d4     0x2  spi-board.o [1]
  .near.bss          zero     0x0009d6     0x2  timer.o [1]
  .near.bss          zero     0x0009d8     0x2  errno.o [5]
  .near.bss          zero     0x0009da     0x1  board.o [1]
  .near.bss          zero     0x0009db     0x1  board.o [1]
  .near.bss          zero     0x0009dc     0x1  LoRaMac.o [1]
  .near.bss          zero     0x0009dd     0x1  LoRaMac.o [1]
  .near.bss          zero     0x0009de     0x1  LoRaMac.o [1]
  .near.bss          zero     0x0009df     0x1  LoRaMac.o [1]
  .near.bss          zero     0x0009e0     0x1  LoRaMac.o [1]
  .near.bss          zero     0x0009e1     0x1  LoRaMac.o [1]
  .near.bss          zero     0x0009e2     0x1  LoRaMac.o [1]
  .near.bss          zero     0x0009e3     0x1  LoRaMac.o [1]
  .near.bss          zero     0x0009e4     0x1  LoRaMac.o [1]
  .near.bss          zero     0x0009e5     0x1  LoRaMac.o [1]
  .near.bss          zero     0x0009e6     0x1  LoRaMac.o [1]
  .near.bss          zero     0x0009e7     0x1  LoRaMac.o [1]
  .near.bss          zero     0x0009e8     0x1  LoRaMac.o [1]
  .near.bss          zero     0x0009e9     0x1  LoRaMac.o [1]
  .near.bss          zero     0x0009ea     0x1  LoRaMac.o [1]
  .near.bss          zero     0x0009eb     0x1  LoRaMac.o [1]
  .near.bss          zero     0x0009ec     0x1  LoRaMac.o [1]
  .near.bss          zero     0x0009ed     0x1  LoRaMac.o [1]
  .near.bss          zero     0x0009ee     0x1  LoRaMac.o [1]
  .near.bss          zero     0x0009ef     0x1  LoRaMac.o [1]
  .near.bss          zero     0x0009f0     0x1  LoRaMac.o [1]
  .near.bss          zero     0x0009f1     0x1  LoRaMac.o [1]
  .near.bss          zero     0x0009f2     0x1  LoRaMac.o [1]
  .near.bss          zero     0x0009f3     0x1  LoRaMac.o [1]
  .near.bss          zero     0x0009f4     0x1  LoRaMac.o [1]
  .near.bss          zero     0x0009f5     0x1  main.o [1]
  .near.bss          zero     0x0009f6     0x1  radio.o [1]
  .near.bss          zero     0x0009f7     0x1  radio.o [1]
  .near.bss          zero     0x0009f8     0x1  spi-board.o [1]
  .near.bss          zero     0x0009f9     0x1  sx1262-board.o [1]
  .near.bss          zero     0x0009fa     0x1  sx126x.o [1]
  .near.bss          zero     0x0009fb     0x1  sx126x.o [1]
  .near.bss          zero     0x0009fc     0x1  sx126x.o [1]
  .near.bss          zero     0x0009fd     0x1  timer.o [1]
  .near.bss          zero     0x0009fe     0x1  rtc-board.o [3]
  .near.bss          zero     0x0009ff     0x1  rtc-board.o [3]
  .near.bss          zero     0x000a00     0x1  rtc-board.o [3]
  .near.bss          zero     0x000a01     0x1  rtc-board.o [3]
  .near.bss          zero     0x000a02     0x1  rtc-board.o [3]
  .near.bss          zero     0x000a03     0x1  rtc-board.o [3]
                            - 0x000a04   0x92d

"A1":                                    0x100
  CSTACK                      0x000f00   0x100  <Block>
    CSTACK           uninit   0x000f00   0x100  <Block tail>
                            - 0x001000   0x100

"A2":                                     0x80
  INTVEC                      0x008000    0x80  <Block>
    .intvec          const    0x008000    0x80  interrupt.o [5]
                            - 0x008080    0x80

"P3":                                    0x6c6
  .near.rodata       const    0x008080   0x100  aes.o [1]
  .near.rodata       const    0x008180   0x100  aes.o [1]
  .near.rodata       const    0x008280   0x100  aes.o [1]
  Initializer bytes  const    0x008380    0xc7  <for P2-1>
  .near.rodata       const    0x008447    0x6e  radio.o [1]
  .near.rodata       const    0x0084b5    0x60  RegionCN470.o [1]
  .near.rodata       const    0x008515    0x51  radio.o [1]
  .near_func.text    const    0x008566    0x3c  xprintffull.o [5]
  .near.rodata       const    0x0085a2    0x33  main.o [1]
  .iar.init_table    const    0x0085d5    0x14  - Linker created -
  .near.rodata       const    0x0085e9    0x1e  RegionCN470.o [1]
  .near.rodata       const    0x008607    0x1e  RegionCN470.o [1]
  .near.rodata       const    0x008625    0x18  RegionCN470.o [1]
  .near.rodata       const    0x00863d    0x16  main.o [1]
  .near.rodata       const    0x008653    0x13  main.o [1]
  .near.rodata       const    0x008666    0x10  LoRaMac.o [1]
  .near.rodata       const    0x008676     0xe  main.o [1]
  .near.rodata       const    0x008684     0xc  RegionCN470.o [1]
  .near.rodata       const    0x008690     0xc  rtc-board.o [3]
  .near.rodata       const    0x00869c     0xc  rtc-board.o [3]
  .near.rodata       const    0x0086a8     0xa  main.o [1]
  .near.rodata       const    0x0086b2     0x9  main.o [1]
  .near.rodata       const    0x0086bb     0x9  main.o [1]
  .near.rodata       const    0x0086c4     0x9  main.o [1]
  .near.rodata       const    0x0086cd     0x9  main.o [1]
  .near.rodata       const    0x0086d6     0x9  sx126x.o [1]
  .near.rodata       const    0x0086df     0x8  radio.o [1]
  .near.rodata       const    0x0086e7     0x8  radio.o [1]
  .near.rodata       const    0x0086ef     0x8  sx126x.o [1]
  .near.rodata       const    0x0086f7     0x7  xprintffull.o [5]
  .near.rodata       const    0x0086fe     0x6  RegionCN470.o [1]
  .near.rodata       const    0x008704     0x6  RegionCN470.o [1]
  .near.rodata       const    0x00870a     0x6  RegionCN470.o [1]
  .near.rodata       const    0x008710     0x5  stm8l15x_clk.o [1]
  .near.rodata       const    0x008715     0x4  Region.o [1]
  .near.rodata       const    0x008719     0x4  RegionCN470.o [1]
  .near.rodata       const    0x00871d     0x4  rtc-board.o [3]
  .near.rodata       const    0x008721     0x4  rtc-board.o [3]
  .near.rodata       const    0x008725     0x4  rtc-board.o [3]
  .near.rodata       const    0x008729     0x4  xprintffull.o [5]
  .near.rodata       const    0x00872d     0x4  xprintffull.o [5]
  .near.rodata       const    0x008731     0x4  xprintffull.o [5]
  .near.rodata       const    0x008735     0x4  xprintffull.o [5]
  .near.rodata       const    0x008739     0x3  radio.o [1]
  .near.rodata       const    0x00873c     0x2  rtc-board.o [3]
  .near.rodata       const    0x00873e     0x2  xprintffull.o [5]
  .near.rodata       const    0x008740     0x1  board.o [1]
  .near.rodata       const    0x008741     0x1  board.o [1]
  .near.rodata       const    0x008742     0x1  board.o [1]
  .near.rodata       const    0x008743     0x1  radio.o [1]
  .near.rodata       const    0x008744     0x1  rtc-board.o [3]
  .near.rodata       const    0x008745     0x1  rtc-board.o [3]
                            - 0x008746   0x6c6

"P4", part 1 of 2:                      0x60cc
  .far_func.text     ro code  0x008746  0x15cf  LoRaMac.o [1]
  .far_func.text     ro code  0x009d15   0x60b  LoRaMac.o [1]
  .far_func.text     ro code  0x00a320   0x50d  float.o [5]
  .far_func.text     ro code  0x00a82d   0x47a  xprintffull.o [5]
  .far_func.text     ro code  0x00aca7   0x477  xprintffull.o [5]
  .far_func.text     ro code  0x00b11e   0x3b0  xprintffull.o [5]
  .far_func.text     ro code  0x00b4ce   0x383  LoRaMac.o [1]
  .far_func.text     ro code  0x00b851   0x374  pow.o [5]
  .far_func.text     ro code  0x00bbc5   0x277  long.o [5]
  .far_func.text     ro code  0x00be3c   0x26b  xexp.o [5]
  .far_func.text     ro code  0x00c0a7   0x24a  aes.o [1]
  .far_func.text     ro code  0x00c2f1   0x234  vreg_util.o [5]
  .far_func.text     ro code  0x00c525   0x21e  main.o [1]
  .far_func.text     ro code  0x00c743   0x215  LoRaMacCrypto.o [1]
  .far_func.text     ro code  0x00c958   0x1ca  rtc-board.o [3]
  .far_func.text     ro code  0x00cb22   0x1aa  rtc-board.o [3]
  .far_func.text     ro code  0x00cccc   0x1a9  radio.o [1]
  .far_func.text     ro code  0x00ce75   0x198  RegionCN470.o [1]
  .far_func.text     ro code  0x00d00d   0x18d  radio.o [1]
  .far_func.text     ro code  0x00d19a   0x182  float_libsup.o [5]
  .far_func.text     ro code  0x00d31c   0x181  xprintffull.o [5]
  .far_func.text     ro code  0x00d49d   0x16b  radio.o [1]
  .far_func.text     ro code  0x00d608   0x16a  cmac.o [1]
  .far_func.text     ro code  0x00d772   0x16a  spi-board.o [1]
  .far_func.text     ro code  0x00d8dc   0x169  RegionCN470.o [1]
  .far_func.text     ro code  0x00da45   0x14e  radio.o [1]
  .far_func.text     ro code  0x00db93   0x14b  aes.o [1]
  .far_func.text     ro code  0x00dcde   0x143  sx126x.o [1]
  .far_func.text     ro code  0x00de21   0x13d  cmac.o [1]
  .far_func.text     ro code  0x00df5e   0x139  LoRaMac.o [1]
  .far_func.text     ro code  0x00e097   0x12a  radio.o [1]
  .far_func.text     ro code  0x00e1c1   0x11f  gpio-board.o [1]
  .far_func.text     ro code  0x00e2e0   0x118  RegionCommon.o [1]
  .far_func.text     ro code  0x00e3f8   0x10e  board.o [1]
  .far_func.text     ro code  0x00e506   0x106  RegionCN470.o [1]
  .far_func.text     ro code  0x00e60c   0x106  RegionCommon.o [1]
  .far_func.text     ro code  0x00e712   0x100  RegionCN470.o [1]
                            - 0x00e812  0x60cc

"P4", part 2 of 2:                      0x4288
  .far_func.text     ro code  0x010000   0x100  stm8l15x_rtc.o [1]
  .far_func.text     ro code  0x010100    0xff  aes.o [1]
  .far_func.text     ro code  0x0101ff    0xe6  LoRaMac.o [1]
  .far_func.text     ro code  0x0102e5    0xe6  rtc-board.o [3]
  .far_func.text     ro code  0x0103cb    0xdd  RegionCommon.o [1]
  .far_func.text     ro code  0x0104a8    0xd4  long_util.o [5]
  .far_func.text     ro code  0x01057c    0xd1  RegionCN470.o [1]
  .far_func.text     ro code  0x01064d    0xd1  sx126x.o [1]
  .far_func.text     ro code  0x01071e    0xcb  aes.o [1]
  .far_func.text     ro code  0x0107e9    0xc9  stm8l15x_rtc.o [1]
  .far_func.text     ro code  0x0108b2    0xc9  xdint.o [5]
  .far_func.text     ro code  0x01097b    0xc7  stm8l15x_rtc.o [1]
  .far_func.text     ro code  0x010a42    0xc5  LoRaMac.o [1]
  .far_func.text     ro code  0x010b07    0xc4  gpio-board.o [1]
  .far_func.text     ro code  0x010bcb    0xc3  sx126x.o [1]
  .far_func.text     ro code  0x010c8e    0xb5  timer.o [1]
  .far_func.text     ro code  0x010d43    0xb3  RegionCommon.o [1]
  .far_func.text     ro code  0x010df6    0xa9  LoRaMac.o [1]
  .far_func.text     ro code  0x010e9f    0xa5  aes.o [1]
  .far_func.text     ro code  0x010f44    0xa5  aes.o [1]
  .far_func.text     ro code  0x010fe9    0xa4  sx126x.o [1]
  .far_func.text     ro code  0x01108d    0xa2  stm8l15x_exti.o [1]
  .far_func.text     ro code  0x01112f    0xa1  timer.o [1]
  .far_func.text     ro code  0x0111d0    0x9f  rtc-board.o [3]
  .far_func.text     ro code  0x01126f    0x97  RegionCN470.o [1]
  .far_func.text     ro code  0x011306    0x96  RegionCN470.o [1]
  .far_func.text     ro code  0x01139c    0x96  timer.o [1]
  .far_func.text     ro code  0x011432    0x94  LoRaMacCrypto.o [1]
  .far_func.text     ro code  0x0114c6    0x91  RegionCN470.o [1]
  .far_func.text     ro code  0x011557    0x90  RegionCN470.o [1]
  .far_func.text     ro code  0x0115e7    0x86  timer.o [1]
  .far_func.text     ro code  0x01166d    0x84  spi-board.o [1]
  .far_func.text     ro code  0x0116f1    0x82  stm8l15x_usart.o [1]
  .far_func.text     ro code  0x011773    0x81  stm8l15x_clk.o [1]
  .far_func.text     ro code  0x0117f4    0x7f  sx126x.o [1]
  .far_func.text     ro code  0x011873    0x76  board.o [1]
  .far_func.text     ro code  0x0118e9    0x76  rtc-board.o [3]
  .far_func.text     ro code  0x01195f    0x71  aes.o [1]
  .far_func.text     ro code  0x0119d0    0x71  RegionCommon.o [1]
  .far_func.text     ro code  0x011a41    0x6a  LoRaMac.o [1]
  .far_func.text     ro code  0x011aab    0x64  stm8l15x_gpio.o [1]
  .far_func.text     ro code  0x011b0f    0x62  rtc-board.o [3]
  .far_func.text     ro code  0x011b71    0x61  rtc-board.o [3]
  .far_func.text     ro code  0x011bd2    0x60  rtc-board.o [3]
  .far_func.text     ro code  0x011c32    0x5f  radio.o [1]
  .far_func.text     ro code  0x011c91    0x5f  stm8l15x_clk.o [1]
  .far_func.text     ro code  0x011cf0    0x5e  far_util.o [5]
  .far_func.text     ro code  0x011d4e    0x5e  short.o [5]
  .far_func.text     ro code  0x011dac    0x5d  main.o [1]
  .far_func.text     ro code  0x011e09    0x5d  radio.o [1]
  .far_func.text     ro code  0x011e66    0x5c  LoRaMac.o [1]
  .far_func.text     ro code  0x011ec2    0x5b  rtc-board.o [3]
  .far_func.text     ro code  0x011f1d    0x5a  RegionCommon.o [1]
  .far_func.text     ro code  0x011f77    0x58  dc_util.o [5]
  .far_func.text     ro code  0x011fcf    0x55  stm8l15x_rtc.o [1]
  .far_func.text     ro code  0x012024    0x53  main.o [1]
  .far_func.text     ro code  0x012077    0x52  sx126x.o [1]
  .far_func.text     ro code  0x0120c9    0x51  sx1262-board.o [1]
  .far_func.text     ro code  0x01211a    0x51  xprintffull.o [5]
  .far_func.text     ro code  0x01216b    0x4f  LoRaMac.o [1]
  .far_func.text     ro code  0x0121ba    0x4f  LoRaMac.o [1]
  .far_func.text     ro code  0x012209    0x4f  utilities.o [1]
  .far_func.text     ro code  0x012258    0x4e  main.o [1]
  .far_func.text     ro code  0x0122a6    0x4e  sx126x.o [1]
  .far_func.text     ro code  0x0122f4    0x4d  LoRaMacCrypto.o [1]
  .far_func.text     ro code  0x012341    0x4c  spi-board.o [1]
  .far_func.text     ro code  0x01238d    0x4b  board.o [1]
  .far_func.text     ro code  0x0123d8    0x4a  radio.o [1]
  .far_func.text     ro code  0x012422    0x4a  RegionCN470.o [1]
  .far_func.text     ro code  0x01246c    0x49  stm8l15x_syscfg.o [1]
  .far_func.text     ro code  0x0124b5    0x49  xprintffull.o [5]
  .far_func.text     ro code  0x0124fe    0x48  main.o [1]
  .far_func.text     ro code  0x012546    0x48  RegionCN470.o [1]
  .far_func.text     ro code  0x01258e    0x46  ceil.o [5]
  .far_func.text     ro code  0x0125d4    0x46  floor.o [5]
  .far_func.text     ro code  0x01261a    0x45  sx126x.o [1]
  .far_func.text     ro code  0x01265f    0x42  RegionCN470.o [1]
  .far_func.text     ro code  0x0126a1    0x3f  stm8l15x_rtc.o [1]
  .far_func.text     ro code  0x0126e0    0x3e  xprintffull.o [5]
  .far_func.text     ro code  0x01271e    0x3d  main.o [1]
  .far_func.text     ro code  0x01275b    0x3d  xprintffull.o [5]
  .far_func.text     ro code  0x012798    0x3a  RegionCommon.o [1]
  .far_func.text     ro code  0x0127d2    0x3a  stm8l15x_rtc.o [1]
  .far_func.text     ro code  0x01280c    0x3a  sx1262-board.o [1]
  .far_func.text     ro code  0x012846    0x3a  sx1262-board.o [1]
  .far_func.text     ro code  0x012880    0x3a  timer.o [1]
  .far_func.text     ro code  0x0128ba    0x39  RegionCN470.o [1]
  .far_func.text     ro code  0x0128f3    0x39  stm8l15x_clk.o [1]
  .far_func.text     ro code  0x01292c    0x39  stm8l15x_rtc.o [1]
  .far_func.text     ro code  0x012965    0x37  stm8l15x_rtc.o [1]
  .far_func.text     ro code  0x01299c    0x36  delay-board.o [1]
  .far_func.text     ro code  0x0129d2    0x36  sx1262-board.o [1]
  .far_func.text     ro code  0x012a08    0x35  gpio-board.o [1]
  .far_func.text     ro code  0x012a3d    0x34  sx126x.o [1]
  .far_func.text     ro code  0x012a71    0x34  div.o [5]
  .far_func.text     ro code  0x012aa5    0x33  stm8l15x_rtc.o [1]
  .far_func.text     ro code  0x012ad8    0x33  sx1262-board.o [1]
  .far_func.text     ro code  0x012b0b    0x33  sx126x.o [1]
  .far_func.text     ro code  0x012b3e    0x32  cmac.o [1]
  .far_func.text     ro code  0x012b70    0x32  sx1262-board.o [1]
  .far_func.text     ro code  0x012ba2    0x32  sx126x.o [1]
  .far_func.text     ro code  0x012bd4    0x31  rtc-board.o [3]
  .far_func.text     ro code  0x012c05    0x30  stm8l15x_spi.o [1]
  .far_func.text     ro code  0x012c35    0x30  sx1262-board.o [1]
  .far_func.text     ro code  0x012c65    0x2f  RegionCommon.o [1]
  .far_func.text     ro code  0x012c94    0x2e  board.o [1]
  .far_func.text     ro code  0x012cc2    0x2e  radio.o [1]
  .far_func.text     ro code  0x012cf0    0x2e  radio.o [1]
  .far_func.text     ro code  0x012d1e    0x2e  sx126x.o [1]
  .far_func.text     ro code  0x012d4c    0x2e  xprintffull.o [5]
  .far_func.text     ro code  0x012d7a    0x2d  sx126x.o [1]
  .far_func.text     ro code  0x012da7    0x2c  LoRaMac.o [1]
  .far_func.text     ro code  0x012dd3    0x2c  timer.o [1]
  .far_func.text     ro code  0x012dff    0x2b  RegionCN470.o [1]
  .far_func.text     ro code  0x012e2a    0x2b  sx1262-board.o [1]
  .far_func.text     ro code  0x012e55    0x2b  rtc-board.o [3]
  .far_func.text     ro code  0x012e80    0x2a  timer.o [1]
  .far_func.text     ro code  0x012eaa    0x29  radio.o [1]
  .far_func.text     ro code  0x012ed3    0x29  RegionCommon.o [1]
  .far_func.text     ro code  0x012efc    0x29  sx1262-board.o [1]
  .far_func.text     ro code  0x012f25    0x28  LoRaMac.o [1]
  .far_func.text     ro code  0x012f4d    0x28  radio.o [1]
  .far_func.text     ro code  0x012f75    0x28  init_small.o [5]
  .far_func.text     ro code  0x012f9d    0x27  utilities.o [1]
  .far_func.text     ro code  0x012fc4    0x25  RegionCN470.o [1]
  .far_func.text     ro code  0x012fe9    0x25  move.o [5]
  .far_func.text     ro code  0x01300e    0x25  xlog.o [5]
  .far_func.text     ro code  0x013033    0x24  board.o [1]
  .far_func.text     ro code  0x013057    0x24  gpio-board.o [1]
  .far_func.text     ro code  0x01307b    0x24  radio.o [1]
  .far_func.text     ro code  0x01309f    0x24  sx1262-board.o [1]
  .far_func.text     ro code  0x0130c3    0x24  utilities.o [1]
  .far_func.text     ro code  0x0130e7    0x24  printf.o [5]
  .far_func.text     ro code  0x01310b    0x23  stm8l15x_usart.o [1]
  .far_func.text     ro code  0x01312e    0x22  sx1262-board.o [1]
  .far_func.text     ro code  0x013150    0x22  rtc-board.o [3]
  .far_func.text     ro code  0x013172    0x21  gpio-board.o [1]
  .far_func.text     ro code  0x013193    0x21  memchr.o [5]
  .far_func.text     ro code  0x0131b4    0x20  stm8l15x_it.o [1]
  .far_func.text     ro code  0x0131d4    0x20  memcpy.o [5]
  .far_func.text     ro code  0x0131f4    0x1f  xprout.o [5]
  .far_func.text     ro code  0x013213    0x1e  radio.o [1]
  .far_func.text     ro code  0x013231    0x1e  stm8l15x_rtc.o [1]
  .far_func.text     ro code  0x01324f    0x1e  stm8l15x_rtc.o [1]
  .far_func.text     ro code  0x01326d    0x1e  sx1262-board.o [1]
  .far_func.text     ro code  0x01328b    0x1e  sx126x.o [1]
  .far_func.text     ro code  0x0132a9    0x1e  rtc-board.o [3]
  .far_func.text     ro code  0x0132c7    0x1e  rtc-board.o [3]
  .far_func.text     ro code  0x0132e5    0x1e  init.o [5]
  .far_func.text     ro code  0x013303    0x1e  init_small.o [5]
  .far_func.text     ro code  0x013321    0x1d  LoRaMac.o [1]
  .far_func.text     ro code  0x01333e    0x1d  spi-board.o [1]
  .far_func.text     ro code  0x01335b    0x1d  stm8l15x_usart.o [1]
  .far_func.text     ro code  0x013378    0x1d  sx126x.o [1]
  .far_func.text     ro code  0x013395    0x1c  RegionCN470.o [1]
  .far_func.text     ro code  0x0133b1    0x1c  stm8l15x_it.o [1]
  .far_func.text     ro code  0x0133cd    0x1c  stm8l15x_it.o [1]
  .far_func.text     ro code  0x0133e9    0x1c  stm8l15x_it.o [1]
  .far_func.text     ro code  0x013405    0x1c  stm8l15x_it.o [1]
  .far_func.text     ro code  0x013421    0x1c  stm8l15x_it.o [1]
  .far_func.text     ro code  0x01343d    0x1c  stm8l15x_it.o [1]
  .far_func.text     ro code  0x013459    0x1c  stm8l15x_it.o [1]
  .far_func.text     ro code  0x013475    0x1c  stm8l15x_rtc.o [1]
  .far_func.text     ro code  0x013491    0x1c  stm8l15x_rtc.o [1]
  .far_func.text     ro code  0x0134ad    0x1c  sx126x.o [1]
  .far_func.text     ro code  0x0134c9    0x1c  timer.o [1]
  .far_func.text     ro code  0x0134e5    0x1c  timer.o [1]
  .far_func.text     ro code  0x013501    0x1b  radio.o [1]
  .far_func.text     ro code  0x01351c    0x1b  radio.o [1]
  .far_func.text     ro code  0x013537    0x1b  stm8l15x_it.o [1]
  .far_func.text     ro code  0x013552    0x1b  sx126x.o [1]
  .far_func.text     ro code  0x01356d    0x1a  LoRaMac.o [1]
  .far_func.text     ro code  0x013587    0x1a  Region.o [1]
  .far_func.text     ro code  0x0135a1    0x1a  stm8l15x_flash.o [1]
  .far_func.text     ro code  0x0135bb    0x1a  sx126x.o [1]
  .far_func.text     ro code  0x0135d5    0x1a  utilities.o [1]
  .far_func.text     ro code  0x0135ef    0x19  cmac.o [1]
  .far_func.text     ro code  0x013608    0x19  stm8l15x_spi.o [1]
  .far_func.text     ro code  0x013621    0x18  RegionCN470.o [1]
  .far_func.text     ro code  0x013639    0x18  RegionCommon.o [1]
  .far_func.text     ro code  0x013651    0x18  stm8l15x_rtc.o [1]
  .far_func.text     ro code  0x013669    0x18  sx1262-board.o [1]
  .far_func.text     ro code  0x013681    0x17  gpio-board.o [1]
  .far_func.text     ro code  0x013698    0x17  LoRaMac.o [1]
  .far_func.text     ro code  0x0136af    0x17  stm8l15x_rtc.o [1]
  .far_func.text     ro code  0x0136c6    0x17  sx1262-board.o [1]
  .far_func.text     ro code  0x0136dd    0x17  sx126x.o [1]
  .far_func.text     ro code  0x0136f4    0x17  sx126x.o [1]
  .far_func.text     ro code  0x01370b    0x17  sx126x.o [1]
  .far_func.text     ro code  0x013722    0x17  cstartup.o [5]
  .far_func.text     ro code  0x013739    0x16  Region.o [1]
  .far_func.text     ro code  0x01374f    0x16  stm8l15x_rtc.o [1]
  .far_func.text     ro code  0x013765    0x16  rtc-board.o [3]
  .far_func.text     ro code  0x01377b    0x16  memset.o [5]
  .far_func.text     ro code  0x013791    0x16  __dbg_xxexit.o [4]
  .far_func.text     ro code  0x0137a7    0x15  board.o [1]
  .far_func.text     ro code  0x0137bc    0x15  cmac.o [1]
  .far_func.text     ro code  0x0137d1    0x15  RegionCN470.o [1]
  .far_func.text     ro code  0x0137e6    0x15  RegionCommon.o [1]
  .far_func.text     ro code  0x0137fb    0x15  stm8l15x_gpio.o [1]
  .far_func.text     ro code  0x013810    0x15  stm8l15x_rtc.o [1]
  .far_func.text     ro code  0x013825    0x15  stm8l15x_rtc.o [1]
  .far_func.text     ro code  0x01383a    0x15  sx1262-board.o [1]
  .far_func.text     ro code  0x01384f    0x15  sx126x.o [1]
  .far_func.text     ro code  0x013864    0x15  xprintffull.o [5]
  .far_func.text     ro code  0x013879    0x15  strchr.o [5]
  .far_func.text     ro code  0x01388e    0x14  gpio-board.o [1]
  .far_func.text     ro code  0x0138a2    0x14  RegionCN470.o [1]
  .far_func.text     ro code  0x0138b6    0x13  LoRaMacCrypto.o [1]
  .far_func.text     ro code  0x0138c9    0x13  radio.o [1]
  .far_func.text     ro code  0x0138dc    0x13  stm8l15x_clk.o [1]
  .far_func.text     ro code  0x0138ef    0x13  stm8l15x_spi.o [1]
  .far_func.text     ro code  0x013902    0x13  sx1262-board.o [1]
  .far_func.text     ro code  0x013915    0x13  sx126x.o [1]
  .far_func.text     ro code  0x013928    0x13  utilities.o [1]
  .far_func.text     ro code  0x01393b    0x12  LoRaMac.o [1]
  .far_func.text     ro code  0x01394d    0x12  radio.o [1]
  .far_func.text     ro code  0x01395f    0x12  stm8l15x_gpio.o [1]
  .far_func.text     ro code  0x013971    0x11  cmac.o [1]
  .far_func.text     ro code  0x013982    0x11  LoRaMacCrypto.o [1]
  .far_func.text     ro code  0x013993    0x11  Region.o [1]
  .far_func.text     ro code  0x0139a4    0x11  RegionCommon.o [1]
  .far_func.text     ro code  0x0139b5    0x11  stm8l15x_rtc.o [1]
  .far_func.text     ro code  0x0139c6    0x11  stm8l15x_rtc.o [1]
  .far_func.text     ro code  0x0139d7    0x11  stm8l15x_rtc.o [1]
  .far_func.text     ro code  0x0139e8    0x11  sx1262-board.o [1]
  .far_func.text     ro code  0x0139f9    0x11  sx1262-board.o [1]
  .far_func.text     ro code  0x013a0a    0x11  sx126x.o [1]
  .far_func.text     ro code  0x013a1b    0x10  radio.o [1]
  .far_func.text     ro code  0x013a2b    0x10  stm8l15x_usart.o [1]
  .far_func.text     ro code  0x013a3b    0x10  sx1262-board.o [1]
  .far_func.text     ro code  0x013a4b    0x10  sx1262-board.o [1]
  .far_func.text     ro code  0x013a5b    0x10  sx126x.o [1]
  .far_func.text     ro code  0x013a6b    0x10  sx126x.o [1]
  .far_func.text     ro code  0x013a7b     0xf  LoRaMac.o [1]
  .far_func.text     ro code  0x013a8a     0xf  radio.o [1]
  .far_func.text     ro code  0x013a99     0xf  radio.o [1]
  .far_func.text     ro code  0x013aa8     0xf  radio.o [1]
  .far_func.text     ro code  0x013ab7     0xf  RegionCN470.o [1]
  .far_func.text     ro code  0x013ac6     0xf  stm8l15x_flash.o [1]
  .far_func.text     ro code  0x013ad5     0xf  stm8l15x_rtc.o [1]
  .far_func.text     ro code  0x013ae4     0xf  sx1262-board.o [1]
  .far_func.text     ro code  0x013af3     0xf  rtc-board.o [3]
  .far_func.text     ro code  0x013b02     0xe  board.o [1]
  .far_func.text     ro code  0x013b10     0xe  LoRaMac.o [1]
  .far_func.text     ro code  0x013b1e     0xe  LoRaMac.o [1]
  .far_func.text     ro code  0x013b2c     0xe  LoRaMac.o [1]
  .far_func.text     ro code  0x013b3a     0xe  RegionCN470.o [1]
  .far_func.text     ro code  0x013b48     0xe  stm8l15x_exti.o [1]
  .far_func.text     ro code  0x013b56     0xe  stm8l15x_exti.o [1]
  .far_func.text     ro code  0x013b64     0xe  stm8l15x_rtc.o [1]
  .far_func.text     ro code  0x013b72     0xe  stm8l15x_rtc.o [1]
  .far_func.text     ro code  0x013b80     0xe  sx126x.o [1]
  .far_func.text     ro code  0x013b8e     0xe  xprintffull.o [5]
  .far_func.text     ro code  0x013b9c     0xd  cmac.o [1]
  .far_func.text     ro code  0x013ba9     0xd  cmac.o [1]
  .far_func.text     ro code  0x013bb6     0xd  LoRaMac.o [1]
  .far_func.text     ro code  0x013bc3     0xd  LoRaMacCrypto.o [1]
  .far_func.text     ro code  0x013bd0     0xd  main.o [1]
  .far_func.text     ro code  0x013bdd     0xd  radio.o [1]
  .far_func.text     ro code  0x013bea     0xd  radio.o [1]
  .far_func.text     ro code  0x013bf7     0xd  spi-board.o [1]
  .far_func.text     ro code  0x013c04     0xd  stm8l15x_pwr.o [1]
  .far_func.text     ro code  0x013c11     0xd  stm8l15x_spi.o [1]
  .far_func.text     ro code  0x013c1e     0xd  sx1262-board.o [1]
  .far_func.text     ro code  0x013c2b     0xd  sx1262-board.o [1]
  .far_func.text     ro code  0x013c38     0xd  sx126x.o [1]
  .far_func.text     ro code  0x013c45     0xd  sx126x.o [1]
  .far_func.text     ro code  0x013c52     0xd  strlen.o [5]
  .far_func.text     ro code  0x013c5f     0xc  LoRaMac.o [1]
  .far_func.text     ro code  0x013c6b     0xc  LoRaMac.o [1]
  .far_func.text     ro code  0x013c77     0xc  LoRaMac.o [1]
  .far_func.text     ro code  0x013c83     0xc  radio.o [1]
  .far_func.text     ro code  0x013c8f     0xc  radio.o [1]
  .far_func.text     ro code  0x013c9b     0xc  radio.o [1]
  .far_func.text     ro code  0x013ca7     0xc  Region.o [1]
  .far_func.text     ro code  0x013cb3     0xc  stm8l15x_rtc.o [1]
  .far_func.text     ro code  0x013cbf     0xc  sx1262-board.o [1]
  .far_func.text     ro code  0x013ccb     0xc  sx126x.o [1]
  .far_func.text     ro code  0x013cd7     0xc  sx126x.o [1]
  .far_func.text     ro code  0x013ce3     0xc  char.o [5]
  .far_func.text     ro code  0x013cef     0xc  xprintffull.o [5]
  .far_func.text     ro code  0x013cfb     0xc  xlog.o [5]
  .far_func.text     ro code  0x013d07     0xc  switch.o [5]
  .far_func.text     ro code  0x013d13     0xb  aes.o [1]
  .far_func.text     ro code  0x013d1e     0xb  board.o [1]
  .far_func.text     ro code  0x013d29     0xb  gpio-board.o [1]
  .far_func.text     ro code  0x013d34     0xb  LoRaMac.o [1]
  .far_func.text     ro code  0x013d3f     0xb  LoRaMac.o [1]
  .far_func.text     ro code  0x013d4a     0xb  LoRaMac.o [1]
  .far_func.text     ro code  0x013d55     0xb  LoRaMac.o [1]
  .far_func.text     ro code  0x013d60     0xb  radio.o [1]
  .far_func.text     ro code  0x013d6b     0xb  radio.o [1]
  .far_func.text     ro code  0x013d76     0xb  radio.o [1]
  .far_func.text     ro code  0x013d81     0xb  radio.o [1]
  .far_func.text     ro code  0x013d8c     0xb  Region.o [1]
  .far_func.text     ro code  0x013d97     0xb  RegionCN470.o [1]
  .far_func.text     ro code  0x013da2     0xb  RegionCN470.o [1]
  .far_func.text     ro code  0x013dad     0xb  RegionCN470.o [1]
  .far_func.text     ro code  0x013db8     0xb  RegionCommon.o [1]
  .far_func.text     ro code  0x013dc3     0xb  stm8l15x_exti.o [1]
  .far_func.text     ro code  0x013dce     0xb  stm8l15x_flash.o [1]
  .far_func.text     ro code  0x013dd9     0xb  stm8l15x_rtc.o [1]
  .far_func.text     ro code  0x013de4     0xb  sx1262-board.o [1]
  .far_func.text     ro code  0x013def     0xb  sx1262-board.o [1]
  .far_func.text     ro code  0x013dfa     0xb  sx126x.o [1]
  .far_func.text     ro code  0x013e05     0xb  timer.o [1]
  .far_func.text     ro code  0x013e10     0xb  timer.o [1]
  .far_func.text     ro code  0x013e1b     0xb  xprintffull.o [5]
  .far_func.text     ro code  0x013e26     0xb  xprintffull.o [5]
  .far_func.text     ro code  0x013e31     0xb  xprintffull.o [5]
  .far_func.text     ro code  0x013e3c     0xb  xprintffull.o [5]
  .far_func.text     ro code  0x013e47     0xb  xprintffull.o [5]
  .far_func.text     ro code  0x013e52     0xb  xprintffull.o [5]
  .far_func.text     ro code  0x013e5d     0xa  aes.o [1]
  .far_func.text     ro code  0x013e67     0xa  LoRaMac.o [1]
  .far_func.text     ro code  0x013e71     0xa  LoRaMac.o [1]
  .far_func.text     ro code  0x013e7b     0xa  LoRaMac.o [1]
  .far_func.text     ro code  0x013e85     0xa  LoRaMac.o [1]
  .far_func.text     ro code  0x013e8f     0xa  radio.o [1]
  .far_func.text     ro code  0x013e99     0xa  radio.o [1]
  .far_func.text     ro code  0x013ea3     0xa  Region.o [1]
  .far_func.text     ro code  0x013ead     0xa  Region.o [1]
  .far_func.text     ro code  0x013eb7     0xa  Region.o [1]
  .far_func.text     ro code  0x013ec1     0xa  Region.o [1]
  .far_func.text     ro code  0x013ecb     0xa  Region.o [1]
  .far_func.text     ro code  0x013ed5     0xa  Region.o [1]
  .far_func.text     ro code  0x013edf     0xa  Region.o [1]
  .far_func.text     ro code  0x013ee9     0xa  Region.o [1]
  .far_func.text     ro code  0x013ef3     0xa  Region.o [1]
  .far_func.text     ro code  0x013efd     0xa  Region.o [1]
  .far_func.text     ro code  0x013f07     0xa  Region.o [1]
  .far_func.text     ro code  0x013f11     0xa  RegionCN470.o [1]
  .far_func.text     ro code  0x013f1b     0xa  RegionCommon.o [1]
  .far_func.text     ro code  0x013f25     0xa  stm8l15x_clk.o [1]
  .far_func.text     ro code  0x013f2f     0xa  stm8l15x_rtc.o [1]
  .far_func.text     ro code  0x013f39     0xa  sx1262-board.o [1]
  .far_func.text     ro code  0x013f43     0xa  sx1262-board.o [1]
  .far_func.text     ro code  0x013f4d     0xa  sx1262-board.o [1]
  .far_func.text     ro code  0x013f57     0xa  sx126x.o [1]
  .far_func.text     ro code  0x013f61     0xa  timer.o [1]
  .far_func.text     ro code  0x013f6b     0xa  far.o [5]
  .far_func.text     ro code  0x013f75     0x9  aes.o [1]
  .far_func.text     ro code  0x013f7e     0x9  aes.o [1]
  .far_func.text     ro code  0x013f87     0x9  board.o [1]
  .far_func.text     ro code  0x013f90     0x9  LoRaMac.o [1]
  .far_func.text     ro code  0x013f99     0x9  LoRaMac.o [1]
  .far_func.text     ro code  0x013fa2     0x9  LoRaMac.o [1]
  .far_func.text     ro code  0x013fab     0x9  Region.o [1]
  .far_func.text     ro code  0x013fb4     0x9  Region.o [1]
  .far_func.text     ro code  0x013fbd     0x9  Region.o [1]
  .far_func.text     ro code  0x013fc6     0x9  Region.o [1]
  .far_func.text     ro code  0x013fcf     0x9  Region.o [1]
  .far_func.text     ro code  0x013fd8     0x9  RegionCN470.o [1]
  .far_func.text     ro code  0x013fe1     0x9  spi-board.o [1]
  .far_func.text     ro code  0x013fea     0x9  stm8l15x_rtc.o [1]
  .far_func.text     ro code  0x013ff3     0x9  stm8l15x_rtc.o [1]
  .far_func.text     ro code  0x013ffc     0x9  stm8l15x_rtc.o [1]
  .far_func.text     ro code  0x014005     0x9  sx1262-board.o [1]
  .far_func.text     ro code  0x01400e     0x9  sx1262-board.o [1]
  .far_func.text     ro code  0x014017     0x9  sx1262-board.o [1]
  .far_func.text     ro code  0x014020     0x9  sx1262-board.o [1]
  .far_func.text     ro code  0x014029     0x9  sx1262-board.o [1]
  .far_func.text     ro code  0x014032     0x9  sx1262-board.o [1]
  .far_func.text     ro code  0x01403b     0x9  sx126x.o [1]
  .far_func.text     ro code  0x014044     0x9  sx126x.o [1]
  .far_func.text     ro code  0x01404d     0x9  sx126x.o [1]
  .far_func.text     ro code  0x014056     0x9  sx126x.o [1]
  .far_func.text     ro code  0x01405f     0x9  xprintffull.o [5]
  .far_func.text     ro code  0x014068     0x9  xprintffull.o [5]
  .far_func.text     ro code  0x014071     0x8  aes.o [1]
  .far_func.text     ro code  0x014079     0x8  aes.o [1]
  .far_func.text     ro code  0x014081     0x8  board.o [1]
  .far_func.text     ro code  0x014089     0x8  LoRaMac.o [1]
  .far_func.text     ro code  0x014091     0x8  LoRaMac.o [1]
  .far_func.text     ro code  0x014099     0x8  LoRaMac.o [1]
  .far_func.text     ro code  0x0140a1     0x8  LoRaMac.o [1]
  .far_func.text     ro code  0x0140a9     0x8  LoRaMac.o [1]
  .far_func.text     ro code  0x0140b1     0x8  LoRaMac.o [1]
  .far_func.text     ro code  0x0140b9     0x8  LoRaMac.o [1]
  .far_func.text     ro code  0x0140c1     0x8  main.o [1]
  .far_func.text     ro code  0x0140c9     0x8  radio.o [1]
  .far_func.text     ro code  0x0140d1     0x8  radio.o [1]
  .far_func.text     ro code  0x0140d9     0x8  radio.o [1]
  .far_func.text     ro code  0x0140e1     0x8  RegionCN470.o [1]
  .far_func.text     ro code  0x0140e9     0x8  RegionCN470.o [1]
  .far_func.text     ro code  0x0140f1     0x8  RegionCN470.o [1]
  .far_func.text     ro code  0x0140f9     0x8  RegionCommon.o [1]
  .far_func.text     ro code  0x014101     0x8  spi-board.o [1]
  .far_func.text     ro code  0x014109     0x8  stm8l15x_rtc.o [1]
  .far_func.text     ro code  0x014111     0x8  stm8l15x_rtc.o [1]
  .far_func.text     ro code  0x014119     0x8  stm8l15x_rtc.o [1]
  .far_func.text     ro code  0x014121     0x8  sx1262-board.o [1]
  .far_func.text     ro code  0x014129     0x8  sx126x.o [1]
  .far_func.text     ro code  0x014131     0x8  timer.o [1]
  .far_func.text     ro code  0x014139     0x8  xprintffull.o [5]
  .far_func.text     ro code  0x014141     0x7  aes.o [1]
  .far_func.text     ro code  0x014148     0x7  aes.o [1]
  .far_func.text     ro code  0x01414f     0x7  LoRaMac.o [1]
  .far_func.text     ro code  0x014156     0x7  LoRaMac.o [1]
  .far_func.text     ro code  0x01415d     0x7  LoRaMac.o [1]
  .far_func.text     ro code  0x014164     0x7  radio.o [1]
  .far_func.text     ro code  0x01416b     0x7  radio.o [1]
  .far_func.text     ro code  0x014172     0x7  stm8l15x_gpio.o [1]
  .far_func.text     ro code  0x014179     0x7  stm8l15x_it.o [1]
  .far_func.text     ro code  0x014180     0x7  sx126x.o [1]
  .far_func.text     ro code  0x014187     0x7  sx126x.o [1]
  .far_func.text     ro code  0x01418e     0x7  sx126x.o [1]
  .far_func.text     ro code  0x014195     0x7  timer.o [1]
  .far_func.text     ro code  0x01419c     0x7  utilities.o [1]
  .far_func.text     ro code  0x0141a3     0x7  xprintffull.o [5]
  .far_func.text     ro code  0x0141aa     0x6  aes.o [1]
  .far_func.text     ro code  0x0141b0     0x6  aes.o [1]
  .far_func.text     ro code  0x0141b6     0x6  LoRaMac.o [1]
  .far_func.text     ro code  0x0141bc     0x6  LoRaMac.o [1]
  .far_func.text     ro code  0x0141c2     0x6  radio.o [1]
  .far_func.text     ro code  0x0141c8     0x6  stm8l15x_rtc.o [1]
  .far_func.text     ro code  0x0141ce     0x6  sx1262-board.o [1]
  .far_func.text     ro code  0x0141d4     0x6  cexit.o [5]
  .far_func.text     ro code  0x0141da     0x5  board.o [1]
  .far_func.text     ro code  0x0141df     0x5  LoRaMac.o [1]
  .far_func.text     ro code  0x0141e4     0x5  main.o [1]
  .far_func.text     ro code  0x0141e9     0x5  main.o [1]
  .far_func.text     ro code  0x0141ee     0x5  radio.o [1]
  .far_func.text     ro code  0x0141f3     0x5  radio.o [1]
  .far_func.text     ro code  0x0141f8     0x5  radio.o [1]
  .far_func.text     ro code  0x0141fd     0x5  stm8l15x_spi.o [1]
  .far_func.text     ro code  0x014202     0x5  stm8l15x_spi.o [1]
  .far_func.text     ro code  0x014207     0x5  sx1262-board.o [1]
  .far_func.text     ro code  0x01420c     0x4  delay.o [1]
  .far_func.text     ro code  0x014210     0x4  gpio.o [1]
  .far_func.text     ro code  0x014214     0x4  gpio.o [1]
  .far_func.text     ro code  0x014218     0x4  gpio.o [1]
  .far_func.text     ro code  0x01421c     0x4  gpio.o [1]
  .far_func.text     ro code  0x014220     0x4  radio.o [1]
  .far_func.text     ro code  0x014224     0x4  radio.o [1]
  .far_func.text     ro code  0x014228     0x4  radio.o [1]
  .far_func.text     ro code  0x01422c     0x4  radio.o [1]
  .far_func.text     ro code  0x014230     0x4  stm8l15x_clk.o [1]
  .far_func.text     ro code  0x014234     0x4  stm8l15x_flash.o [1]
  .far_func.text     ro code  0x014238     0x4  sx126x.o [1]
  .far_func.text     ro code  0x01423c     0x4  sx126x.o [1]
  .far_func.text     ro code  0x014240     0x4  sx126x.o [1]
  .far_func.text     ro code  0x014244     0x4  timer.o [1]
  .far_func.text     ro code  0x014248     0x4  timer.o [1]
  .far_func.text     ro code  0x01424c     0x4  exit.o [5]
  .far_func.text     ro code  0x014250     0x3  board.o [1]
  .far_func.text     ro code  0x014253     0x3  radio.o [1]
  .far_func.text     ro code  0x014256     0x3  RegionCN470.o [1]
  .far_func.text     ro code  0x014259     0x3  stm8l15x_usart.o [1]
  .far_func.text     ro code  0x01425c     0x3  sx1262-board.o [1]
  .far_func.text     ro code  0x01425f     0x3  low_level_init.o [5]
  .far_func.text     ro code  0x014262     0x3  unhandled_exception.o [5]
  .far_func.text     ro code  0x014265     0x2  board.o [1]
  .far_func.text     ro code  0x014267     0x2  board.o [1]
  .far_func.text     ro code  0x014269     0x2  board.o [1]
  .far_func.text     ro code  0x01426b     0x2  RegionCN470.o [1]
  .far_func.text     ro code  0x01426d     0x2  RegionCN470.o [1]
  .far_func.text     ro code  0x01426f     0x1  board.o [1]
  .far_func.text     ro code  0x014270     0x1  RegionCN470.o [1]
  .far_func.text     ro code  0x014271     0x1  stm8l15x_it.o [1]
  .far_func.text     ro code  0x014272     0x1  stm8l15x_it.o [1]
  .far_func.text     ro code  0x014273     0x1  stm8l15x_it.o [1]
  .far_func.text     ro code  0x014274     0x1  stm8l15x_it.o [1]
  .far_func.text     ro code  0x014275     0x1  stm8l15x_it.o [1]
  .far_func.text     ro code  0x014276     0x1  stm8l15x_it.o [1]
  .far_func.text     ro code  0x014277     0x1  stm8l15x_it.o [1]
  .far_func.text     ro code  0x014278     0x1  stm8l15x_it.o [1]
  .far_func.text     ro code  0x014279     0x1  stm8l15x_it.o [1]
  .far_func.text     ro code  0x01427a     0x1  stm8l15x_it.o [1]
  .far_func.text     ro code  0x01427b     0x1  stm8l15x_it.o [1]
  .far_func.text     ro code  0x01427c     0x1  stm8l15x_it.o [1]
  .far_func.text     ro code  0x01427d     0x1  stm8l15x_it.o [1]
  .far_func.text     ro code  0x01427e     0x1  stm8l15x_it.o [1]
  .far_func.text     ro code  0x01427f     0x1  stm8l15x_it.o [1]
  .far_func.text     ro code  0x014280     0x1  stm8l15x_it.o [1]
  .far_func.text     ro code  0x014281     0x1  stm8l15x_it.o [1]
  .far_func.text     ro code  0x014282     0x1  stm8l15x_it.o [1]
  .far_func.text     ro code  0x014283     0x1  stm8l15x_it.o [1]
  .far_func.text     ro code  0x014284     0x1  stm8l15x_it.o [1]
  .far_func.text     ro code  0x014285     0x1  stm8l15x_it.o [1]
  .far_func.text     ro code  0x014286     0x1  stm8l15x_it.o [1]
  .far_func.text     ro code  0x014287     0x1  __dbg_break.o [4]
                            - 0x014288  0x4288


*******************************************************************************
*** INIT TABLE
***

          Address   Size
          -------   ----
Zero (__iar_zero_init2)
    1 destination range, total size 0x92d:
          0x0000d7  0x92d

Copy (__iar_copy_init2)
    1 source range, total size 0xc7:
          0x008380   0xc7
    1 destination range, total size 0xc7:
          0x000010   0xc7



*******************************************************************************
*** MODULE SUMMARY
***

    Module                 ro code  ro data  rw data
    ------                 -------  -------  -------
D:\lora_asr6505_pingpong\RenYu_ASR6505\Projects\ClassA\EWSTM8\Debug\Obj: [1]
    LoRaMac.o                9 785       19    1 157
    LoRaMacCrypto.o            807       32      582
    Region.o                   243        4
    RegionCN470.o            2 641      229       39
    RegionCommon.o           1 382
    aes.o                    1 899      768
    board.o                    623        7       20
    cmac.o                     818
    delay-board.o               54
    delay.o                      4
    gpio-board.o               659                48
    gpio.o                      16
    main.o                     960      220      107
    radio.o                  2 674      284      513
    spi-board.o                629                11
    stm8l15x_clk.o             314        5
    stm8l15x_exti.o            201
    stm8l15x_flash.o            56
    stm8l15x_gpio.o            146
    stm8l15x_it.o              284
    stm8l15x_pwr.o              13
    stm8l15x_rtc.o           1 436
    stm8l15x_spi.o             115
    stm8l15x_syscfg.o           73
    stm8l15x_usart.o           213
    sx1262-board.o             918                10
    sx126x.o                 1 951       17        7
    timer.o                    881                 3
    utilities.o                206        4        4
    ------------------------------------------------
    Total:                  30 001    1 589    2 501

command line: [2]
    ------------------------------------------------
    Total:

asrlib.a: [3]
    rtc-board.o              1 996       40       45
    ------------------------------------------------
    Total:                   1 996       40       45

dbgstm8mmd.a: [4]
    __dbg_break.o                1
    __dbg_xxexit.o              22
    ------------------------------------------------
    Total:                      23

dlstm8mmn.a: [5]
    ceil.o                      70
    cexit.o                      6
    char.o                      12
    cstartup.o                  23
    dc_util.o                   88
    div.o                       52
    errno.o                                        2
    exit.o                       4
    far.o                       10
    far_util.o                  94
    float.o                  1 293
    float_libsup.o             386
    floor.o                     70
    init.o                      30
    init_small.o                70
    interrupt.o                         128
    long.o                     631
    long_util.o                212
    low_level_init.o             3
    memchr.o                    33
    memcpy.o                    32
    memset.o                    22
    move.o                      37
    pow.o                      884
    printf.o                    36
    short.o                     94
    strchr.o                    21
    strlen.o                    13
    switch.o                    12
    unhandled_exception.o        3
    vreg_util.o                564
    vregs.o                                       16
    xdint.o                    201
    xexp.o                     619
    xlog.o                      49
    xprintffull.o            4 087       85
    xprout.o                    31
    ------------------------------------------------
    Total:                   9 792      213       18

    Linker created                       20      256
----------------------------------------------------
    Grand Total:            41 812    1 862    2 820


*******************************************************************************
*** ENTRY LIST
***

Entry                    Address   Size  Type      Object
-----                    -------   ----  ----      ------
.iar.init_table$$Base   0x0085d5          --   Gb  - Linker created -
.iar.init_table$$Limit  0x0085e9          --   Gb  - Linker created -
?add32_l0_l0_0x         0x00bc09         Code  Gb  long.o [5]
?add32_l0_l0_l1         0x00bc06         Code  Gb  long.o [5]
?and32_l0_l0_0x         0x00bdbe         Code  Gb  long.o [5]
?and32_l0_l0_l1         0x00bdbb         Code  Gb  long.o [5]
?b0                     0x000000         Data  Gb  vregs.o [5]
?b1                     0x000001         Data  Gb  vregs.o [5]
?b10                    0x00000a         Data  Gb  vregs.o [5]
?b11                    0x00000b         Data  Gb  vregs.o [5]
?b12                    0x00000c         Data  Gb  vregs.o [5]
?b13                    0x00000d         Data  Gb  vregs.o [5]
?b14                    0x00000e         Data  Gb  vregs.o [5]
?b15                    0x00000f         Data  Gb  vregs.o [5]
?b2                     0x000002         Data  Gb  vregs.o [5]
?b3                     0x000003         Data  Gb  vregs.o [5]
?b4                     0x000004         Data  Gb  vregs.o [5]
?b5                     0x000005         Data  Gb  vregs.o [5]
?b6                     0x000006         Data  Gb  vregs.o [5]
?b7                     0x000007         Data  Gb  vregs.o [5]
?b8                     0x000008         Data  Gb  vregs.o [5]
?b9                     0x000009         Data  Gb  vregs.o [5]
?dc32_l0                0x011f77         Code  Gb  dc_util.o [5]
?dc32_l1                0x011fa3         Code  Gb  dc_util.o [5]
?dec32_0x_0x            0x00bbf2         Code  Gb  long.o [5]
?dec32_l0_l0            0x00bbed         Code  Gb  long.o [5]
?e0                     0x000001         Data  Gb  vregs.o [5]
?e1                     0x000005         Data  Gb  vregs.o [5]
?e2                     0x000009         Data  Gb  vregs.o [5]
?e3                     0x00000d         Data  Gb  vregs.o [5]
?epilogue_l2            0x00c3fe         Code  Gb  vreg_util.o [5]
?epilogue_l2_l3         0x00c3fa         Code  Gb  vreg_util.o [5]
?epilogue_l2_w6         0x00c403         Code  Gb  vreg_util.o [5]
?epilogue_w4            0x00c40c         Code  Gb  vreg_util.o [5]
?fadd32_l0_l0_dc32      0x00a344         Code  Gb  float.o [5]
?fadd32_l0_l0_l1        0x00a34a         Code  Gb  float.o [5]
?fcastf32s16_l0_x       0x00a612         Code  Gb  float.o [5]
?fcastf32s32_l0_l0      0x00a6e6         Code  Gb  float.o [5]
?fcastf32u16_l0_x       0x00a619         Code  Gb  float.o [5]
?fcastf32u32_l0_l0      0x00a6f2         Code  Gb  float.o [5]
?fcasts16f32_x_l0       0x00a637         Code  Gb  float.o [5]
?fcasts32f32_l0_l0      0x00a683         Code  Gb  float.o [5]
?fcastu32f32_l0_l0      0x00a66c         Code  Gb  float.o [5]
?fcmpeq32_c_0x_fzero    0x00a576         Code  Gb  float.o [5]
?fcmpeq32_c_l0_0x       0x00a585         Code  Gb  float.o [5]
?fcmpeq32_c_l0_dc32     0x00a57e         Code  Gb  float.o [5]
?fcmpeq32_c_l0_fzero    0x00a573         Code  Gb  float.o [5]
?fcmpeq32_c_l0_l1       0x00a582         Code  Gb  float.o [5]
?fcmpge32_c_l0_0x       0x00a5b1         Code  Gb  float.o [5]
?fcmpge32_c_l0_dc32     0x00a5aa         Code  Gb  float.o [5]
?fcmpge32_c_l0_l1       0x00a5ae         Code  Gb  float.o [5]
?fcmplt32_c_l0_0x       0x00a5bc         Code  Gb  float.o [5]
?fcmplt32_c_l0_dc32     0x00a5b5         Code  Gb  float.o [5]
?fcmplt32_c_l0_l1       0x00a5b9         Code  Gb  float.o [5]
?fdiv32_l0_dc32_l1      0x00a4b9         Code  Gb  float.o [5]
?fdiv32_l0_l0_dc32      0x00a4bf         Code  Gb  float.o [5]
?fdiv32_l0_l0_l1        0x00a4c5         Code  Gb  float.o [5]
?fmul32_l0_l0_dc32      0x00a418         Code  Gb  float.o [5]
?fmul32_l0_l0_l1        0x00a41e         Code  Gb  float.o [5]
?fsub32_l0_l0_l1        0x00a33e         Code  Gb  float.o [5]
?inc32_0x_0x            0x00bbdf         Code  Gb  long.o [5]
?inc32_l0_l0            0x00bbd5         Code  Gb  long.o [5]
?inc32_l3_l3            0x00bbda         Code  Gb  long.o [5]
?l0                     0x000000         Data  Gb  vregs.o [5]
?l1                     0x000004         Data  Gb  vregs.o [5]
?l2                     0x000008         Data  Gb  vregs.o [5]
?l3                     0x00000c         Data  Gb  vregs.o [5]
?load24_0x_e0           0x011d32         Code  Gb  far_util.o [5]
?load24_0x_e2           0x011d40         Code  Gb  far_util.o [5]
?load24_e0_0x           0x011cf0         Code  Gb  far_util.o [5]
?load24_e1_0x           0x011cfe         Code  Gb  far_util.o [5]
?load24_e2_0x           0x011d0c         Code  Gb  far_util.o [5]
?load24_e3_0x           0x011d1a         Code  Gb  far_util.o [5]
?load24_xsp_e0          0x011d28         Code  Gb  far_util.o [5]
?load32_0x_l0           0x010530         Code  Gb  long_util.o [5]
?load32_0x_l1           0x01053e         Code  Gb  long_util.o [5]
?load32_0x_l2           0x010556         Code  Gb  long_util.o [5]
?load32_0x_l3           0x01056e         Code  Gb  long_util.o [5]
?load32_l0_0x           0x0104c2         Code  Gb  long_util.o [5]
?load32_l0_asp          0x0104b6         Code  Gb  long_util.o [5]
?load32_l0_dbsp         0x0104a8         Code  Gb  long_util.o [5]
?load32_l0_xsp          0x0104b8         Code  Gb  long_util.o [5]
?load32_l1_0x           0x0104e8         Code  Gb  long_util.o [5]
?load32_l1_asp          0x0104dc         Code  Gb  long_util.o [5]
?load32_l1_dbsp         0x0104ce         Code  Gb  long_util.o [5]
?load32_l1_xsp          0x0104de         Code  Gb  long_util.o [5]
?load32_l2_0x           0x01050e         Code  Gb  long_util.o [5]
?load32_l2_asp          0x010502         Code  Gb  long_util.o [5]
?load32_l2_dbsp         0x0104f4         Code  Gb  long_util.o [5]
?load32_l2_xsp          0x010504         Code  Gb  long_util.o [5]
?load32_l3_0x           0x01051a         Code  Gb  long_util.o [5]
?load32_xsp_l0          0x010526         Code  Gb  long_util.o [5]
?load32_xsp_l2          0x01054c         Code  Gb  long_util.o [5]
?load32_xsp_l3          0x010564         Code  Gb  long_util.o [5]
?longfarg16_v_w0_a      0x012ff6         Code  Gb  move.o [5]
?longfarg16_v_w0_x      0x012ff8         Code  Gb  move.o [5]
?mov_e0_e1              0x00c499         Code  Gb  vreg_util.o [5]
?mov_e0_e2              0x00c4a6         Code  Gb  vreg_util.o [5]
?mov_e0_e3              0x00c4b3         Code  Gb  vreg_util.o [5]
?mov_e1_e0              0x00c4c0         Code  Gb  vreg_util.o [5]
?mov_e1_e2              0x00c4cd         Code  Gb  vreg_util.o [5]
?mov_e1_e3              0x00c4da         Code  Gb  vreg_util.o [5]
?mov_e2_e0              0x00c4e7         Code  Gb  vreg_util.o [5]
?mov_e2_e1              0x00c4f4         Code  Gb  vreg_util.o [5]
?mov_e3_e0              0x00c501         Code  Gb  vreg_util.o [5]
?mov_e3_e1              0x00c50e         Code  Gb  vreg_util.o [5]
?mov_e3_e2              0x00c51b         Code  Gb  vreg_util.o [5]
?mov_l0_l1              0x00c496         Code  Gb  vreg_util.o [5]
?mov_l0_l2              0x00c4a3         Code  Gb  vreg_util.o [5]
?mov_l0_l3              0x00c4b0         Code  Gb  vreg_util.o [5]
?mov_l1_l0              0x00c4bd         Code  Gb  vreg_util.o [5]
?mov_l1_l2              0x00c4ca         Code  Gb  vreg_util.o [5]
?mov_l1_l3              0x00c4d7         Code  Gb  vreg_util.o [5]
?mov_l2_l0              0x00c4e4         Code  Gb  vreg_util.o [5]
?mov_l2_l1              0x00c4f1         Code  Gb  vreg_util.o [5]
?mov_l3_l0              0x00c4fe         Code  Gb  vreg_util.o [5]
?mov_l3_l1              0x00c50b         Code  Gb  vreg_util.o [5]
?mov_l3_l2              0x00c518         Code  Gb  vreg_util.o [5]
?mov_w0_w2              0x00c411         Code  Gb  vreg_util.o [5]
?mov_w0_w3              0x00c418         Code  Gb  vreg_util.o [5]
?mov_w0_w4              0x00c41f         Code  Gb  vreg_util.o [5]
?mov_w0_w5              0x00c426         Code  Gb  vreg_util.o [5]
?mov_w0_w6              0x00c42d         Code  Gb  vreg_util.o [5]
?mov_w0_w7              0x00c434         Code  Gb  vreg_util.o [5]
?mov_w1_w0              0x00c43b         Code  Gb  vreg_util.o [5]
?mov_w1_w3              0x00c49c         Code  Gb  vreg_util.o [5]
?mov_w1_w5              0x00c4a9         Code  Gb  vreg_util.o [5]
?mov_w1_w7              0x00c4b6         Code  Gb  vreg_util.o [5]
?mov_w2_w0              0x00c442         Code  Gb  vreg_util.o [5]
?mov_w2_w1              0x00c449         Code  Gb  vreg_util.o [5]
?mov_w3_w1              0x00c4c3         Code  Gb  vreg_util.o [5]
?mov_w3_w5              0x00c4d0         Code  Gb  vreg_util.o [5]
?mov_w3_w7              0x00c4dd         Code  Gb  vreg_util.o [5]
?mov_w4_w0              0x00c450         Code  Gb  vreg_util.o [5]
?mov_w4_w1              0x00c457         Code  Gb  vreg_util.o [5]
?mov_w4_w6              0x00c45e         Code  Gb  vreg_util.o [5]
?mov_w5_w0              0x00c465         Code  Gb  vreg_util.o [5]
?mov_w5_w1              0x00c4ea         Code  Gb  vreg_util.o [5]
?mov_w5_w3              0x00c4f7         Code  Gb  vreg_util.o [5]
?mov_w5_w6              0x00c46c         Code  Gb  vreg_util.o [5]
?mov_w6_w0              0x00c473         Code  Gb  vreg_util.o [5]
?mov_w6_w4              0x00c47a         Code  Gb  vreg_util.o [5]
?mov_w7_w0              0x00c481         Code  Gb  vreg_util.o [5]
?mov_w7_w1              0x00c504         Code  Gb  vreg_util.o [5]
?mov_w7_w2              0x00c488         Code  Gb  vreg_util.o [5]
?mov_w7_w3              0x00c511         Code  Gb  vreg_util.o [5]
?mov_w7_w5              0x00c51e         Code  Gb  vreg_util.o [5]
?mov_w7_w6              0x00c48f         Code  Gb  vreg_util.o [5]
?move1616_v_x_y_a       0x012fe9         Code  Gb  move.o [5]
?mul16_x_x_w0           0x011d4e         Code  Gb  short.o [5]
?mul32_l0_l0_0x         0x00bc3c         Code  Gb  long.o [5]
?mul32_l0_l0_l1         0x00bc45         Code  Gb  long.o [5]
?neg32_l0_l0            0x00bbc5         Code  Gb  long.o [5]
?or32_l0_l0_0x          0x00bdd9         Code  Gb  long.o [5]
?or32_l0_l0_l1          0x00bdd6         Code  Gb  long.o [5]
?pop_e2                 0x00c36f         Code  Gb  vreg_util.o [5]
?pop_l0                 0x00c3c2         Code  Gb  vreg_util.o [5]
?pop_l1                 0x00c3cd         Code  Gb  vreg_util.o [5]
?pop_l2                 0x00c3d8         Code  Gb  vreg_util.o [5]
?pop_l3                 0x00c3e3         Code  Gb  vreg_util.o [5]
?pop_w4                 0x00c32b         Code  Gb  vreg_util.o [5]
?pop_w5                 0x00c332         Code  Gb  vreg_util.o [5]
?pop_w6                 0x00c339         Code  Gb  vreg_util.o [5]
?pop_w7                 0x00c340         Code  Gb  vreg_util.o [5]
?push_e2                0x00c353         Code  Gb  vreg_util.o [5]
?push_l0                0x00c38d         Code  Gb  vreg_util.o [5]
?push_l1                0x00c392         Code  Gb  vreg_util.o [5]
?push_l2                0x00c397         Code  Gb  vreg_util.o [5]
?push_l3                0x00c39c         Code  Gb  vreg_util.o [5]
?push_w0                0x00c2f1         Code  Gb  vreg_util.o [5]
?push_w1                0x00c2f6         Code  Gb  vreg_util.o [5]
?push_w2                0x00c2fb         Code  Gb  vreg_util.o [5]
?push_w4                0x00c300         Code  Gb  vreg_util.o [5]
?push_w5                0x00c305         Code  Gb  vreg_util.o [5]
?push_w6                0x00c30a         Code  Gb  vreg_util.o [5]
?push_w7                0x00c30f         Code  Gb  vreg_util.o [5]
?scmp32_c_l0_l1         0x00bda4         Code  Gb  long.o [5]
?sdiv16_x_x_y           0x011d6c         Code  Gb  short.o [5]
?sdiv32_l0_l0_dl        0x00bd3a         Code  Gb  long.o [5]
?sdiv32_l0_l0_l1        0x00bd3e         Code  Gb  long.o [5]
?sext16_x_a             0x011da5         Code  Gb  short.o [5]
?sext32_l0_a            0x00be2f         Code  Gb  long.o [5]
?sext32_l0_x            0x00be24         Code  Gb  long.o [5]
?sll16_x_x_a            0x011d95         Code  Gb  short.o [5]
?sll32_0x_0x_a          0x00bdf4         Code  Gb  long.o [5]
?sll32_l0_l0_a          0x00bdf1         Code  Gb  long.o [5]
?sll8_a_a_5             0x013ce4         Code  Gb  char.o [5]
?sll8_a_a_6             0x013ce3         Code  Gb  char.o [5]
?smod16_y_x_y           0x011d85         Code  Gb  short.o [5]
?smod32_l1_l0_l1        0x00bd3e         Code  Gb  long.o [5]
?sra32_0x_0x_a          0x00be16         Code  Gb  long.o [5]
?sra32_l0_l0_a          0x00be13         Code  Gb  long.o [5]
?srl16_x_x_a            0x011d9d         Code  Gb  short.o [5]
?srl32_0x_0x_a          0x00be05         Code  Gb  long.o [5]
?srl32_l0_l0_a          0x00be02         Code  Gb  long.o [5]
?srl8_a_a_5             0x013cea         Code  Gb  char.o [5]
?srl8_a_a_6             0x013ce9         Code  Gb  char.o [5]
?sub32_l0_l0_0x         0x00bc24         Code  Gb  long.o [5]
?sub32_l0_l0_l1         0x00bc21         Code  Gb  long.o [5]
?switch8vlt_0x_a_0x     0x013d07         Code  Gb  switch.o [5]
?ucmp24_c_0x_e0         0x013f6b         Code  Gb  far.o [5]
?ucmp32_c_l0_0x         0x00bd89         Code  Gb  long.o [5]
?ucmp32_c_l0_l1         0x00bd99         Code  Gb  long.o [5]
?udiv32_l0_l0_dl        0x00bcc9         Code  Gb  long.o [5]
?udiv32_l0_l0_l1        0x00bccd         Code  Gb  long.o [5]
?umod32_l1_l0_dl        0x00bcc3         Code  Gb  long.o [5]
?umod32_l1_l0_l1        0x00bccd         Code  Gb  long.o [5]
?w0                     0x000000         Data  Gb  vregs.o [5]
?w1                     0x000002         Data  Gb  vregs.o [5]
?w2                     0x000004         Data  Gb  vregs.o [5]
?w3                     0x000006         Data  Gb  vregs.o [5]
?w4                     0x000008         Data  Gb  vregs.o [5]
?w5                     0x00000a         Data  Gb  vregs.o [5]
?w6                     0x00000c         Data  Gb  vregs.o [5]
?w7                     0x00000e         Data  Gb  vregs.o [5]
ADC1_COMP_IRQHandler    0x01427b    0x1  Code  Gb  stm8l15x_it.o [1]
AES_CMAC_Final          0x00de21  0x13d  Code  Gb  cmac.o [1]
AES_CMAC_Init           0x012b3e   0x32  Code  Gb  cmac.o [1]
AES_CMAC_SetKey         0x013b9c    0xd  Code  Gb  cmac.o [1]
AES_CMAC_Update         0x00d608  0x16a  Code  Gb  cmac.o [1]
AckTimeoutRetries       0x000015    0x1  Data  Lc  LoRaMac.o [1]
AckTimeoutRetriesCounter
                        0x000016    0x1  Data  Lc  LoRaMac.o [1]
AckTimeoutRetry         0x0009ef    0x1  Data  Lc  LoRaMac.o [1]
AckTimeoutTimer         0x0008e9    0xe  Data  Lc  LoRaMac.o [1]
AddMacCommand           0x010a42   0xc5  Code  Lc  LoRaMac.o [1]
AdrAckCounter           0x000976    0x4  Data  Lc  LoRaMac.o [1]
AdrCtrlOn               0x0009e3    0x1  Data  Lc  LoRaMac.o [1]
AesCmacCtx              0x0000d7  0x115  Data  Lc  LoRaMacCrypto.o [1]
AesContext              0x0004e9   0xf1  Data  Lc  LoRaMacCrypto.o [1]
AggregatedDCycle        0x0009c2    0x2  Data  Lc  LoRaMac.o [1]
AggregatedLastTxDoneTime
                        0x00097a    0x4  Data  Lc  LoRaMac.o [1]
AggregatedTimeOff       0x00097e    0x4  Data  Lc  LoRaMac.o [1]
AntPow                  0x00094e    0x9  Data  Gb  sx1262-board.o [1]
AppData                 0x000884   0x10  Data  Lc  main.o [1]
AppDataSize             0x000074    0x1  Data  Lc  main.o [1]
AppEui                  0x000957    0x8  Data  Lc  main.o [1]
AppKey                  0x00003f   0x10  Data  Lc  main.o [1]
AppPort                 0x000073    0x1  Data  Lc  main.o [1]
AppSKey                 0x00005f   0x10  Data  Lc  main.o [1]
Bands                   0x0000c4    0xf  Data  Lc  RegionCN470.o [1]
Bandwidths              0x008739    0x3  Data  Gb  radio.o [1]
BandwidthsCN470         0x008625   0x18  Data  Lc  RegionCN470.o [1]
BlockLowPowerDuringTask
                        0x013765   0x16  Code  Gb  rtc-board.o [3]
BoardDeInitMcu          0x014081    0x8  Code  Gb  board.o [1]
BoardDisableIrq         0x014265    0x2  Code  Gb  board.o [1]
BoardEnableIrq          0x014267    0x2  Code  Gb  board.o [1]
BoardGetBatteryLevel    0x014269    0x2  Code  Gb  board.o [1]
BoardInitMcu            0x00e3f8  0x10e  Code  Gb  board.o [1]
BoardInitPeriph         0x01426f    0x1  Code  Gb  board.o [1]
BoardUnusedIoInit       0x01238d   0x4b  Code  Lc  board.o [1]
ByteToBcd2              0x01324f   0x1e  Code  Lc  stm8l15x_rtc.o [1]
CLK_GetClockFreq        0x0128f3   0x39  Code  Gb  stm8l15x_clk.o [1]
CLK_GetFlagStatus       0x011773   0x81  Code  Gb  stm8l15x_clk.o [1]
CLK_LSEConfig           0x0138dc   0x13  Code  Gb  stm8l15x_clk.o [1]
CLK_PeripheralClockConfig
                        0x011c91   0x5f  Code  Gb  stm8l15x_clk.o [1]
CLK_RTCClockConfig      0x013f25    0xa  Code  Gb  stm8l15x_clk.o [1]
CLK_SYSCLKDivConfig     0x014230    0x4  Code  Gb  stm8l15x_clk.o [1]
COMDeInit               0x012c94   0x2e  Code  Gb  board.o [1]
COMInit                 0x011873   0x76  Code  Gb  board.o [1]
COM_PORT                0x000012    0x2  Data  Gb  board.o [1]
COM_RX_PIN              0x008742    0x1  Data  Gb  board.o [1]
COM_TX_PIN              0x008741    0x1  Data  Gb  board.o [1]
COM_USART               0x000010    0x2  Data  Gb  board.o [1]
COM_USART_CLK           0x008740    0x1  Data  Gb  board.o [1]
CSTACK$$Base            0x000f00          --   Gb  - Linker created -
CSTACK$$Limit           0x001000          --   Gb  - Linker created -
CalculateBackOff        0x011e66   0x5c  Code  Lc  LoRaMac.o [1]
CalibrateSystemWakeupTimeTimer
                        0x0008a3    0xe  Data  Lc  board.o [1]
Channel                 0x0009ec    0x1  Data  Lc  LoRaMac.o [1]
ChannelsDefaultMask     0x00092d    0xc  Data  Lc  RegionCN470.o [1]
ChannelsMask            0x000921    0xc  Data  Lc  RegionCN470.o [1]
ChannelsNbRepCounter    0x0009e9    0x1  Data  Lc  LoRaMac.o [1]
CountNbOfEnabledChannels
                        0x011557   0x90  Code  Lc  RegionCN470.o [1]
DMA1_CHANNEL0_1_IRQHandler
                        0x014274    0x1  Code  Gb  stm8l15x_it.o [1]
DMA1_CHANNEL2_3_IRQHandler
                        0x014275    0x1  Code  Gb  stm8l15x_it.o [1]
DataratesCN470          0x0086fe    0x6  Data  Lc  RegionCN470.o [1]
DaysInMonth             0x008690    0xc  Data  Lc  rtc-board.o [3]
DaysInMonthLeapYear     0x00869c    0xc  Data  Lc  rtc-board.o [3]
DelayMs                 0x01420c    0x4  Code  Gb  delay.o [1]
DelayMsMcu              0x01299c   0x36  Code  Gb  delay-board.o [1]
DevAddr                 0x00006f    0x4  Data  Lc  main.o [1]
DevEui                  0x000037    0x8  Data  Lc  main.o [1]
DeviceState             0x0009f5    0x1  Data  Lc  main.o [1]
DownLinkCounter         0x000972    0x4  Data  Lc  LoRaMac.o [1]
DutyCycleOn             0x0009eb    0x1  Data  Lc  LoRaMac.o [1]
EXTI0_IRQHandler        0x013537   0x1b  Code  Gb  stm8l15x_it.o [1]
EXTI1_IRQHandler        0x0133b1   0x1c  Code  Gb  stm8l15x_it.o [1]
EXTI2_IRQHandler        0x0133cd   0x1c  Code  Gb  stm8l15x_it.o [1]
EXTI3_IRQHandler        0x0133e9   0x1c  Code  Gb  stm8l15x_it.o [1]
EXTI4_IRQHandler        0x013405   0x1c  Code  Gb  stm8l15x_it.o [1]
EXTI5_IRQHandler        0x013421   0x1c  Code  Gb  stm8l15x_it.o [1]
EXTI6_IRQHandler        0x01343d   0x1c  Code  Gb  stm8l15x_it.o [1]
EXTI7_IRQHandler        0x013459   0x1c  Code  Gb  stm8l15x_it.o [1]
EXTIB_IRQHandler        0x014277    0x1  Code  Gb  stm8l15x_it.o [1]
EXTID_IRQHandler        0x014278    0x1  Code  Gb  stm8l15x_it.o [1]
EXTIE_F_PVD_IRQHandler  0x014276    0x1  Code  Gb  stm8l15x_it.o [1]
EXTI_ClearITPendingBit  0x013b56    0xe  Code  Gb  stm8l15x_exti.o [1]
EXTI_GetITStatus        0x013b48    0xe  Code  Gb  stm8l15x_exti.o [1]
EXTI_SetPinSensitivity  0x01108d   0xa2  Code  Gb  stm8l15x_exti.o [1]
FLASH_IRQHandler        0x014273    0x1  Code  Gb  stm8l15x_it.o [1]
FLASH_Lock              0x013dce    0xb  Code  Gb  stm8l15x_flash.o [1]
FLASH_ProgramByte       0x014234    0x4  Code  Gb  stm8l15x_flash.o [1]
FLASH_SetProgrammingTime
                        0x013ac6    0xf  Code  Gb  stm8l15x_flash.o [1]
FLASH_Unlock            0x0135a1   0x1a  Code  Gb  stm8l15x_flash.o [1]
FrequencyError          0x00099e    0x4  Data  Gb  sx126x.o [1]
FskBandwidths           0x008447   0x6e  Data  Gb  radio.o [1]
GPIO_ExternalPullUpConfig
                        0x0137fb   0x15  Code  Gb  stm8l15x_gpio.o [1]
GPIO_Init               0x011aab   0x64  Code  Gb  stm8l15x_gpio.o [1]
GPIO_ReadInputDataBit   0x014172    0x7  Code  Gb  stm8l15x_gpio.o [1]
GPIO_WriteBit           0x01395f   0x12  Code  Gb  stm8l15x_gpio.o [1]
GetBoardPowerSource     0x014250    0x3  Code  Gb  board.o [1]
GpioInit                0x014210    0x4  Code  Gb  gpio.o [1]
GpioIrq                 0x00075a   0x30  Data  Lc  gpio-board.o [1]
GpioMcuInit             0x00e1c1  0x11f  Code  Gb  gpio-board.o [1]
[...]
RegionCN470InitDefaults
                        0x012dff   0x2b  Code  Gb  RegionCN470.o [1]
RegionCN470LinkAdrReq   0x00d8dc  0x169  Code  Gb  RegionCN470.o [1]
RegionCN470NewChannelReq
                        0x01426b    0x2  Code  Gb  RegionCN470.o [1]
RegionCN470NextChannel  0x00e712  0x100  Code  Gb  RegionCN470.o [1]
RegionCN470RxConfig     0x00e506  0x106  Code  Gb  RegionCN470.o [1]
RegionCN470RxParamSetupReq
                        0x0114c6   0x91  Code  Gb  RegionCN470.o [1]
RegionCN470SetBandTxDone
                        0x0138a2   0x14  Code  Gb  RegionCN470.o [1]
RegionCN470SetContinuousWave
                        0x012422   0x4a  Code  Gb  RegionCN470.o [1]
RegionCN470TxConfig     0x01057c   0xd1  Code  Gb  RegionCN470.o [1]
RegionCN470TxParamSetupReq
                        0x014256    0x3  Code  Gb  RegionCN470.o [1]
RegionCN470Verify       0x01265f   0x42  Code  Gb  RegionCN470.o [1]
RegionCalcBackOff       0x013fc6    0x9  Code  Gb  Region.o [1]
RegionChanMaskSet       0x013ea3    0xa  Code  Gb  Region.o [1]
RegionCommonCalcBackOff
                        0x010d43   0xb3  Code  Gb  RegionCommon.o [1]
RegionCommonChanMaskCopy
                        0x012c65   0x2f  Code  Gb  RegionCommon.o [1]
RegionCommonComputeRxWindowParameters
                        0x0103cb   0xdd  Code  Gb  RegionCommon.o [1]
RegionCommonComputeSymbolTimeLoRa
                        0x012ed3   0x29  Code  Gb  RegionCommon.o [1]
RegionCommonComputeTxPower
                        0x012798   0x3a  Code  Gb  RegionCommon.o [1]
RegionCommonCountChannels
                        0x011f1d   0x5a  Code  Gb  RegionCommon.o [1]
RegionCommonLinkAdrReqVerifyParams
                        0x00e60c  0x106  Code  Gb  RegionCommon.o [1]
RegionCommonParseLinkAdrReq
                        0x0119d0   0x71  Code  Gb  RegionCommon.o [1]
RegionCommonSetBandTxDone
                        0x0137e6   0x15  Code  Gb  RegionCommon.o [1]
RegionCommonUpdateBandTimeOff
                        0x00e2e0  0x118  Code  Gb  RegionCommon.o [1]
RegionCommonValueInRange
                        0x0139a4   0x11  Code  Gb  RegionCommon.o [1]
RegionComputeRxWindowParameters
                        0x013993   0x11  Code  Gb  Region.o [1]
RegionDlChannelReq      0x013ef3    0xa  Code  Gb  Region.o [1]
RegionGetPhyParam       0x013587   0x1a  Code  Gb  Region.o [1]
RegionInitDefaults      0x013d8c    0xb  Code  Gb  Region.o [1]
RegionIsActive          0x013fab    0x9  Code  Gb  Region.o [1]
RegionLinkAdrReq        0x013ecb    0xa  Code  Gb  Region.o [1]
RegionNewChannelReq     0x013edf    0xa  Code  Gb  Region.o [1]
RegionNextChannel       0x013f07    0xa  Code  Gb  Region.o [1]
RegionRxConfig          0x013eb7    0xa  Code  Gb  Region.o [1]
RegionRxParamSetupReq   0x013ed5    0xa  Code  Gb  Region.o [1]
RegionSetBandTxDone     0x013fb4    0x9  Code  Gb  Region.o [1]
RegionSetContinuousWave
                        0x013fcf    0x9  Code  Gb  Region.o [1]
RegionTxConfig          0x013ec1    0xa  Code  Gb  Region.o [1]
RegionTxParamSetupReq   0x013ee9    0xa  Code  Gb  Region.o [1]
RegionVerify            0x013ca7    0xc  Code  Gb  Region.o [1]
RepeaterSupport         0x0009df    0x1  Data  Lc  LoRaMac.o [1]
ResetMacParameters      0x008ca6   0xc6  Code  Lc  LoRaMac.o [1]
RtcAlarmSubSeconds      0x0009b2    0x4  Data  Lc  rtc-board.o [3]
RtcCalendarContext      0x000939    0xc  Data  Gb  rtc-board.o [3]
RtcComputeElapsedTime   0x011ec2   0x5b  Code  Gb  rtc-board.o [3]
RtcComputeTimerTimeToAlarmTick
                        0x00c958  0x1ca  Code  Lc  rtc-board.o [3]
RtcComputeWakeUpTime    0x011b71   0x61  Code  Lc  rtc-board.o [3]
RtcConvertCalendarTickToTimerTime
                        0x00cb22  0x1aa  Code  Lc  rtc-board.o [3]
RtcConvertMsToTick      0x010392   0x31  Code  Lc  rtc-board.o [3]
RtcConvertTickToMs      0x012bd4   0x31  Code  Lc  rtc-board.o [3]
RtcEnterLowPowerStopMode
                        0x012e55   0x2b  Code  Gb  rtc-board.o [3]
RtcGetAdjustedTimeoutValue
                        0x011b0f   0x62  Code  Gb  rtc-board.o [3]
RtcGetCalendar          0x0111d0   0x9f  Code  Lc  rtc-board.o [3]
RtcGetElapsedAlarmTime  0x0118e9   0x76  Code  Gb  rtc-board.o [3]
RtcGetTimerValue        0x0132a9   0x1e  Code  Gb  rtc-board.o [3]
RtcInit                 0x011bd2   0x60  Code  Gb  rtc-board.o [3]
RtcInitialized          0x000a01    0x1  Data  Lc  rtc-board.o [3]
RtcRecoverMcuStatus     0x013af3    0xf  Code  Gb  rtc-board.o [3]
RtcSetTimeout           0x0103c3    0x8  Code  Gb  rtc-board.o [3]
RtcStartWakeUpAlarm     0x0102e5   0xad  Code  Lc  rtc-board.o [3]
RtcTimerEventAllowsLowPower
                        0x0009ff    0x1  Data  Lc  rtc-board.o [3]
RxContinuous            0x0009f6    0x1  Data  Gb  radio.o [1]
RxSlot                  0x0009f3    0x1  Data  Lc  LoRaMac.o [1]
RxTimeout               0x00099a    0x4  Data  Gb  radio.o [1]
RxTimeoutTimer          0x000913    0xe  Data  Gb  radio.o [1]
RxWindow1Config         0x0007f7   0x14  Data  Lc  LoRaMac.o [1]
RxWindow1Delay          0x00098a    0x4  Data  Lc  LoRaMac.o [1]
RxWindow2Config         0x00080b   0x14  Data  Lc  LoRaMac.o [1]
RxWindow2Delay          0x00098e    0x4  Data  Lc  LoRaMac.o [1]
RxWindowTimer1          0x0008cd    0xe  Data  Lc  LoRaMac.o [1]
RxWindowTimer2          0x0008db    0xe  Data  Lc  LoRaMac.o [1]
SPI1_IRQHandler         0x014283    0x1  Code  Gb  stm8l15x_it.o [1]
SPI_Cmd                 0x013c11    0xd  Code  Gb  stm8l15x_spi.o [1]
SPI_DeInit              0x013608   0x19  Code  Gb  stm8l15x_spi.o [1]
SPI_GetFlagStatus       0x0138ef   0x13  Code  Gb  stm8l15x_spi.o [1]
SPI_Init                0x012c05   0x30  Code  Gb  stm8l15x_spi.o [1]
SPI_ReceiveData         0x014202    0x5  Code  Gb  stm8l15x_spi.o [1]
SPI_SendData            0x0141fd    0x5  Code  Gb  stm8l15x_spi.o [1]
SWITCH_CSS_BREAK_DAC_IRQHandler
                        0x01427a    0x1  Code  Gb  stm8l15x_it.o [1]
SX126x                  0x0006da   0x80  Data  Gb  radio.o [1]
SX126xAntSwOff          0x013ae4    0xf  Code  Gb  sx1262-board.o [1]
SX126xAntSwOn           0x0139f9   0x11  Code  Gb  sx1262-board.o [1]
SX126xCalibrateImage    0x0117f4   0x7f  Code  Gb  sx126x.o [1]
SX126xCheckDeviceReady  0x01384f   0x15  Code  Gb  sx126x.o [1]
SX126xClearIrqStatus    0x01370b   0x17  Code  Gb  sx126x.o [1]
SX126xGetBoardTcxoWakeupTime
                        0x014005    0x9  Code  Gb  sx1262-board.o [1]
SX126xGetIrqStatus      0x013378   0x1d  Code  Gb  sx126x.o [1]
SX126xGetOperatingMode  0x014238    0x4  Code  Gb  sx126x.o [1]
SX126xGetPaSelect       0x01425c    0x3  Code  Gb  sx1262-board.o [1]
SX126xGetPacketStatus   0x010fe9   0xa4  Code  Gb  sx126x.o [1]
SX126xGetPacketType     0x014240    0x4  Code  Gb  sx126x.o [1]
SX126xGetPayload        0x012077   0x52  Code  Gb  sx126x.o [1]
SX126xGetRssiInst       0x0135bb   0x1a  Code  Gb  sx126x.o [1]
SX126xInit              0x0122a6   0x4e  Code  Gb  sx126x.o [1]
SX126xIoDeInit          0x01326d   0x1e  Code  Gb  sx1262-board.o [1]
SX126xIoInit            0x012ad8   0x33  Code  Gb  sx1262-board.o [1]
SX126xIoIrqInit         0x013c2b    0xd  Code  Gb  sx1262-board.o [1]
SX126xReadBuffer        0x0129d2   0x36  Code  Gb  sx1262-board.o [1]
SX126xReadCommand       0x012846   0x3a  Code  Gb  sx1262-board.o [1]
SX126xReadRegister      0x0136c6   0x17  Code  Gb  sx1262-board.o [1]
SX126xReadRegisters     0x0120c9   0x51  Code  Gb  sx1262-board.o [1]
SX126xReset             0x012e2a   0x2b  Code  Gb  sx1262-board.o [1]
SX126xSendPayload       0x012b0b   0x33  Code  Gb  sx126x.o [1]
SX126xSetBufferBaseAddress
                        0x0136f4   0x17  Code  Gb  sx126x.o [1]
SX126xSetCad            0x013b80    0xe  Code  Gb  sx126x.o [1]
SX126xSetDioIrqParams   0x012d1e   0x2e  Code  Gb  sx126x.o [1]
SX126xSetLoRaSymbNumTimeout
                        0x013a5b   0x10  Code  Gb  sx126x.o [1]
SX126xSetModulationParams
                        0x010bcb   0xc3  Code  Gb  sx126x.o [1]
SX126xSetOperatingMode  0x01423c    0x4  Code  Gb  sx126x.o [1]
SX126xSetPacketParams   0x00dcde  0x143  Code  Gb  sx126x.o [1]
SX126xSetPacketType     0x013c45    0xd  Code  Gb  sx126x.o [1]
SX126xSetRegulatorMode  0x013a6b   0x10  Code  Gb  sx126x.o [1]
SX126xSetRfFrequency    0x01261a   0x45  Code  Gb  sx126x.o [1]
SX126xSetRfTxPower      0x014121    0x8  Code  Gb  sx1262-board.o [1]
SX126xSetRx             0x01328b   0x1e  Code  Gb  sx126x.o [1]
SX126xSetRxBoosted      0x012ba2   0x32  Code  Gb  sx126x.o [1]
SX126xSetRxDutyCycle    0x012d7a   0x2d  Code  Gb  sx126x.o [1]
SX126xSetSleep          0x0136dd   0x17  Code  Gb  sx126x.o [1]
SX126xSetStandby        0x013552   0x1b  Code  Gb  sx126x.o [1]
SX126xSetStopRxTimerOnPreambleDetect
                        0x013915   0x13  Code  Gb  sx126x.o [1]
SX126xSetSyncWord       0x013a0a   0x11  Code  Gb  sx126x.o [1]
SX126xSetTxContinuousWave
                        0x01404d    0x9  Code  Gb  sx126x.o [1]
SX126xSetTxParams       0x01064d   0xd1  Code  Gb  sx126x.o [1]
SX126xSetWhiteningSeed  0x012a3d   0x34  Code  Gb  sx126x.o [1]
SX126xWaitOnBusy        0x013def    0xb  Code  Gb  sx1262-board.o [1]
SX126xWakeup            0x01309f   0x24  Code  Gb  sx1262-board.o [1]
SX126xWriteBuffer       0x012b70   0x32  Code  Gb  sx1262-board.o [1]
SX126xWriteCommand      0x01280c   0x3a  Code  Gb  sx1262-board.o [1]
SX126xWriteRegister     0x012efc   0x29  Code  Gb  sx1262-board.o [1]
SX126xWriteRegisters    0x012c35   0x30  Code  Gb  sx1262-board.o [1]
SYSCFG_REMAPPinConfig   0x01246c   0x49  Code  Gb  stm8l15x_syscfg.o [1]
SYSDivFactor            0x008710    0x5  Data  Gb  stm8l15x_clk.o [1]
ScheduleTx              0x008746  0x16a  Code  Lc  LoRaMac.o [1]
SecondsInDay            0x00871d    0x4  Data  Lc  rtc-board.o [3]
SecondsInHour           0x00873c    0x2  Data  Lc  rtc-board.o [3]
SecondsInLeapYear       0x008721    0x4  Data  Lc  rtc-board.o [3]
SecondsInMinute         0x008744    0x1  Data  Lc  rtc-board.o [3]
SecondsInYear           0x008725    0x4  Data  Lc  rtc-board.o [3]
Send                    0x009103   0x26  Code  Gb  LoRaMac.o [1]
SendFrame               0x011dac   0x5d  Code  Lc  main.o [1]
SendFrameOnChannel      0x010df6   0xa9  Code  Gb  LoRaMac.o [1]
SetTxContinuousWave     0x009129   0x43  Code  Gb  LoRaMac.o [1]
SetTxContinuousWave1    0x00916c   0x13  Code  Gb  LoRaMac.o [1]
SpiDeInit               0x01166d   0x84  Code  Gb  spi-board.o [1]
SpiInOut                0x012341   0x4c  Code  Gb  spi-board.o [1]
SpiInit                 0x00d772  0x16a  Code  Gb  spi-board.o [1]
SpiInitialized          0x0009f8    0x1  Data  Lc  spi-board.o [1]
SrvAckRequested         0x0009e5    0x1  Data  Lc  LoRaMac.o [1]
SystemWakeupTimeCalibrated
                        0x0009db    0x1  Data  Lc  board.o [1]
TIM1_CAP_IRQHandler     0x014281    0x1  Code  Gb  stm8l15x_it.o [1]
TIM1_UPD_OVF_TRG_COM_IRQHandler
                        0x014280    0x1  Code  Gb  stm8l15x_it.o [1]
TIM2_CAP_IRQHandler     0x01427d    0x1  Code  Gb  stm8l15x_it.o [1]
TIM2_UPD_OVF_TRG_BRK_IRQHandler
                        0x01427c    0x1  Code  Gb  stm8l15x_it.o [1]
TIM3_CAP_IRQHandler     0x01427f    0x1  Code  Gb  stm8l15x_it.o [1]
TIM3_UPD_OVF_TRG_BRK_IRQHandler
                        0x01427e    0x1  Code  Gb  stm8l15x_it.o [1]
TIM4_UPD_OVF_TRG_IRQHandler
                        0x014282    0x1  Code  Gb  stm8l15x_it.o [1]
TRAP_IRQHandler         0x014272    0x1  Code  Gb  stm8l15x_it.o [1]
TimerGetCurrentTime     0x014244    0x4  Code  Gb  timer.o [1]
TimerGetElapsedTime     0x014248    0x4  Code  Gb  timer.o [1]
TimerInit               0x012dd3   0x2c  Code  Gb  timer.o [1]
TimerInsertNewHeadTimer
                        0x012880   0x3a  Code  Lc  timer.o [1]
TimerInsertTimer        0x01112f   0xa1  Code  Lc  timer.o [1]
TimerIrqHandler         0x01139c   0x96  Code  Gb  timer.o [1]
TimerListHead           0x0009d6    0x2  Data  Lc  timer.o [1]
TimerLowPowerHandler    0x012e80   0x2a  Code  Gb  timer.o [1]
TimerSetValue           0x0134e5   0x1c  Code  Gb  timer.o [1]
TimerStart              0x0115e7   0x86  Code  Gb  timer.o [1]
TimerStop               0x010c8e   0xb5  Code  Gb  timer.o [1]
TxDelayedTimer          0x0008bf    0xe  Data  Lc  LoRaMac.o [1]
TxDutyCycleTime         0x000076    0x4  Data  Lc  main.o [1]
TxNextPacketTimer       0x0008f7    0xe  Data  Lc  main.o [1]
TxTimeOnAir             0x000992    0x4  Data  Gb  LoRaMac.o [1]
TxTimeout               0x000996    0x4  Data  Gb  radio.o [1]
TxTimeoutTimer          0x000905    0xe  Data  Gb  radio.o [1]
USART1_RX_IRQHandler    0x014285    0x1  Code  Gb  stm8l15x_it.o [1]
USART1_TX_IRQHandler    0x014284    0x1  Code  Gb  stm8l15x_it.o [1]
USART_Cmd               0x013a2b   0x10  Code  Gb  stm8l15x_usart.o [1]
USART_DeInit            0x01310b   0x23  Code  Gb  stm8l15x_usart.o [1]
USART_GetFlagStatus     0x01335b   0x1d  Code  Gb  stm8l15x_usart.o [1]
USART_Init              0x0116f1   0x82  Code  Gb  stm8l15x_usart.o [1]
USART_SendData8         0x014259    0x3  Code  Gb  stm8l15x_usart.o [1]
UpLinkCounter           0x00096e    0x4  Data  Lc  LoRaMac.o [1]
WakeUpTimeInitialized   0x000a02    0x1  Data  Gb  rtc-board.o [3]
_GenldFull              0x00b11e  0x3b0  Code  Lc  xprintffull.o [5]
_LdtobFull              0x00a82d  0x47a  Code  Lc  xprintffull.o [5]
_LitobFull              0x00d31c  0x181  Code  Lc  xprintffull.o [5]
_PrintfFull             0x00aca7  0x477  Code  Gb  xprintffull.o [5]
_Prout                  0x0131f4   0x1f  Code  Gb  xprout.o [5]
_PutcharFull            0x012d4c   0x2e  Code  Lc  xprintffull.o [5]
_PutcharsFull           0x0126e0   0x3e  Code  Lc  xprintffull.o [5]
__DebugBreak            0x014287    0x1  Code  Gb  __dbg_break.o [4]
__exit                  0x013791   0x16  Code  Gb  __dbg_xxexit.o [4]
__iar_Dint              0x0108b2   0xc9  Code  Gb  xdint.o [5]
__iar_Dnorm             0x00d1ba         Code  Gb  float_libsup.o [5]
__iar_Dscale            0x00d248         Code  Gb  float_libsup.o [5]
__iar_Dtest             0x00d19a         Code  Gb  float_libsup.o [5]
__iar_Dunscale          0x00d1f6         Code  Gb  float_libsup.o [5]
__iar_Errno             0x0009d8    0x2  Data  Gb  errno.o [5]
__iar_Exp               0x00be3c  0x26b  Code  Gb  xexp.o [5]
__iar_Logpoly           0x013cfb    0xc  Code  Gb  xlog.o [5]
__iar_Memchr            0x013193   0x21  Code  Gb  memchr.o [5]
__iar_Strchr            0x013879   0x15  Code  Gb  strchr.o [5]
__iar_copy_init2        0x012f75         Code  Gb  init_small.o [5]
__iar_data_init2        0x0132e5   0x1e  Code  Gb  init.o [5]
__iar_program_start     0x013722         Code  Gb  cstartup.o [5]
__iar_unhandled_exception
                        0x014262         Code  Gb  unhandled_exception.o [5]
__iar_zero_init2        0x013303         Code  Gb  init_small.o [5]
__intvec                0x008000         Data  Gb  interrupt.o [5]
__low_level_init        0x01425f    0x3  Code  Gb  low_level_init.o [5]
_exit                   0x0141d4         Code  Gb  cexit.o [5]
_interrupt_1            0x014272         Code  Gb  stm8l15x_it.o [1]
_interrupt_10           0x013537         Code  Gb  stm8l15x_it.o [1]
_interrupt_11           0x0133b1         Code  Gb  stm8l15x_it.o [1]
_interrupt_12           0x0133cd         Code  Gb  stm8l15x_it.o [1]
_interrupt_13           0x0133e9         Code  Gb  stm8l15x_it.o [1]
_interrupt_14           0x013405         Code  Gb  stm8l15x_it.o [1]
_interrupt_15           0x013421         Code  Gb  stm8l15x_it.o [1]
_interrupt_16           0x01343d         Code  Gb  stm8l15x_it.o [1]
_interrupt_17           0x013459         Code  Gb  stm8l15x_it.o [1]
_interrupt_18           0x014279         Code  Gb  stm8l15x_it.o [1]
_interrupt_19           0x01427a         Code  Gb  stm8l15x_it.o [1]
_interrupt_2            0x014271         Code  Gb  stm8l15x_it.o [1]
_interrupt_20           0x01427b         Code  Gb  stm8l15x_it.o [1]
_interrupt_21           0x01427c         Code  Gb  stm8l15x_it.o [1]
_interrupt_22           0x01427d         Code  Gb  stm8l15x_it.o [1]
_interrupt_23           0x01427e         Code  Gb  stm8l15x_it.o [1]
_interrupt_24           0x01427f         Code  Gb  stm8l15x_it.o [1]
_interrupt_25           0x014280         Code  Gb  stm8l15x_it.o [1]
_interrupt_26           0x014281         Code  Gb  stm8l15x_it.o [1]
_interrupt_27           0x014282         Code  Gb  stm8l15x_it.o [1]
_interrupt_28           0x014283         Code  Gb  stm8l15x_it.o [1]
_interrupt_29           0x014284         Code  Gb  stm8l15x_it.o [1]
_interrupt_3            0x014273         Code  Gb  stm8l15x_it.o [1]
_interrupt_30           0x014285         Code  Gb  stm8l15x_it.o [1]
_interrupt_31           0x014286         Code  Gb  stm8l15x_it.o [1]
_interrupt_4            0x014274         Code  Gb  stm8l15x_it.o [1]
_interrupt_5            0x014275         Code  Gb  stm8l15x_it.o [1]
_interrupt_6            0x0131b4         Code  Gb  stm8l15x_it.o [1]
_interrupt_7            0x014276         Code  Gb  stm8l15x_it.o [1]
_interrupt_8            0x014277         Code  Gb  stm8l15x_it.o [1]
_interrupt_9            0x014278         Code  Gb  stm8l15x_it.o [1]
aBlock                  0x000027   0x10  Data  Lc  LoRaMacCrypto.o [1]
aes_encrypt             0x01195f   0x71  Code  Gb  aes.o [1]
aes_set_key             0x00db93  0x14b  Code  Gb  aes.o [1]
ceil                    0x01258e   0x46  Code  Gb  ceil.o [5]
copy_and_key            0x010100   0xff  Code  Lc  aes.o [1]
copy_block              0x010e9f   0xa5  Code  Lc  aes.o [1]
div                     0x012a71   0x34  Code  Gb  div.o [5]
exit                    0x01424c    0x4  Code  Gb  exit.o [5]
floor                   0x0125d4   0x46  Code  Gb  floor.o [5]
gPaOptSetting           0x0009f9    0x1  Data  Gb  sx1262-board.o [1]
gfm2_sbox               0x008180  0x100  Data  Lc  aes.o [1]
gfm3_sbox               0x008280  0x100  Data  Lc  aes.o [1]
internal_Pow            0x00b851  0x358  Code  Lc  pow.o [5]
main                    0x00c525  0x21e  Code  Gb  main.o [1]
memcpy                  0x0131d4   0x20  Code  Gb  memcpy.o [5]
memcpy1                 0x0135d5   0x1a  Code  Gb  utilities.o [1]
memcpyr                 0x012f9d   0x27  Code  Gb  utilities.o [1]
memset                  0x01377b   0x16  Code  Gb  memset.o [5]
memset1                 0x013928   0x13  Code  Gb  utilities.o [1]
misoIndex               0x0009d0    0x2  Data  Gb  spi-board.o [1]
mix_sub_columns         0x00c0a7  0x24a  Code  Lc  aes.o [1]
mosiIndex               0x0009ce    0x2  Data  Gb  spi-board.o [1]
next                    0x0000d3    0x4  Data  Lc  utilities.o [1]
nssIndex                0x0009d4    0x2  Data  Gb  spi-board.o [1]
pad                     0x01275b   0x3d  Code  Lc  xprintffull.o [5]
pow                     0x00bbc0    0x5  Code  Gb  pow.o [5]
printf                  0x0130e7   0x24  Code  Gb  printf.o [5]
putchar                 0x013033   0x24  Code  Gb  board.o [1]
randr                   0x012209   0x4f  Code  Gb  utilities.o [1]
round                   0x013150   0x22  Code  Lc  rtc-board.o [3]
sBlock                  0x000874   0x10  Data  Lc  LoRaMacCrypto.o [1]
sbox                    0x008080  0x100  Data  Lc  aes.o [1]
scale                   0x01211a   0x51  Code  Lc  xprintffull.o [5]
sclkIndex               0x0009d2    0x2  Data  Gb  spi-board.o [1]
shift_sub_rows          0x010f44   0xa5  Code  Lc  aes.o [1]
spi_port                0x0009cc    0x2  Data  Gb  spi-board.o [1]
srand1                  0x01419c    0x7  Code  Gb  utilities.o [1]
strlen                  0x013c52    0xd  Code  Gb  strlen.o [5]
xor_block               0x01071e   0xcb  Code  Lc  aes.o [1]


[1] = D:\lora_asr6505_pingpong\RenYu_ASR6505\Projects\ClassA\EWSTM8\Debug\Obj
[2] = command line
[3] = asrlib.a
[4] = dbgstm8mmd.a
[5] = dlstm8mmn.a

  41 812 bytes of readonly  code memory
   1 862 bytes of readonly  data memory
   2 820 bytes of readwrite data memory

Errors: none
Warnings: none
